Archive member included to satisfy reference by file (symbol)

/home/nick/STM32CubeIDE/VisiTune_ws/VisiTune/Drivers/CMSIS/CMSIS-DSP/libarm_cortexM4lf_math.a(arm_rfft_fast_init_f32.o)
                              ./Core/Src/main.o (arm_rfft_fast_init_f32)
/home/nick/STM32CubeIDE/VisiTune_ws/VisiTune/Drivers/CMSIS/CMSIS-DSP/libarm_cortexM4lf_math.a(arm_rfft_fast_f32.o)
                              ./Core/Src/main.o (arm_rfft_fast_f32)
/home/nick/STM32CubeIDE/VisiTune_ws/VisiTune/Drivers/CMSIS/CMSIS-DSP/libarm_cortexM4lf_math.a(arm_cfft_f32.o)
                              /home/nick/STM32CubeIDE/VisiTune_ws/VisiTune/Drivers/CMSIS/CMSIS-DSP/libarm_cortexM4lf_math.a(arm_rfft_fast_f32.o) (arm_cfft_f32)
/home/nick/STM32CubeIDE/VisiTune_ws/VisiTune/Drivers/CMSIS/CMSIS-DSP/libarm_cortexM4lf_math.a(arm_bitreversal2.o)
                              /home/nick/STM32CubeIDE/VisiTune_ws/VisiTune/Drivers/CMSIS/CMSIS-DSP/libarm_cortexM4lf_math.a(arm_cfft_f32.o) (arm_bitreversal_32)
/home/nick/STM32CubeIDE/VisiTune_ws/VisiTune/Drivers/CMSIS/CMSIS-DSP/libarm_cortexM4lf_math.a(arm_biquad_cascade_df1_init_f32.o)
                              ./Core/Src/main.o (arm_biquad_cascade_df1_init_f32)
/home/nick/STM32CubeIDE/VisiTune_ws/VisiTune/Drivers/CMSIS/CMSIS-DSP/libarm_cortexM4lf_math.a(arm_biquad_cascade_df1_f32.o)
                              ./Core/Src/main.o (arm_biquad_cascade_df1_f32)
/home/nick/STM32CubeIDE/VisiTune_ws/VisiTune/Drivers/CMSIS/CMSIS-DSP/libarm_cortexM4lf_math.a(arm_cos_f32.o)
                              ./Core/Src/main.o (arm_cos_f32)
/home/nick/STM32CubeIDE/VisiTune_ws/VisiTune/Drivers/CMSIS/CMSIS-DSP/libarm_cortexM4lf_math.a(arm_common_tables.o)
                              /home/nick/STM32CubeIDE/VisiTune_ws/VisiTune/Drivers/CMSIS/CMSIS-DSP/libarm_cortexM4lf_math.a(arm_cos_f32.o) (sinTable_f32)
/home/nick/STM32CubeIDE/VisiTune_ws/VisiTune/Drivers/CMSIS/CMSIS-DSP/libarm_cortexM4lf_math.a(arm_cfft_radix8_f32.o)
                              /home/nick/STM32CubeIDE/VisiTune_ws/VisiTune/Drivers/CMSIS/CMSIS-DSP/libarm_cortexM4lf_math.a(arm_cfft_f32.o) (arm_radix8_butterfly_f32)
/home/nick/st/stm32cubeide_1.19.0/plugins/com.st.stm32cube.ide.mcu.externaltools.gnu-tools-for-stm32.13.3.rel1.linux64_1.0.0.202410170706/tools/bin/../lib/gcc/arm-none-eabi/13.3.1/../../../../arm-none-eabi/lib/thumb/v7e-m+fp/hard/libc_nano.a(libc_a-exit.o)
                              /home/nick/st/stm32cubeide_1.19.0/plugins/com.st.stm32cube.ide.mcu.externaltools.gnu-tools-for-stm32.13.3.rel1.linux64_1.0.0.202410170706/tools/bin/../lib/gcc/arm-none-eabi/13.3.1/../../../../arm-none-eabi/lib/thumb/v7e-m+fp/hard/crt0.o (exit)
/home/nick/st/stm32cubeide_1.19.0/plugins/com.st.stm32cube.ide.mcu.externaltools.gnu-tools-for-stm32.13.3.rel1.linux64_1.0.0.202410170706/tools/bin/../lib/gcc/arm-none-eabi/13.3.1/../../../../arm-none-eabi/lib/thumb/v7e-m+fp/hard/libc_nano.a(libc_a-findfp.o)
                              /home/nick/st/stm32cubeide_1.19.0/plugins/com.st.stm32cube.ide.mcu.externaltools.gnu-tools-for-stm32.13.3.rel1.linux64_1.0.0.202410170706/tools/bin/../lib/gcc/arm-none-eabi/13.3.1/../../../../arm-none-eabi/lib/thumb/v7e-m+fp/hard/libc_nano.a(libc_a-exit.o) (__stdio_exit_handler)
/home/nick/st/stm32cubeide_1.19.0/plugins/com.st.stm32cube.ide.mcu.externaltools.gnu-tools-for-stm32.13.3.rel1.linux64_1.0.0.202410170706/tools/bin/../lib/gcc/arm-none-eabi/13.3.1/../../../../arm-none-eabi/lib/thumb/v7e-m+fp/hard/libc_nano.a(libc_a-fwalk.o)
                              /home/nick/st/stm32cubeide_1.19.0/plugins/com.st.stm32cube.ide.mcu.externaltools.gnu-tools-for-stm32.13.3.rel1.linux64_1.0.0.202410170706/tools/bin/../lib/gcc/arm-none-eabi/13.3.1/../../../../arm-none-eabi/lib/thumb/v7e-m+fp/hard/libc_nano.a(libc_a-findfp.o) (_fwalk_sglue)
/home/nick/st/stm32cubeide_1.19.0/plugins/com.st.stm32cube.ide.mcu.externaltools.gnu-tools-for-stm32.13.3.rel1.linux64_1.0.0.202410170706/tools/bin/../lib/gcc/arm-none-eabi/13.3.1/../../../../arm-none-eabi/lib/thumb/v7e-m+fp/hard/libc_nano.a(libc_a-stdio.o)
                              /home/nick/st/stm32cubeide_1.19.0/plugins/com.st.stm32cube.ide.mcu.externaltools.gnu-tools-for-stm32.13.3.rel1.linux64_1.0.0.202410170706/tools/bin/../lib/gcc/arm-none-eabi/13.3.1/../../../../arm-none-eabi/lib/thumb/v7e-m+fp/hard/libc_nano.a(libc_a-findfp.o) (__sread)
/home/nick/st/stm32cubeide_1.19.0/plugins/com.st.stm32cube.ide.mcu.externaltools.gnu-tools-for-stm32.13.3.rel1.linux64_1.0.0.202410170706/tools/bin/../lib/gcc/arm-none-eabi/13.3.1/../../../../arm-none-eabi/lib/thumb/v7e-m+fp/hard/libc_nano.a(libc_a-memset.o)
                              /home/nick/st/stm32cubeide_1.19.0/plugins/com.st.stm32cube.ide.mcu.externaltools.gnu-tools-for-stm32.13.3.rel1.linux64_1.0.0.202410170706/tools/bin/../lib/gcc/arm-none-eabi/13.3.1/../../../../arm-none-eabi/lib/thumb/v7e-m+fp/hard/crt0.o (memset)
[...]
Memory Configuration

Name             Origin             Length             Attributes
RAM              0x20000000         0x00030000         xrw
RAM2             0x10000000         0x00010000         xrw
RAM3             0x20040000         0x00060000         xrw
FLASH            0x08000000         0x00200000         xr
*default*        0x00000000         0xffffffff

Linker script and memory map

LOAD /home/nick/st/stm32cubeide_1.19.0/plugins/com.st.stm32cube.ide.mcu.externaltools.gnu-tools-for-stm32.13.3.rel1.linux64_1.0.0.202410170706/tools/bin/../lib/gcc/arm-none-eabi/13.3.1/thumb/v7e-m+fp/hard/crti.o
LOAD /home/nick/st/stm32cubeide_1.19.0/plugins/com.st.stm32cube.ide.mcu.externaltools.gnu-tools-for-stm32.13.3.rel1.linux64_1.0.0.202410170706/tools/bin/../lib/gcc/arm-none-eabi/13.3.1/thumb/v7e-m+fp/hard/crtbegin.o
LOAD /home/nick/st/stm32cubeide_1.19.0/plugins/com.st.stm32cube.ide.mcu.externaltools.gnu-tools-for-stm32.13.3.rel1.linux64_1.0.0.202410170706/tools/bin/../lib/gcc/arm-none-eabi/13.3.1/../../../../arm-none-eabi/lib/thumb/v7e-m+fp/hard/crt0.o
LOAD ./Core/Src/main.o
LOAD ./Core/Src/packets.o
LOAD ./Core/Src/sd_card.o
LOAD ./Core/Src/stm32l4xx_hal_msp.o
LOAD ./Core/Src/stm32l4xx_it.o
LOAD ./Core/Src/syscalls.o
LOAD ./Core/Src/sysmem.o
LOAD ./Core/Src/system_stm32l4xx.o
LOAD ./Core/Src/tft.o
LOAD ./Core/Startup/startup_stm32l4r5zitxp.o
LOAD ./Drivers/STM32L4xx_HAL_Driver/Src/stm32l4xx_hal.o
LOAD ./Drivers/STM32L4xx_HAL_Driver/Src/stm32l4xx_hal_adc.o
LOAD ./Drivers/STM32L4xx_HAL_Driver/Src/stm32l4xx_hal_adc_ex.o
LOAD ./Drivers/STM32L4xx_HAL_Driver/Src/stm32l4xx_hal_cortex.o
LOAD ./Drivers/STM32L4xx_HAL_Driver/Src/stm32l4xx_hal_dac.o
LOAD ./Drivers/STM32L4xx_HAL_Driver/Src/stm32l4xx_hal_dac_ex.o
LOAD ./Drivers/STM32L4xx_HAL_Driver/Src/stm32l4xx_hal_dma.o
LOAD ./Drivers/STM32L4xx_HAL_Driver/Src/stm32l4xx_hal_dma_ex.o
LOAD ./Drivers/STM32L4xx_HAL_Driver/Src/stm32l4xx_hal_exti.o
LOAD ./Drivers/STM32L4xx_HAL_Driver/Src/stm32l4xx_hal_flash.o
LOAD ./Drivers/STM32L4xx_HAL_Driver/Src/stm32l4xx_hal_flash_ex.o
LOAD ./Drivers/STM32L4xx_HAL_Driver/Src/stm32l4xx_hal_flash_ramfunc.o
LOAD ./Drivers/STM32L4xx_HAL_Driver/Src/stm32l4xx_hal_gpio.o
LOAD ./Drivers/STM32L4xx_HAL_Driver/Src/stm32l4xx_hal_i2c.o
LOAD ./Drivers/STM32L4xx_HAL_Driver/Src/stm32l4xx_hal_i2c_ex.o
LOAD ./Drivers/STM32L4xx_HAL_Driver/Src/stm32l4xx_hal_pwr.o
LOAD ./Drivers/STM32L4xx_HAL_Driver/Src/stm32l4xx_hal_pwr_ex.o
LOAD ./Drivers/STM32L4xx_HAL_Driver/Src/stm32l4xx_hal_rcc.o
LOAD ./Drivers/STM32L4xx_HAL_Driver/Src/stm32l4xx_hal_rcc_ex.o
LOAD ./Drivers/STM32L4xx_HAL_Driver/Src/stm32l4xx_hal_spi.o
LOAD ./Drivers/STM32L4xx_HAL_Driver/Src/stm32l4xx_hal_spi_ex.o
LOAD ./Drivers/STM32L4xx_HAL_Driver/Src/stm32l4xx_hal_tim.o
LOAD ./Drivers/STM32L4xx_HAL_Driver/Src/stm32l4xx_hal_tim_ex.o
LOAD ./Drivers/STM32L4xx_HAL_Driver/Src/stm32l4xx_hal_uart.o
LOAD ./Drivers/STM32L4xx_HAL_Driver/Src/stm32l4xx_hal_uart_ex.o
LOAD ./FATFS/App/fatfs.o
LOAD ./FATFS/Target/user_diskio.o
LOAD ./FATFS/Target/user_diskio_spi.o
LOAD ./Middlewares/Third_Party/FatFs/src/diskio.o
LOAD ./Middlewares/Third_Party/FatFs/src/ff.o
LOAD ./Middlewares/Third_Party/FatFs/src/ff_gen_drv.o
LOAD ./Middlewares/Third_Party/FatFs/src/option/syscall.o
LOAD /home/nick/STM32CubeIDE/VisiTune_ws/VisiTune/Drivers/CMSIS/CMSIS-DSP/libarm_cortexM4lf_math.a
START GROUP
LOAD /home/nick/st/stm32cubeide_1.19.0/plugins/com.st.stm32cube.ide.mcu.externaltools.gnu-tools-for-stm32.13.3.rel1.linux64_1.0.0.202410170706/tools/bin/../lib/gcc/arm-none-eabi/13.3.1/../../../../arm-none-eabi/lib/thumb/v7e-m+fp/hard/libc_nano.a
LOAD /home/nick/st/stm32cubeide_1.19.0/plugins/com.st.stm32cube.ide.mcu.externaltools.gnu-tools-for-stm32.13.3.rel1.linux64_1.0.0.202410170706/tools/bin/../lib/gcc/arm-none-eabi/13.3.1/../../../../arm-none-eabi/lib/thumb/v7e-m+fp/hard/libm.a
END GROUP
START GROUP
LOAD /home/nick/st/stm32cubeide_1.19.0/plugins/com.st.stm32cube.ide.mcu.externaltools.gnu-tools-for-stm32.13.3.rel1.linux64_1.0.0.202410170706/tools/bin/../lib/gcc/arm-none-eabi/13.3.1/thumb/v7e-m+fp/hard/libgcc.a
LOAD /home/nick/st/stm32cubeide_1.19.0/plugins/com.st.stm32cube.ide.mcu.externaltools.gnu-tools-for-stm32.13.3.rel1.linux64_1.0.0.202410170706/tools/bin/../lib/gcc/arm-none-eabi/13.3.1/../../../../arm-none-eabi/lib/thumb/v7e-m+fp/hard/libc_nano.a
END GROUP
START GROUP
LOAD /home/nick/st/stm32cubeide_1.19.0/plugins/com.st.stm32cube.ide.mcu.externaltools.gnu-tools-for-stm32.13.3.rel1.linux64_1.0.0.202410170706/tools/bin/../lib/gcc/arm-none-eabi/13.3.1/thumb/v7e-m+fp/hard/libgcc.a
LOAD /home/nick/st/stm32cubeide_1.19.0/plugins/com.st.stm32cube.ide.mcu.externaltools.gnu-tools-for-stm32.13.3.rel1.linux64_1.0.0.202410170706/tools/bin/../lib/gcc/arm-none-eabi/13.3.1/../../../../arm-none-eabi/lib/thumb/v7e-m+fp/hard/libc_nano.a
LOAD /home/nick/st/stm32cubeide_1.19.0/plugins/com.st.stm32cube.ide.mcu.externaltools.gnu-tools-for-stm32.13.3.rel1.linux64_1.0.0.202410170706/tools/bin/../lib/gcc/arm-none-eabi/13.3.1/../../../../arm-none-eabi/lib/thumb/v7e-m+fp/hard/libnosys.a
END GROUP
START GROUP
LOAD /home/nick/st/stm32cubeide_1.19.0/plugins/com.st.stm32cube.ide.mcu.externaltools.gnu-tools-for-stm32.13.3.rel1.linux64_1.0.0.202410170706/tools/bin/../lib/gcc/arm-none-eabi/13.3.1/thumb/v7e-m+fp/hard/libgcc.a
LOAD /home/nick/st/stm32cubeide_1.19.0/plugins/com.st.stm32cube.ide.mcu.externaltools.gnu-tools-for-stm32.13.3.rel1.linux64_1.0.0.202410170706/tools/bin/../lib/gcc/arm-none-eabi/13.3.1/../../../../arm-none-eabi/lib/thumb/v7e-m+fp/hard/libc_nano.a
LOAD /home/nick/st/stm32cubeide_1.19.0/plugins/com.st.stm32cube.ide.mcu.externaltools.gnu-tools-for-stm32.13.3.rel1.linux64_1.0.0.202410170706/tools/bin/../lib/gcc/arm-none-eabi/13.3.1/../../../../arm-none-eabi/lib/thumb/v7e-m+fp/hard/libnosys.a
END GROUP
LOAD /home/nick/st/stm32cubeide_1.19.0/plugins/com.st.stm32cube.ide.mcu.externaltools.gnu-tools-for-stm32.13.3.rel1.linux64_1.0.0.202410170706/tools/bin/../lib/gcc/arm-none-eabi/13.3.1/thumb/v7e-m+fp/hard/crtend.o
LOAD /home/nick/st/stm32cubeide_1.19.0/plugins/com.st.stm32cube.ide.mcu.externaltools.gnu-tools-for-stm32.13.3.rel1.linux64_1.0.0.202410170706/tools/bin/../lib/gcc/arm-none-eabi/13.3.1/thumb/v7e-m+fp/hard/crtn.o
                0x200a0000                        _estack = (ORIGIN (RAM3) + LENGTH (RAM3))
                0x00000200                        _Min_Heap_Size = 0x200
                0x00000400                        _Min_Stack_Size = 0x400

.isr_vector     0x08000000      0x1bc
                0x08000000                        . = ALIGN (0x4)
 *(.isr_vector)
 .isr_vector    0x08000000      0x1bc ./Core/Startup/startup_stm32l4r5zitxp.o
                0x08000000                g_pfnVectors
                0x080001bc                        . = ALIGN (0x4)

.text           0x080001c0     0xd300
                0x080001c0                        . = ALIGN (0x4)
 *(.text)
 .text          0x080001c0       0x40 /home/nick/st/stm32cubeide_1.19.0/plugins/com.st.stm32cube.ide.mcu.externaltools.gnu-tools-for-stm32.13.3.rel1.linux64_1.0.0.202410170706/tools/bin/../lib/gcc/arm-none-eabi/13.3.1/thumb/v7e-m+fp/hard/crtbegin.o
 .text          0x08000200      0x378 /home/nick/st/stm32cubeide_1.19.0/plugins/com.st.stm32cube.ide.mcu.externaltools.gnu-tools-for-stm32.13.3.rel1.linux64_1.0.0.202410170706/tools/bin/../lib/gcc/arm-none-eabi/13.3.1/thumb/v7e-m+fp/hard/libgcc.a(_arm_addsubdf3.o)
                0x08000200                __aeabi_drsub
                0x08000208                __aeabi_dsub
                0x08000208                __subdf3
                0x0800020c                __adddf3
                0x0800020c                __aeabi_dadd
                0x08000484                __aeabi_ui2d
                0x08000484                __floatunsidf
                0x080004a4                __floatsidf
                0x080004a4                __aeabi_i2d
                0x080004c8                __extendsfdf2
                0x080004c8                __aeabi_f2d
                0x0800050c                __aeabi_ul2d
                0x0800050c                __floatundidf
                0x0800051c                __floatdidf
                0x0800051c                __aeabi_l2d
 .text          0x08000578      0x424 /home/nick/st/stm32cubeide_1.19.0/plugins/com.st.stm32cube.ide.mcu.externaltools.gnu-tools-for-stm32.13.3.rel1.linux64_1.0.0.202410170706/tools/bin/../lib/gcc/arm-none-eabi/13.3.1/thumb/v7e-m+fp/hard/libgcc.a(_arm_muldivdf3.o)
                0x08000578                __aeabi_dmul
                0x08000578                __muldf3
                0x080007cc                __aeabi_ddiv
                0x080007cc                __divdf3
 .text          0x0800099c       0xa0 /home/nick/st/stm32cubeide_1.19.0/plugins/com.st.stm32cube.ide.mcu.externaltools.gnu-tools-for-stm32.13.3.rel1.linux64_1.0.0.202410170706/tools/bin/../lib/gcc/arm-none-eabi/13.3.1/thumb/v7e-m+fp/hard/libgcc.a(_arm_truncdfsf2.o)
                0x0800099c                __aeabi_d2f
                0x0800099c                __truncdfsf2
 .text          0x08000a3c       0x30 /home/nick/st/stm32cubeide_1.19.0/plugins/com.st.stm32cube.ide.mcu.externaltools.gnu-tools-for-stm32.13.3.rel1.linux64_1.0.0.202410170706/tools/bin/../lib/gcc/arm-none-eabi/13.3.1/thumb/v7e-m+fp/hard/libgcc.a(_aeabi_uldivmod.o)
                0x08000a3c                __aeabi_uldivmod
 .text          0x08000a6c      0x2f8 /home/nick/st/stm32cubeide_1.19.0/plugins/com.st.stm32cube.ide.mcu.externaltools.gnu-tools-for-stm32.13.3.rel1.linux64_1.0.0.202410170706/tools/bin/../lib/gcc/arm-none-eabi/13.3.1/thumb/v7e-m+fp/hard/libgcc.a(_udivmoddi4.o)
                0x08000a6c                __udivmoddi4
 .text          0x08000d64        0x4 /home/nick/st/stm32cubeide_1.19.0/plugins/com.st.stm32cube.ide.mcu.externaltools.gnu-tools-for-stm32.13.3.rel1.linux64_1.0.0.202410170706/tools/bin/../lib/gcc/arm-none-eabi/13.3.1/thumb/v7e-m+fp/hard/libgcc.a(_dvmd_tls.o)
                0x08000d64                __aeabi_ldiv0
                0x08000d64                __aeabi_idiv0
 *(.text*)
 .text.EQ_setGains
                0x08000d68      0x1ac ./Core/Src/main.o
                0x08000d68                EQ_setGains
 *fill*         0x08000f14        0x4 
 .text.biquad_low_shelf
                0x08000f18      0x2c8 ./Core/Src/main.o
 .text.biquad_peak
                0x080011e0      0x18c ./Core/Src/main.o
 *fill*         0x0800136c        0x4 
 .text.biquad_high_shelf
                0x08001370      0x2c8 ./Core/Src/main.o
 .text.bpf_constant0dB
                0x08001638      0x178 ./Core/Src/main.o
                0x08001638                bpf_constant0dB
 .text.processEQ
                0x080017b0       0xe8 ./Core/Src/main.o
                0x080017b0                processEQ
 .text.mapSliderToDB
                0x08001898       0x40 ./Core/Src/main.o
                0x08001898                mapSliderToDB
 .text.mapKnobtoFreq
                0x080018d8       0x90 ./Core/Src/main.o
                0x080018d8                mapKnobtoFreq
 .text.main     0x08001968      0x6f4 ./Core/Src/main.o
                0x08001968                main
 .text.SystemClock_Config
                0x0800205c       0xa0 ./Core/Src/main.o
                0x0800205c                SystemClock_Config
 .text.MX_ADC1_Init
                0x080020fc      0x128 ./Core/Src/main.o
 .text.MX_DAC1_Init
                0x08002224       0x68 ./Core/Src/main.o
 .text.MX_LPUART1_UART_Init
                0x0800228c       0x9c ./Core/Src/main.o
 .text.MX_SPI1_Init
                0x08002328       0x7c ./Core/Src/main.o
 .text.MX_SPI2_Init
                0x080023a4       0x7c ./Core/Src/main.o
 .text.MX_TIM1_Init
                0x08002420       0xa4 ./Core/Src/main.o
 .text.MX_TIM2_Init
                0x080024c4       0x9c ./Core/Src/main.o
 .text.MX_DMA_Init
                0x08002560       0x84 ./Core/Src/main.o
 .text.MX_GPIO_Init
                0x080025e4      0x458 ./Core/Src/main.o
 .text.ADC_ReadAll_Polling
                0x08002a3c       0xb4 ./Core/Src/main.o
 .text.read_keypad
                0x08002af0      0x16c ./Core/Src/main.o
 .text.MIDI_Check
                0x08002c5c      0x15c ./Core/Src/main.o
 .text.protocol_soft_reset
                0x08002db8       0x84 ./Core/Src/main.o
 .text.HAL_GPIO_EXTI_Callback
                0x08002e3c       0x70 ./Core/Src/main.o
                0x08002e3c                HAL_GPIO_EXTI_Callback
 .text.uart_start_header_rx
                0x08002eac       0x24 ./Core/Src/main.o
 .text.HAL_UART_RxCpltCallback
                0x08002ed0      0x274 ./Core/Src/main.o
                0x08002ed0                HAL_UART_RxCpltCallback
 .text.HAL_DAC_ConvHalfCpltCallbackCh1
                0x08003144       0x50 ./Core/Src/main.o
                0x08003144                HAL_DAC_ConvHalfCpltCallbackCh1
 .text.HAL_DAC_ConvCpltCallbackCh1
                0x08003194       0x50 ./Core/Src/main.o
                0x08003194                HAL_DAC_ConvCpltCallbackCh1
 .text.HAL_UART_ErrorCallback
                0x080031e4       0x24 ./Core/Src/main.o
                0x080031e4                HAL_UART_ErrorCallback
 .text.Error_Handler
                0x08003208        0xc ./Core/Src/main.o
                0x08003208                Error_Handler
 .text.crc16_ccitt
                0x08003214       0xd6 ./Core/Src/packets.o
                0x08003214                crc16_ccitt
 .text.parse_and_apply_image_packet
                0x080032ea       0xbc ./Core/Src/packets.o
                0x080032ea                parse_and_apply_image_packet
 *fill*         0x080033a6        0x2 
 .text.HAL_MspInit
                0x080033a8       0x48 ./Core/Src/stm32l4xx_hal_msp.o
                0x080033a8                HAL_MspInit
 .text.HAL_ADC_MspInit
                0x080033f0      0x1b4 ./Core/Src/stm32l4xx_hal_msp.o
                0x080033f0                HAL_ADC_MspInit
 .text.HAL_DAC_MspInit
                0x080035a4       0xdc ./Core/Src/stm32l4xx_hal_msp.o
                0x080035a4                HAL_DAC_MspInit
 .text.HAL_UART_MspInit
                0x08003680      0x12c ./Core/Src/stm32l4xx_hal_msp.o
                0x08003680                HAL_UART_MspInit
 .text.HAL_SPI_MspInit
                0x080037ac      0x180 ./Core/Src/stm32l4xx_hal_msp.o
                0x080037ac                HAL_SPI_MspInit
 .text.HAL_TIM_Base_MspInit
                0x0800392c       0xd0 ./Core/Src/stm32l4xx_hal_msp.o
                0x0800392c                HAL_TIM_Base_MspInit
 .text.NMI_Handler
                0x080039fc        0x8 ./Core/Src/stm32l4xx_it.o
                0x080039fc                NMI_Handler
 .text.HardFault_Handler
                0x08003a04        0x8 ./Core/Src/stm32l4xx_it.o
                0x08003a04                HardFault_Handler
 .text.MemManage_Handler
                0x08003a0c        0x8 ./Core/Src/stm32l4xx_it.o
                0x08003a0c                MemManage_Handler
 .text.BusFault_Handler
                0x08003a14        0x8 ./Core/Src/stm32l4xx_it.o
                0x08003a14                BusFault_Handler
 .text.UsageFault_Handler
                0x08003a1c        0x8 ./Core/Src/stm32l4xx_it.o
                0x08003a1c                UsageFault_Handler
 .text.SVC_Handler
                0x08003a24        0xe ./Core/Src/stm32l4xx_it.o
                0x08003a24                SVC_Handler
 .text.DebugMon_Handler
                0x08003a32        0xe ./Core/Src/stm32l4xx_it.o
                0x08003a32                DebugMon_Handler
 .text.PendSV_Handler
                0x08003a40        0xe ./Core/Src/stm32l4xx_it.o
                0x08003a40                PendSV_Handler
 .text.SysTick_Handler
                0x08003a4e        0xc ./Core/Src/stm32l4xx_it.o
                0x08003a4e                SysTick_Handler
 .text.EXTI0_IRQHandler
                0x08003a5a        0xe ./Core/Src/stm32l4xx_it.o
                0x08003a5a                EXTI0_IRQHandler
 .text.EXTI1_IRQHandler
                0x08003a68        0xe ./Core/Src/stm32l4xx_it.o
                0x08003a68                EXTI1_IRQHandler
 *fill*         0x08003a76        0x2 
 .text.DMA1_Channel1_IRQHandler
                0x08003a78       0x14 ./Core/Src/stm32l4xx_it.o
                0x08003a78                DMA1_Channel1_IRQHandler
 .text.DMA1_Channel2_IRQHandler
                0x08003a8c       0x14 ./Core/Src/stm32l4xx_it.o
                0x08003a8c                DMA1_Channel2_IRQHandler
 .text.DMA1_Channel3_IRQHandler
                0x08003aa0       0x14 ./Core/Src/stm32l4xx_it.o
                0x08003aa0                DMA1_Channel3_IRQHandler
 .text.DMA1_Channel4_IRQHandler
                0x08003ab4       0x14 ./Core/Src/stm32l4xx_it.o
                0x08003ab4                DMA1_Channel4_IRQHandler
 .text.ADC1_IRQHandler
                0x08003ac8       0x14 ./Core/Src/stm32l4xx_it.o
                0x08003ac8                ADC1_IRQHandler
 .text.EXTI15_10_IRQHandler
                0x08003adc       0x10 ./Core/Src/stm32l4xx_it.o
                0x08003adc                EXTI15_10_IRQHandler
 .text.LPUART1_IRQHandler
                0x08003aec       0x14 ./Core/Src/stm32l4xx_it.o
                0x08003aec                LPUART1_IRQHandler
 .text.SystemInit
                0x08003b00       0x24 ./Core/Src/system_stm32l4xx.o
                0x08003b00                SystemInit
 .text.tft_select
                0x08003b24       0x18 ./Core/Src/tft.o
 .text.tft_deselect
                0x08003b3c       0x18 ./Core/Src/tft.o
 .text.tft_dc_cmd
                0x08003b54       0x18 ./Core/Src/tft.o
 .text.tft_dc_data
                0x08003b6c       0x18 ./Core/Src/tft.o
 .text.tft_hw_reset
                0x08003b84       0x2c ./Core/Src/tft.o
 .text.tft_write_cmd
                0x08003bb0       0x30 ./Core/Src/tft.o
 .text.tft_write_data
                0x08003be0       0x34 ./Core/Src/tft.o
 .text.tft_write_data8
                0x08003c14       0x1c ./Core/Src/tft.o
 .text.tft_set_rotation
                0x08003c30       0x64 ./Core/Src/tft.o
                0x08003c30                tft_set_rotation
 .text.tft_set_addr_window
                0x08003c94       0x8a ./Core/Src/tft.o
                0x08003c94                tft_set_addr_window
 .text.tft_init
                0x08003d1e       0x36 ./Core/Src/tft.o
                0x08003d1e                tft_init
 .text.tft_fill_rect
                0x08003d54      0x18c ./Core/Src/tft.o
                0x08003d54                tft_fill_rect
 .text.tft_blit565
                0x08003ee0      0x160 ./Core/Src/tft.o
                0x08003ee0                tft_blit565
 .text.Reset_Handler
                0x08004040       0x50 ./Core/Startup/startup_stm32l4r5zitxp.o
                0x08004040                Reset_Handler
 .text.Default_Handler
                0x08004090        0x2 ./Core/Startup/startup_stm32l4r5zitxp.o
                0x08004090                RTC_Alarm_IRQHandler
                0x08004090                EXTI2_IRQHandler
                0x08004090                TIM8_TRG_COM_IRQHandler
                0x08004090                TIM8_CC_IRQHandler
                0x08004090                TIM1_CC_IRQHandler
                0x08004090                TSC_IRQHandler
                0x08004090                TAMP_STAMP_IRQHandler
                0x08004090                EXTI3_IRQHandler
                0x08004090                LPTIM2_IRQHandler
                0x08004090                DFSDM1_FLT1_IRQHandler
                0x08004090                GFXMMU_IRQHandler
                0x08004090                I2C3_ER_IRQHandler
                0x08004090                DFSDM1_FLT2_IRQHandler
                0x08004090                I2C2_EV_IRQHandler
                0x08004090                CAN1_RX0_IRQHandler
                0x08004090                FPU_IRQHandler
                0x08004090                TIM1_UP_TIM16_IRQHandler
                0x08004090                LTDC_ER_IRQHandler
                0x08004090                SPI1_IRQHandler
                0x08004090                OCTOSPI1_IRQHandler
                0x08004090                TIM6_DAC_IRQHandler
                0x08004090                DCMI_IRQHandler
                0x08004090                TIM8_UP_IRQHandler
                0x08004090                OCTOSPI2_IRQHandler
                0x08004090                DMA2_Channel2_IRQHandler
                0x08004090                SAI2_IRQHandler
                0x08004090                DFSDM1_FLT3_IRQHandler
                0x08004090                USART3_IRQHandler
                0x08004090                DMA1_Channel7_IRQHandler
                0x08004090                CAN1_RX1_IRQHandler
                0x08004090                UART5_IRQHandler
                0x08004090                TIM4_IRQHandler
                0x08004090                DMA2_Channel1_IRQHandler
                0x08004090                I2C1_EV_IRQHandler
                0x08004090                DMAMUX1_OVR_IRQHandler
                0x08004090                DMA1_Channel6_IRQHandler
                0x08004090                UART4_IRQHandler
                0x08004090                DMA2_Channel4_IRQHandler
                0x08004090                TIM3_IRQHandler
                0x08004090                RCC_IRQHandler
                0x08004090                Default_Handler
                0x08004090                DMA2_Channel7_IRQHandler
                0x08004090                TIM7_IRQHandler
                0x08004090                SDMMC1_IRQHandler
                0x08004090                TIM5_IRQHandler
                0x08004090                I2C3_EV_IRQHandler
                0x08004090                EXTI9_5_IRQHandler
                0x08004090                RTC_WKUP_IRQHandler
                0x08004090                LTDC_IRQHandler
                0x08004090                PVD_PVM_IRQHandler
                0x08004090                SPI2_IRQHandler
                0x08004090                CAN1_TX_IRQHandler
                0x08004090                DMA2_Channel5_IRQHandler
                0x08004090                CRS_IRQHandler
                0x08004090                DMA1_Channel5_IRQHandler
                0x08004090                EXTI4_IRQHandler
                0x08004090                RNG_IRQHandler
                0x08004090                TIM1_TRG_COM_TIM17_IRQHandler
                0x08004090                COMP_IRQHandler
                0x08004090                WWDG_IRQHandler
                0x08004090                I2C4_EV_IRQHandler
                0x08004090                DMA2_Channel6_IRQHandler
                0x08004090                TIM2_IRQHandler
                0x08004090                DMA2D_IRQHandler
                0x08004090                USART2_IRQHandler
                0x08004090                DFSDM1_FLT0_IRQHandler
                0x08004090                I2C2_ER_IRQHandler
                0x08004090                TIM8_BRK_IRQHandler
                0x08004090                CAN1_SCE_IRQHandler
                0x08004090                FLASH_IRQHandler
                0x08004090                USART1_IRQHandler
                0x08004090                OTG_FS_IRQHandler
                0x08004090                SPI3_IRQHandler
                0x08004090                I2C1_ER_IRQHandler
                0x08004090                FMC_IRQHandler
                0x08004090                LPTIM1_IRQHandler
                0x08004090                I2C4_ER_IRQHandler
                0x08004090                SAI1_IRQHandler
                0x08004090                DMA2_Channel3_IRQHandler
                0x08004090                TIM1_BRK_TIM15_IRQHandler
 .text.HAL_Init
                0x08004092       0x30 ./Drivers/STM32L4xx_HAL_Driver/Src/stm32l4xx_hal.o
                0x08004092                HAL_Init
 *fill*         0x080040c2        0x2 
 .text.HAL_InitTick
                0x080040c4       0x78 ./Drivers/STM32L4xx_HAL_Driver/Src/stm32l4xx_hal.o
                0x080040c4                HAL_InitTick
 .text.HAL_IncTick
                0x0800413c       0x28 ./Drivers/STM32L4xx_HAL_Driver/Src/stm32l4xx_hal.o
                0x0800413c                HAL_IncTick
 .text.HAL_GetTick
                0x08004164       0x18 ./Drivers/STM32L4xx_HAL_Driver/Src/stm32l4xx_hal.o
                0x08004164                HAL_GetTick
 .text.HAL_Delay
                0x0800417c       0x48 ./Drivers/STM32L4xx_HAL_Driver/Src/stm32l4xx_hal.o
                0x0800417c                HAL_Delay
 .text.LL_ADC_SetCommonClock
                0x080041c4       0x26 ./Drivers/STM32L4xx_HAL_Driver/Src/stm32l4xx_hal_adc.o
 .text.LL_ADC_SetCommonPathInternalCh
                0x080041ea       0x26 ./Drivers/STM32L4xx_HAL_Driver/Src/stm32l4xx_hal_adc.o
 .text.LL_ADC_GetCommonPathInternalCh
                0x08004210       0x1c ./Drivers/STM32L4xx_HAL_Driver/Src/stm32l4xx_hal_adc.o
 .text.LL_ADC_SetOffset
                0x0800422c       0x48 ./Drivers/STM32L4xx_HAL_Driver/Src/stm32l4xx_hal_adc.o
 .text.LL_ADC_GetOffsetChannel
                0x08004274       0x2c ./Drivers/STM32L4xx_HAL_Driver/Src/stm32l4xx_hal_adc.o
 .text.LL_ADC_SetOffsetState
                0x080042a0       0x36 ./Drivers/STM32L4xx_HAL_Driver/Src/stm32l4xx_hal_adc.o
 .text.LL_ADC_SetSamplingTimeCommonConfig
                0x080042d6       0x26 ./Drivers/STM32L4xx_HAL_Driver/Src/stm32l4xx_hal_adc.o
 .text.LL_ADC_REG_IsTriggerSourceSWStart
                0x080042fc       0x26 ./Drivers/STM32L4xx_HAL_Driver/Src/stm32l4xx_hal_adc.o
 .text.LL_ADC_REG_SetSequencerRanks
                0x08004322       0x58 ./Drivers/STM32L4xx_HAL_Driver/Src/stm32l4xx_hal_adc.o
 .text.LL_ADC_INJ_IsTriggerSourceSWStart
                0x0800437a       0x26 ./Drivers/STM32L4xx_HAL_Driver/Src/stm32l4xx_hal_adc.o
 .text.LL_ADC_SetChannelSamplingTime
                0x080043a0       0x56 ./Drivers/STM32L4xx_HAL_Driver/Src/stm32l4xx_hal_adc.o
 *fill*         0x080043f6        0x2 
 .text.LL_ADC_SetChannelSingleDiff
                0x080043f8       0x48 ./Drivers/STM32L4xx_HAL_Driver/Src/stm32l4xx_hal_adc.o
 .text.LL_ADC_DisableDeepPowerDown
                0x08004440       0x24 ./Drivers/STM32L4xx_HAL_Driver/Src/stm32l4xx_hal_adc.o
 .text.LL_ADC_IsDeepPowerDownEnabled
                0x08004464       0x28 ./Drivers/STM32L4xx_HAL_Driver/Src/stm32l4xx_hal_adc.o
 .text.LL_ADC_EnableInternalRegulator
                0x0800448c       0x28 ./Drivers/STM32L4xx_HAL_Driver/Src/stm32l4xx_hal_adc.o
 .text.LL_ADC_IsInternalRegulatorEnabled
                0x080044b4       0x28 ./Drivers/STM32L4xx_HAL_Driver/Src/stm32l4xx_hal_adc.o
 .text.LL_ADC_Enable
                0x080044dc       0x28 ./Drivers/STM32L4xx_HAL_Driver/Src/stm32l4xx_hal_adc.o
 .text.LL_ADC_Disable
                0x08004504       0x28 ./Drivers/STM32L4xx_HAL_Driver/Src/stm32l4xx_hal_adc.o
 .text.LL_ADC_IsEnabled
                0x0800452c       0x26 ./Drivers/STM32L4xx_HAL_Driver/Src/stm32l4xx_hal_adc.o
 .text.LL_ADC_IsDisableOngoing
                0x08004552       0x26 ./Drivers/STM32L4xx_HAL_Driver/Src/stm32l4xx_hal_adc.o
 .text.LL_ADC_REG_StartConversion
                0x08004578       0x28 ./Drivers/STM32L4xx_HAL_Driver/Src/stm32l4xx_hal_adc.o
 .text.LL_ADC_REG_IsConversionOngoing
                0x080045a0       0x26 ./Drivers/STM32L4xx_HAL_Driver/Src/stm32l4xx_hal_adc.o
 .text.LL_ADC_INJ_IsConversionOngoing
                0x080045c6       0x26 ./Drivers/STM32L4xx_HAL_Driver/Src/stm32l4xx_hal_adc.o
 .text.HAL_ADC_Init
                0x080045ec      0x28c ./Drivers/STM32L4xx_HAL_Driver/Src/stm32l4xx_hal_adc.o
                0x080045ec                HAL_ADC_Init
 .text.HAL_ADC_Start
                0x08004878       0xc6 ./Drivers/STM32L4xx_HAL_Driver/Src/stm32l4xx_hal_adc.o
                0x08004878                HAL_ADC_Start
 .text.HAL_ADC_PollForConversion
                0x0800493e      0x11e ./Drivers/STM32L4xx_HAL_Driver/Src/stm32l4xx_hal_adc.o
                0x0800493e                HAL_ADC_PollForConversion
 .text.HAL_ADC_GetValue
                0x08004a5c       0x1a ./Drivers/STM32L4xx_HAL_Driver/Src/stm32l4xx_hal_adc.o
                0x08004a5c                HAL_ADC_GetValue
 .text.HAL_ADC_IRQHandler
                0x08004a76      0x368 ./Drivers/STM32L4xx_HAL_Driver/Src/stm32l4xx_hal_adc.o
                0x08004a76                HAL_ADC_IRQHandler
 .text.HAL_ADC_ConvCpltCallback
                0x08004dde       0x14 ./Drivers/STM32L4xx_HAL_Driver/Src/stm32l4xx_hal_adc.o
                0x08004dde                HAL_ADC_ConvCpltCallback
 .text.HAL_ADC_LevelOutOfWindowCallback
                0x08004df2       0x14 ./Drivers/STM32L4xx_HAL_Driver/Src/stm32l4xx_hal_adc.o
                0x08004df2                HAL_ADC_LevelOutOfWindowCallback
 .text.HAL_ADC_ErrorCallback
                0x08004e06       0x14 ./Drivers/STM32L4xx_HAL_Driver/Src/stm32l4xx_hal_adc.o
                0x08004e06                HAL_ADC_ErrorCallback
 *fill*         0x08004e1a        0x2 
 .text.HAL_ADC_ConfigChannel
                0x08004e1c      0x7f8 ./Drivers/STM32L4xx_HAL_Driver/Src/stm32l4xx_hal_adc.o
                0x08004e1c                HAL_ADC_ConfigChannel
 .text.ADC_Enable
                0x08005614      0x10c ./Drivers/STM32L4xx_HAL_Driver/Src/stm32l4xx_hal_adc.o
                0x08005614                ADC_Enable
 .text.ADC_Disable
                0x08005720       0xbe ./Drivers/STM32L4xx_HAL_Driver/Src/stm32l4xx_hal_adc.o
                0x08005720                ADC_Disable
 .text.LL_ADC_StartCalibration
                0x080057de       0x32 ./Drivers/STM32L4xx_HAL_Driver/Src/stm32l4xx_hal_adc_ex.o
 .text.LL_ADC_IsCalibrationOnGoing
                0x08005810       0x28 ./Drivers/STM32L4xx_HAL_Driver/Src/stm32l4xx_hal_adc_ex.o
 .text.HAL_ADCEx_Calibration_Start
                0x08005838       0xc0 ./Drivers/STM32L4xx_HAL_Driver/Src/stm32l4xx_hal_adc_ex.o
                0x08005838                HAL_ADCEx_Calibration_Start
 .text.HAL_ADCEx_InjectedConvCpltCallback
                0x080058f8       0x14 ./Drivers/STM32L4xx_HAL_Driver/Src/stm32l4xx_hal_adc_ex.o
                0x080058f8                HAL_ADCEx_InjectedConvCpltCallback
 .text.HAL_ADCEx_InjectedQueueOverflowCallback
                0x0800590c       0x14 ./Drivers/STM32L4xx_HAL_Driver/Src/stm32l4xx_hal_adc_ex.o
                0x0800590c                HAL_ADCEx_InjectedQueueOverflowCallback
 .text.HAL_ADCEx_LevelOutOfWindow2Callback
                0x08005920       0x14 ./Drivers/STM32L4xx_HAL_Driver/Src/stm32l4xx_hal_adc_ex.o
                0x08005920                HAL_ADCEx_LevelOutOfWindow2Callback
 .text.HAL_ADCEx_LevelOutOfWindow3Callback
                0x08005934       0x14 ./Drivers/STM32L4xx_HAL_Driver/Src/stm32l4xx_hal_adc_ex.o
                0x08005934                HAL_ADCEx_LevelOutOfWindow3Callback
 .text.HAL_ADCEx_EndOfSamplingCallback
                0x08005948       0x14 ./Drivers/STM32L4xx_HAL_Driver/Src/stm32l4xx_hal_adc_ex.o
                0x08005948                HAL_ADCEx_EndOfSamplingCallback
 .text.__NVIC_SetPriorityGrouping
                0x0800595c       0x48 ./Drivers/STM32L4xx_HAL_Driver/Src/stm32l4xx_hal_cortex.o
 .text.__NVIC_GetPriorityGrouping
                0x080059a4       0x1c ./Drivers/STM32L4xx_HAL_Driver/Src/stm32l4xx_hal_cortex.o
 .text.__NVIC_EnableIRQ
                0x080059c0       0x3c ./Drivers/STM32L4xx_HAL_Driver/Src/stm32l4xx_hal_cortex.o
 .text.__NVIC_SetPriority
                0x080059fc       0x54 ./Drivers/STM32L4xx_HAL_Driver/Src/stm32l4xx_hal_cortex.o
 .text.NVIC_EncodePriority
                0x08005a50       0x66 ./Drivers/STM32L4xx_HAL_Driver/Src/stm32l4xx_hal_cortex.o
 *fill*         0x08005ab6        0x2 
 .text.SysTick_Config
                0x08005ab8       0x44 ./Drivers/STM32L4xx_HAL_Driver/Src/stm32l4xx_hal_cortex.o
 .text.HAL_NVIC_SetPriorityGrouping
                0x08005afc       0x16 ./Drivers/STM32L4xx_HAL_Driver/Src/stm32l4xx_hal_cortex.o
                0x08005afc                HAL_NVIC_SetPriorityGrouping
 .text.HAL_NVIC_SetPriority
                0x08005b12       0x38 ./Drivers/STM32L4xx_HAL_Driver/Src/stm32l4xx_hal_cortex.o
                0x08005b12                HAL_NVIC_SetPriority
 .text.HAL_NVIC_EnableIRQ
                0x08005b4a       0x1c ./Drivers/STM32L4xx_HAL_Driver/Src/stm32l4xx_hal_cortex.o
                0x08005b4a                HAL_NVIC_EnableIRQ
 .text.HAL_SYSTICK_Config
                0x08005b66       0x18 ./Drivers/STM32L4xx_HAL_Driver/Src/stm32l4xx_hal_cortex.o
                0x08005b66                HAL_SYSTICK_Config
 .text.HAL_DAC_Init
                0x08005b7e       0x44 ./Drivers/STM32L4xx_HAL_Driver/Src/stm32l4xx_hal_dac.o
                0x08005b7e                HAL_DAC_Init
 *fill*         0x08005bc2        0x2 
 .text.HAL_DAC_Start_DMA
                0x08005bc4      0x198 ./Drivers/STM32L4xx_HAL_Driver/Src/stm32l4xx_hal_dac.o
                0x08005bc4                HAL_DAC_Start_DMA
 .text.HAL_DAC_Stop_DMA
                0x08005d5c       0x8a ./Drivers/STM32L4xx_HAL_Driver/Src/stm32l4xx_hal_dac.o
                0x08005d5c                HAL_DAC_Stop_DMA
 .text.HAL_DAC_ErrorCallbackCh1
                0x08005de6       0x14 ./Drivers/STM32L4xx_HAL_Driver/Src/stm32l4xx_hal_dac.o
                0x08005de6                HAL_DAC_ErrorCallbackCh1
 *fill*         0x08005dfa        0x2 
 .text.HAL_DAC_ConfigChannel
                0x08005dfc      0x298 ./Drivers/STM32L4xx_HAL_Driver/Src/stm32l4xx_hal_dac.o
                0x08005dfc                HAL_DAC_ConfigChannel
 .text.DAC_DMAConvCpltCh1
                0x08006094       0x22 ./Drivers/STM32L4xx_HAL_Driver/Src/stm32l4xx_hal_dac.o
                0x08006094                DAC_DMAConvCpltCh1
 .text.DAC_DMAHalfConvCpltCh1
                0x080060b6       0x1c ./Drivers/STM32L4xx_HAL_Driver/Src/stm32l4xx_hal_dac.o
                0x080060b6                DAC_DMAHalfConvCpltCh1
 .text.DAC_DMAErrorCh1
                0x080060d2       0x2e ./Drivers/STM32L4xx_HAL_Driver/Src/stm32l4xx_hal_dac.o
                0x080060d2                DAC_DMAErrorCh1
 .text.HAL_DACEx_ConvCpltCallbackCh2
                0x08006100       0x14 ./Drivers/STM32L4xx_HAL_Driver/Src/stm32l4xx_hal_dac_ex.o
                0x08006100                HAL_DACEx_ConvCpltCallbackCh2
 .text.HAL_DACEx_ConvHalfCpltCallbackCh2
                0x08006114       0x14 ./Drivers/STM32L4xx_HAL_Driver/Src/stm32l4xx_hal_dac_ex.o
                0x08006114                HAL_DACEx_ConvHalfCpltCallbackCh2
 .text.HAL_DACEx_ErrorCallbackCh2
                0x08006128       0x14 ./Drivers/STM32L4xx_HAL_Driver/Src/stm32l4xx_hal_dac_ex.o
                0x08006128                HAL_DACEx_ErrorCallbackCh2
 .text.DAC_DMAConvCpltCh2
                0x0800613c       0x22 ./Drivers/STM32L4xx_HAL_Driver/Src/stm32l4xx_hal_dac_ex.o
                0x0800613c                DAC_DMAConvCpltCh2
 .text.DAC_DMAHalfConvCpltCh2
                0x0800615e       0x1c ./Drivers/STM32L4xx_HAL_Driver/Src/stm32l4xx_hal_dac_ex.o
                0x0800615e                DAC_DMAHalfConvCpltCh2
 .text.DAC_DMAErrorCh2
                0x0800617a       0x2e ./Drivers/STM32L4xx_HAL_Driver/Src/stm32l4xx_hal_dac_ex.o
                0x0800617a                DAC_DMAErrorCh2
 .text.HAL_DMA_Init
                0x080061a8      0x150 ./Drivers/STM32L4xx_HAL_Driver/Src/stm32l4xx_hal_dma.o
                0x080061a8                HAL_DMA_Init
 .text.HAL_DMA_Start_IT
                0x080062f8       0xf6 ./Drivers/STM32L4xx_HAL_Driver/Src/stm32l4xx_hal_dma.o
                0x080062f8                HAL_DMA_Start_IT
 .text.HAL_DMA_Abort
                0x080063ee       0xb8 ./Drivers/STM32L4xx_HAL_Driver/Src/stm32l4xx_hal_dma.o
                0x080063ee                HAL_DMA_Abort
 .text.HAL_DMA_Abort_IT
                0x080064a6       0xbe ./Drivers/STM32L4xx_HAL_Driver/Src/stm32l4xx_hal_dma.o
                0x080064a6                HAL_DMA_Abort_IT
 .text.HAL_DMA_IRQHandler
                0x08006564      0x15e ./Drivers/STM32L4xx_HAL_Driver/Src/stm32l4xx_hal_dma.o
                0x08006564                HAL_DMA_IRQHandler
 .text.HAL_DMA_GetError
                0x080066c2       0x18 ./Drivers/STM32L4xx_HAL_Driver/Src/stm32l4xx_hal_dma.o
                0x080066c2                HAL_DMA_GetError
 .text.DMA_SetConfig
                0x080066da       0x7c ./Drivers/STM32L4xx_HAL_Driver/Src/stm32l4xx_hal_dma.o
 *fill*         0x08006756        0x2 
 .text.DMA_CalcDMAMUXChannelBaseAndMask
                0x08006758       0x7c ./Drivers/STM32L4xx_HAL_Driver/Src/stm32l4xx_hal_dma.o
 .text.DMA_CalcDMAMUXRequestGenBaseAndMask
                0x080067d4       0x48 ./Drivers/STM32L4xx_HAL_Driver/Src/stm32l4xx_hal_dma.o
 .text.HAL_GPIO_Init
                0x0800681c      0x324 ./Drivers/STM32L4xx_HAL_Driver/Src/stm32l4xx_hal_gpio.o
                0x0800681c                HAL_GPIO_Init
 .text.HAL_GPIO_ReadPin
                0x08006b40       0x30 ./Drivers/STM32L4xx_HAL_Driver/Src/stm32l4xx_hal_gpio.o
                0x08006b40                HAL_GPIO_ReadPin
 .text.HAL_GPIO_WritePin
                0x08006b70       0x30 ./Drivers/STM32L4xx_HAL_Driver/Src/stm32l4xx_hal_gpio.o
                0x08006b70                HAL_GPIO_WritePin
 .text.HAL_GPIO_EXTI_IRQHandler
                0x08006ba0       0x30 ./Drivers/STM32L4xx_HAL_Driver/Src/stm32l4xx_hal_gpio.o
                0x08006ba0                HAL_GPIO_EXTI_IRQHandler
 .text.HAL_PWREx_GetVoltageRange
                0x08006bd0       0x40 ./Drivers/STM32L4xx_HAL_Driver/Src/stm32l4xx_hal_pwr_ex.o
                0x08006bd0                HAL_PWREx_GetVoltageRange
 .text.HAL_PWREx_ControlVoltageScaling
                0x08006c10      0x148 ./Drivers/STM32L4xx_HAL_Driver/Src/stm32l4xx_hal_pwr_ex.o
                0x08006c10                HAL_PWREx_ControlVoltageScaling
 .text.HAL_PWREx_EnableVddIO2
                0x08006d58       0x20 ./Drivers/STM32L4xx_HAL_Driver/Src/stm32l4xx_hal_pwr_ex.o
                0x08006d58                HAL_PWREx_EnableVddIO2
 .text.HAL_RCC_OscConfig
                0x08006d78      0x834 ./Drivers/STM32L4xx_HAL_Driver/Src/stm32l4xx_hal_rcc.o
                0x08006d78                HAL_RCC_OscConfig
 .text.HAL_RCC_ClockConfig
                0x080075ac      0x274 ./Drivers/STM32L4xx_HAL_Driver/Src/stm32l4xx_hal_rcc.o
                0x080075ac                HAL_RCC_ClockConfig
 .text.HAL_RCC_GetSysClockFreq
                0x08007820      0x118 ./Drivers/STM32L4xx_HAL_Driver/Src/stm32l4xx_hal_rcc.o
                0x08007820                HAL_RCC_GetSysClockFreq
 .text.HAL_RCC_GetHCLKFreq
                0x08007938       0x18 ./Drivers/STM32L4xx_HAL_Driver/Src/stm32l4xx_hal_rcc.o
                0x08007938                HAL_RCC_GetHCLKFreq
 .text.HAL_RCC_GetPCLK1Freq
                0x08007950       0x2c ./Drivers/STM32L4xx_HAL_Driver/Src/stm32l4xx_hal_rcc.o
                0x08007950                HAL_RCC_GetPCLK1Freq
 .text.HAL_RCC_GetPCLK2Freq
                0x0800797c       0x2c ./Drivers/STM32L4xx_HAL_Driver/Src/stm32l4xx_hal_rcc.o
                0x0800797c                HAL_RCC_GetPCLK2Freq
 .text.RCC_SetFlashLatencyFromMSIRange
                0x080079a8       0xb4 ./Drivers/STM32L4xx_HAL_Driver/Src/stm32l4xx_hal_rcc.o
 .text.RCC_GetSysClockFreqFromPLLSource
                0x08007a5c       0xcc ./Drivers/STM32L4xx_HAL_Driver/Src/stm32l4xx_hal_rcc.o
 .text.HAL_RCCEx_PeriphCLKConfig
                0x08007b28      0x660 ./Drivers/STM32L4xx_HAL_Driver/Src/stm32l4xx_hal_rcc_ex.o
                0x08007b28                HAL_RCCEx_PeriphCLKConfig
 .text.RCCEx_PLLSAI1_Config
                0x08008188      0x1e8 ./Drivers/STM32L4xx_HAL_Driver/Src/stm32l4xx_hal_rcc_ex.o
 .text.RCCEx_PLLSAI2_Config
                0x08008370      0x1e8 ./Drivers/STM32L4xx_HAL_Driver/Src/stm32l4xx_hal_rcc_ex.o
 .text.HAL_SPI_Init
                0x08008558      0x146 ./Drivers/STM32L4xx_HAL_Driver/Src/stm32l4xx_hal_spi.o
                0x08008558                HAL_SPI_Init
 .text.HAL_SPI_Transmit
                0x0800869e      0x2ec ./Drivers/STM32L4xx_HAL_Driver/Src/stm32l4xx_hal_spi.o
                0x0800869e                HAL_SPI_Transmit
 .text.HAL_SPI_TransmitReceive
                0x0800898a      0x43e ./Drivers/STM32L4xx_HAL_Driver/Src/stm32l4xx_hal_spi.o
                0x0800898a                HAL_SPI_TransmitReceive
 .text.SPI_WaitFlagStateUntilTimeout
                0x08008dc8      0x110 ./Drivers/STM32L4xx_HAL_Driver/Src/stm32l4xx_hal_spi.o
 .text.SPI_WaitFifoStateUntilTimeout
                0x08008ed8      0x12c ./Drivers/STM32L4xx_HAL_Driver/Src/stm32l4xx_hal_spi.o
 .text.SPI_EndRxTxTransaction
                0x08009004       0x8c ./Drivers/STM32L4xx_HAL_Driver/Src/stm32l4xx_hal_spi.o
 .text.HAL_TIM_Base_Init
                0x08009090       0xae ./Drivers/STM32L4xx_HAL_Driver/Src/stm32l4xx_hal_tim.o
                0x08009090                HAL_TIM_Base_Init
 *fill*         0x0800913e        0x2 
 .text.HAL_TIM_Base_Start
                0x08009140       0xd0 ./Drivers/STM32L4xx_HAL_Driver/Src/stm32l4xx_hal_tim.o
                0x08009140                HAL_TIM_Base_Start
 .text.HAL_TIM_ConfigClockSource
                0x08009210      0x192 ./Drivers/STM32L4xx_HAL_Driver/Src/stm32l4xx_hal_tim.o
                0x08009210                HAL_TIM_ConfigClockSource
 *fill*         0x080093a2        0x2 
 .text.TIM_Base_SetConfig
                0x080093a4      0x14c ./Drivers/STM32L4xx_HAL_Driver/Src/stm32l4xx_hal_tim.o
                0x080093a4                TIM_Base_SetConfig
 .text.TIM_TI1_ConfigInputStage
                0x080094f0       0x5e ./Drivers/STM32L4xx_HAL_Driver/Src/stm32l4xx_hal_tim.o
 .text.TIM_TI2_ConfigInputStage
                0x0800954e       0x60 ./Drivers/STM32L4xx_HAL_Driver/Src/stm32l4xx_hal_tim.o
 .text.TIM_ITRx_SetConfig
                0x080095ae       0x36 ./Drivers/STM32L4xx_HAL_Driver/Src/stm32l4xx_hal_tim.o
 .text.TIM_ETR_SetConfig
                0x080095e4       0x40 ./Drivers/STM32L4xx_HAL_Driver/Src/stm32l4xx_hal_tim.o
                0x080095e4                TIM_ETR_SetConfig
 .text.HAL_TIMEx_MasterConfigSynchronization
                0x08009624      0x110 ./Drivers/STM32L4xx_HAL_Driver/Src/stm32l4xx_hal_tim_ex.o
                0x08009624                HAL_TIMEx_MasterConfigSynchronization
 .text.HAL_UART_Init
                0x08009734       0xa0 ./Drivers/STM32L4xx_HAL_Driver/Src/stm32l4xx_hal_uart.o
                0x08009734                HAL_UART_Init
 .text.HAL_UART_Transmit
                0x080097d4      0x11c ./Drivers/STM32L4xx_HAL_Driver/Src/stm32l4xx_hal_uart.o
                0x080097d4                HAL_UART_Transmit
 .text.HAL_UART_Receive_DMA
                0x080098f0       0x98 ./Drivers/STM32L4xx_HAL_Driver/Src/stm32l4xx_hal_uart.o
                0x080098f0                HAL_UART_Receive_DMA
 .text.HAL_UART_AbortReceive
                0x08009988      0x16e ./Drivers/STM32L4xx_HAL_Driver/Src/stm32l4xx_hal_uart.o
                0x08009988                HAL_UART_AbortReceive
 *fill*         0x08009af6        0x2 
 .text.HAL_UART_IRQHandler
                0x08009af8      0x684 ./Drivers/STM32L4xx_HAL_Driver/Src/stm32l4xx_hal_uart.o
                0x08009af8                HAL_UART_IRQHandler
 .text.HAL_UART_TxCpltCallback
                0x0800a17c       0x14 ./Drivers/STM32L4xx_HAL_Driver/Src/stm32l4xx_hal_uart.o
                0x0800a17c                HAL_UART_TxCpltCallback
 .text.HAL_UART_RxHalfCpltCallback
                0x0800a190       0x14 ./Drivers/STM32L4xx_HAL_Driver/Src/stm32l4xx_hal_uart.o
                0x0800a190                HAL_UART_RxHalfCpltCallback
 .text.HAL_UARTEx_RxEventCallback
                0x0800a1a4       0x18 ./Drivers/STM32L4xx_HAL_Driver/Src/stm32l4xx_hal_uart.o
                0x0800a1a4                HAL_UARTEx_RxEventCallback
 .text.UART_SetConfig
                0x0800a1bc      0x5f8 ./Drivers/STM32L4xx_HAL_Driver/Src/stm32l4xx_hal_uart.o
                0x0800a1bc                UART_SetConfig
 .text.UART_AdvFeatureConfig
                0x0800a7b4      0x144 ./Drivers/STM32L4xx_HAL_Driver/Src/stm32l4xx_hal_uart.o
                0x0800a7b4                UART_AdvFeatureConfig
 .text.UART_CheckIdleState
                0x0800a8f8      0x154 ./Drivers/STM32L4xx_HAL_Driver/Src/stm32l4xx_hal_uart.o
                0x0800a8f8                UART_CheckIdleState
 .text.UART_WaitOnFlagUntilTimeout
                0x0800aa4c       0xda ./Drivers/STM32L4xx_HAL_Driver/Src/stm32l4xx_hal_uart.o
                0x0800aa4c                UART_WaitOnFlagUntilTimeout
 *fill*         0x0800ab26        0x2 
 .text.UART_Start_Receive_DMA
                0x0800ab28      0x14c ./Drivers/STM32L4xx_HAL_Driver/Src/stm32l4xx_hal_uart.o
                0x0800ab28                UART_Start_Receive_DMA
 .text.UART_EndTxTransfer
                0x0800ac74       0x82 ./Drivers/STM32L4xx_HAL_Driver/Src/stm32l4xx_hal_uart.o
 .text.UART_EndRxTransfer
                0x0800acf6       0xcc ./Drivers/STM32L4xx_HAL_Driver/Src/stm32l4xx_hal_uart.o
 .text.UART_DMAReceiveCplt
                0x0800adc2      0x12c ./Drivers/STM32L4xx_HAL_Driver/Src/stm32l4xx_hal_uart.o
 .text.UART_DMARxHalfCplt
                0x0800aeee       0x3e ./Drivers/STM32L4xx_HAL_Driver/Src/stm32l4xx_hal_uart.o
 .text.UART_DMAError
                0x0800af2c       0x80 ./Drivers/STM32L4xx_HAL_Driver/Src/stm32l4xx_hal_uart.o
 .text.UART_DMAAbortOnError
                0x0800afac       0x2c ./Drivers/STM32L4xx_HAL_Driver/Src/stm32l4xx_hal_uart.o
 .text.UART_EndTransmit_IT
                0x0800afd8       0x56 ./Drivers/STM32L4xx_HAL_Driver/Src/stm32l4xx_hal_uart.o
 .text.HAL_UARTEx_WakeupCallback
                0x0800b02e       0x14 ./Drivers/STM32L4xx_HAL_Driver/Src/stm32l4xx_hal_uart_ex.o
                0x0800b02e                HAL_UARTEx_WakeupCallback
 .text.HAL_UARTEx_RxFifoFullCallback
                0x0800b042       0x14 ./Drivers/STM32L4xx_HAL_Driver/Src/stm32l4xx_hal_uart_ex.o
                0x0800b042                HAL_UARTEx_RxFifoFullCallback
 .text.HAL_UARTEx_TxFifoEmptyCallback
                0x0800b056       0x14 ./Drivers/STM32L4xx_HAL_Driver/Src/stm32l4xx_hal_uart_ex.o
                0x0800b056                HAL_UARTEx_TxFifoEmptyCallback
 .text.HAL_UARTEx_DisableFifoMode
                0x0800b06a       0x72 ./Drivers/STM32L4xx_HAL_Driver/Src/stm32l4xx_hal_uart_ex.o
                0x0800b06a                HAL_UARTEx_DisableFifoMode
 .text.HAL_UARTEx_SetTxFifoThreshold
                0x0800b0dc       0x7c ./Drivers/STM32L4xx_HAL_Driver/Src/stm32l4xx_hal_uart_ex.o
                0x0800b0dc                HAL_UARTEx_SetTxFifoThreshold
 .text.HAL_UARTEx_SetRxFifoThreshold
                0x0800b158       0x7c ./Drivers/STM32L4xx_HAL_Driver/Src/stm32l4xx_hal_uart_ex.o
                0x0800b158                HAL_UARTEx_SetRxFifoThreshold
 .text.UARTEx_SetNbDataToProcess
                0x0800b1d4       0x9c ./Drivers/STM32L4xx_HAL_Driver/Src/stm32l4xx_hal_uart_ex.o
 .text.MX_FATFS_Init
                0x0800b270       0x24 ./FATFS/App/fatfs.o
                0x0800b270                MX_FATFS_Init
 .text.USER_initialize
                0x0800b294       0x1c ./FATFS/Target/user_diskio.o
                0x0800b294                USER_initialize
 .text.USER_status
                0x0800b2b0       0x1c ./FATFS/Target/user_diskio.o
                0x0800b2b0                USER_status
 .text.USER_read
                0x0800b2cc       0x26 ./FATFS/Target/user_diskio.o
                0x0800b2cc                USER_read
 .text.USER_write
                0x0800b2f2       0x26 ./FATFS/Target/user_diskio.o
                0x0800b2f2                USER_write
 .text.USER_ioctl
                0x0800b318       0x26 ./FATFS/Target/user_diskio.o
                0x0800b318                USER_ioctl
 *fill*         0x0800b33e        0x2 
 .text.SPI_Timer_On
                0x0800b340       0x28 ./FATFS/Target/user_diskio_spi.o
                0x0800b340                SPI_Timer_On
 .text.SPI_Timer_Status
                0x0800b368       0x2c ./FATFS/Target/user_diskio_spi.o
                0x0800b368                SPI_Timer_Status
 .text.xchg_spi
                0x0800b394       0x2c ./FATFS/Target/user_diskio_spi.o
 .text.rcvr_spi_multi
                0x0800b3c0       0x38 ./FATFS/Target/user_diskio_spi.o
 .text.xmit_spi_multi
                0x0800b3f8       0x28 ./FATFS/Target/user_diskio_spi.o
 .text.wait_ready
                0x0800b420       0x46 ./FATFS/Target/user_diskio_spi.o
 *fill*         0x0800b466        0x2 
 .text.despiselect
                0x0800b468       0x20 ./FATFS/Target/user_diskio_spi.o
 .text.spiselect
                0x0800b488       0x38 ./FATFS/Target/user_diskio_spi.o
 .text.rcvr_datablock
                0x0800b4c0       0x52 ./FATFS/Target/user_diskio_spi.o
 .text.xmit_datablock
                0x0800b512       0x64 ./FATFS/Target/user_diskio_spi.o
 .text.send_cmd
                0x0800b576       0xde ./FATFS/Target/user_diskio_spi.o
 .text.USER_SPI_initialize
                0x0800b654      0x1d4 ./FATFS/Target/user_diskio_spi.o
                0x0800b654                USER_SPI_initialize
 .text.USER_SPI_status
                0x0800b828       0x2c ./FATFS/Target/user_diskio_spi.o
                0x0800b828                USER_SPI_status
 .text.USER_SPI_read
                0x0800b854       0xcc ./FATFS/Target/user_diskio_spi.o
                0x0800b854                USER_SPI_read
 .text.USER_SPI_write
                0x0800b920       0xf8 ./FATFS/Target/user_diskio_spi.o
                0x0800b920                USER_SPI_write
 .text.USER_SPI_ioctl
                0x0800ba18      0x2e0 ./FATFS/Target/user_diskio_spi.o
                0x0800ba18                USER_SPI_ioctl
 .text.FATFS_LinkDriverEx
                0x0800bcf8       0x98 ./Middlewares/Third_Party/FatFs/src/ff_gen_drv.o
                0x0800bcf8                FATFS_LinkDriverEx
 .text.FATFS_LinkDriver
                0x0800bd90       0x1e ./Middlewares/Third_Party/FatFs/src/ff_gen_drv.o
                0x0800bd90                FATFS_LinkDriver
 *fill*         0x0800bdae        0x2 
 .text.arm_rfft_32_fast_init_f32
                0x0800bdb0       0x34 /home/nick/STM32CubeIDE/VisiTune_ws/VisiTune/Drivers/CMSIS/CMSIS-DSP/libarm_cortexM4lf_math.a(arm_rfft_fast_init_f32.o)
                0x0800bdb0                arm_rfft_32_fast_init_f32
 .text.arm_rfft_64_fast_init_f32
                0x0800bde4       0x34 /home/nick/STM32CubeIDE/VisiTune_ws/VisiTune/Drivers/CMSIS/CMSIS-DSP/libarm_cortexM4lf_math.a(arm_rfft_fast_init_f32.o)
                0x0800bde4                arm_rfft_64_fast_init_f32
 .text.arm_rfft_256_fast_init_f32
                0x0800be18       0x38 /home/nick/STM32CubeIDE/VisiTune_ws/VisiTune/Drivers/CMSIS/CMSIS-DSP/libarm_cortexM4lf_math.a(arm_rfft_fast_init_f32.o)
                0x0800be18                arm_rfft_256_fast_init_f32
 .text.arm_rfft_512_fast_init_f32
                0x0800be50       0x3c /home/nick/STM32CubeIDE/VisiTune_ws/VisiTune/Drivers/CMSIS/CMSIS-DSP/libarm_cortexM4lf_math.a(arm_rfft_fast_init_f32.o)
                0x0800be50                arm_rfft_512_fast_init_f32
 .text.arm_rfft_1024_fast_init_f32
                0x0800be8c       0x3c /home/nick/STM32CubeIDE/VisiTune_ws/VisiTune/Drivers/CMSIS/CMSIS-DSP/libarm_cortexM4lf_math.a(arm_rfft_fast_init_f32.o)
                0x0800be8c                arm_rfft_1024_fast_init_f32
 .text.arm_rfft_2048_fast_init_f32
                0x0800bec8       0x3c /home/nick/STM32CubeIDE/VisiTune_ws/VisiTune/Drivers/CMSIS/CMSIS-DSP/libarm_cortexM4lf_math.a(arm_rfft_fast_init_f32.o)
                0x0800bec8                arm_rfft_2048_fast_init_f32
 .text.arm_rfft_4096_fast_init_f32
                0x0800bf04       0x3c /home/nick/STM32CubeIDE/VisiTune_ws/VisiTune/Drivers/CMSIS/CMSIS-DSP/libarm_cortexM4lf_math.a(arm_rfft_fast_init_f32.o)
                0x0800bf04                arm_rfft_4096_fast_init_f32
 .text.arm_rfft_fast_init_f32
                0x0800bf40       0x68 /home/nick/STM32CubeIDE/VisiTune_ws/VisiTune/Drivers/CMSIS/CMSIS-DSP/libarm_cortexM4lf_math.a(arm_rfft_fast_init_f32.o)
                0x0800bf40                arm_rfft_fast_init_f32
 .text.arm_biquad_cascade_df1_init_f32
                0x0800bfa8       0x18 /home/nick/STM32CubeIDE/VisiTune_ws/VisiTune/Drivers/CMSIS/CMSIS-DSP/libarm_cortexM4lf_math.a(arm_biquad_cascade_df1_init_f32.o)
                0x0800bfa8                arm_biquad_cascade_df1_init_f32
 .text.arm_biquad_cascade_df1_f32
                0x0800bfc0      0x1fc /home/nick/STM32CubeIDE/VisiTune_ws/VisiTune/Drivers/CMSIS/CMSIS-DSP/libarm_cortexM4lf_math.a(arm_biquad_cascade_df1_f32.o)
                0x0800bfc0                arm_biquad_cascade_df1_f32
 .text.arm_cos_f32
                0x0800c1bc       0x94 /home/nick/STM32CubeIDE/VisiTune_ws/VisiTune/Drivers/CMSIS/CMSIS-DSP/libarm_cortexM4lf_math.a(arm_cos_f32.o)
                0x0800c1bc                arm_cos_f32
 .text.memset   0x0800c250       0x10 /home/nick/st/stm32cubeide_1.19.0/plugins/com.st.stm32cube.ide.mcu.externaltools.gnu-tools-for-stm32.13.3.rel1.linux64_1.0.0.202410170706/tools/bin/../lib/gcc/arm-none-eabi/13.3.1/../../../../arm-none-eabi/lib/thumb/v7e-m+fp/hard/libc_nano.a(libc_a-memset.o)
                0x0800c250                memset
 .text.__errno  0x0800c260        0xc /home/nick/st/stm32cubeide_1.19.0/plugins/com.st.stm32cube.ide.mcu.externaltools.gnu-tools-for-stm32.13.3.rel1.linux64_1.0.0.202410170706/tools/bin/../lib/gcc/arm-none-eabi/13.3.1/../../../../arm-none-eabi/lib/thumb/v7e-m+fp/hard/libc_nano.a(libc_a-errno.o)
                0x0800c260                __errno
 .text.__libc_init_array
                0x0800c26c       0x48 /home/nick/st/stm32cubeide_1.19.0/plugins/com.st.stm32cube.ide.mcu.externaltools.gnu-tools-for-stm32.13.3.rel1.linux64_1.0.0.202410170706/tools/bin/../lib/gcc/arm-none-eabi/13.3.1/../../../../arm-none-eabi/lib/thumb/v7e-m+fp/hard/libc_nano.a(libc_a-init.o)
                0x0800c26c                __libc_init_array
 .text.memcpy   0x0800c2b4       0x1c /home/nick/st/stm32cubeide_1.19.0/plugins/com.st.stm32cube.ide.mcu.externaltools.gnu-tools-for-stm32.13.3.rel1.linux64_1.0.0.202410170706/tools/bin/../lib/gcc/arm-none-eabi/13.3.1/../../../../arm-none-eabi/lib/thumb/v7e-m+fp/hard/libc_nano.a(libc_a-memcpy-stub.o)
                0x0800c2b4                memcpy
 .text.powf     0x0800c2d0       0xae /home/nick/st/stm32cubeide_1.19.0/plugins/com.st.stm32cube.ide.mcu.externaltools.gnu-tools-for-stm32.13.3.rel1.linux64_1.0.0.202410170706/tools/bin/../lib/gcc/arm-none-eabi/13.3.1/../../../../arm-none-eabi/lib/thumb/v7e-m+fp/hard/libm.a(libm_a-wf_pow.o)
                0x0800c2d0                powf
 *fill*         0x0800c37e        0x2 
 .text.sqrtf    0x0800c380       0x3c /home/nick/st/stm32cubeide_1.19.0/plugins/com.st.stm32cube.ide.mcu.externaltools.gnu-tools-for-stm32.13.3.rel1.linux64_1.0.0.202410170706/tools/bin/../lib/gcc/arm-none-eabi/13.3.1/../../../../arm-none-eabi/lib/thumb/v7e-m+fp/hard/libm.a(libm_a-wf_sqrt.o)
                0x0800c380                sqrtf
 .text.cosf     0x0800c3bc       0x88 /home/nick/st/stm32cubeide_1.19.0/plugins/com.st.stm32cube.ide.mcu.externaltools.gnu-tools-for-stm32.13.3.rel1.linux64_1.0.0.202410170706/tools/bin/../lib/gcc/arm-none-eabi/13.3.1/../../../../arm-none-eabi/lib/thumb/v7e-m+fp/hard/libm.a(libm_a-sf_cos.o)
                0x0800c3bc                cosf
 .text.sinf     0x0800c444       0x8c /home/nick/st/stm32cubeide_1.19.0/plugins/com.st.stm32cube.ide.mcu.externaltools.gnu-tools-for-stm32.13.3.rel1.linux64_1.0.0.202410170706/tools/bin/../lib/gcc/arm-none-eabi/13.3.1/../../../../arm-none-eabi/lib/thumb/v7e-m+fp/hard/libm.a(libm_a-sf_sin.o)
                0x0800c444                sinf
 .text.finitef  0x0800c4d0       0x14 /home/nick/st/stm32cubeide_1.19.0/plugins/com.st.stm32cube.ide.mcu.externaltools.gnu-tools-for-stm32.13.3.rel1.linux64_1.0.0.202410170706/tools/bin/../lib/gcc/arm-none-eabi/13.3.1/../../../../arm-none-eabi/lib/thumb/v7e-m+fp/hard/libm.a(libm_a-sf_finite.o)
                0x0800c4d0                finitef
 .text.__ieee754_sqrtf
                0x0800c4e4        0x6 /home/nick/st/stm32cubeide_1.19.0/plugins/com.st.stm32cube.ide.mcu.externaltools.gnu-tools-for-stm32.13.3.rel1.linux64_1.0.0.202410170706/tools/bin/../lib/gcc/arm-none-eabi/13.3.1/../../../../arm-none-eabi/lib/thumb/v7e-m+fp/hard/libm.a(libm_a-ef_sqrt.o)
                0x0800c4e4                __ieee754_sqrtf
 *fill*         0x0800c4ea        0x2 
 .text.__kernel_cosf
                0x0800c4ec       0xb0 /home/nick/st/stm32cubeide_1.19.0/plugins/com.st.stm32cube.ide.mcu.externaltools.gnu-tools-for-stm32.13.3.rel1.linux64_1.0.0.202410170706/tools/bin/../lib/gcc/arm-none-eabi/13.3.1/../../../../arm-none-eabi/lib/thumb/v7e-m+fp/hard/libm.a(libm_a-kf_cos.o)
                0x0800c4ec                __kernel_cosf
 .text.__kernel_sinf
                0x0800c59c       0x90 /home/nick/st/stm32cubeide_1.19.0/plugins/com.st.stm32cube.ide.mcu.externaltools.gnu-tools-for-stm32.13.3.rel1.linux64_1.0.0.202410170706/tools/bin/../lib/gcc/arm-none-eabi/13.3.1/../../../../arm-none-eabi/lib/thumb/v7e-m+fp/hard/libm.a(libm_a-kf_sin.o)
                0x0800c59c                __kernel_sinf
 .text.__ieee754_powf
                0x0800c62c      0x59c /home/nick/st/stm32cubeide_1.19.0/plugins/com.st.stm32cube.ide.mcu.externaltools.gnu-tools-for-stm32.13.3.rel1.linux64_1.0.0.202410170706/tools/bin/../lib/gcc/arm-none-eabi/13.3.1/../../../../arm-none-eabi/lib/thumb/v7e-m+fp/hard/libm.a(libm_a-ef_pow.o)
                0x0800c62c                __ieee754_powf
 .text.__ieee754_rem_pio2f
                0x0800cbc8      0x260 /home/nick/st/stm32cubeide_1.19.0/plugins/com.st.stm32cube.ide.mcu.externaltools.gnu-tools-for-stm32.13.3.rel1.linux64_1.0.0.202410170706/tools/bin/../lib/gcc/arm-none-eabi/13.3.1/../../../../arm-none-eabi/lib/thumb/v7e-m+fp/hard/libm.a(libm_a-ef_rem_pio2.o)
                0x0800cbc8                __ieee754_rem_pio2f
 .text.fabsf    0x0800ce28        0xe /home/nick/st/stm32cubeide_1.19.0/plugins/com.st.stm32cube.ide.mcu.externaltools.gnu-tools-for-stm32.13.3.rel1.linux64_1.0.0.202410170706/tools/bin/../lib/gcc/arm-none-eabi/13.3.1/../../../../arm-none-eabi/lib/thumb/v7e-m+fp/hard/libm.a(libm_a-sf_fabs.o)
                0x0800ce28                fabsf
 *fill*         0x0800ce36        0x2 
 .text.scalbnf  0x0800ce38       0xcc /home/nick/st/stm32cubeide_1.19.0/plugins/com.st.stm32cube.ide.mcu.externaltools.gnu-tools-for-stm32.13.3.rel1.linux64_1.0.0.202410170706/tools/bin/../lib/gcc/arm-none-eabi/13.3.1/../../../../arm-none-eabi/lib/thumb/v7e-m+fp/hard/libm.a(libm_a-sf_scalbn.o)
                0x0800ce38                scalbnf
 .text.with_errnof
                0x0800cf04       0x1c /home/nick/st/stm32cubeide_1.19.0/plugins/com.st.stm32cube.ide.mcu.externaltools.gnu-tools-for-stm32.13.3.rel1.linux64_1.0.0.202410170706/tools/bin/../lib/gcc/arm-none-eabi/13.3.1/../../../../arm-none-eabi/lib/thumb/v7e-m+fp/hard/libm.a(libm_a-math_errf.o)
 .text.xflowf   0x0800cf20       0x16 /home/nick/st/stm32cubeide_1.19.0/plugins/com.st.stm32cube.ide.mcu.externaltools.gnu-tools-for-stm32.13.3.rel1.linux64_1.0.0.202410170706/tools/bin/../lib/gcc/arm-none-eabi/13.3.1/../../../../arm-none-eabi/lib/thumb/v7e-m+fp/hard/libm.a(libm_a-math_errf.o)
 *fill*         0x0800cf36        0x2 
 .text.__math_uflowf
                0x0800cf38        0xc /home/nick/st/stm32cubeide_1.19.0/plugins/com.st.stm32cube.ide.mcu.externaltools.gnu-tools-for-stm32.13.3.rel1.linux64_1.0.0.202410170706/tools/bin/../lib/gcc/arm-none-eabi/13.3.1/../../../../arm-none-eabi/lib/thumb/v7e-m+fp/hard/libm.a(libm_a-math_errf.o)
                0x0800cf38                __math_uflowf
 .text.__math_oflowf
                0x0800cf44        0xc /home/nick/st/stm32cubeide_1.19.0/plugins/com.st.stm32cube.ide.mcu.externaltools.gnu-tools-for-stm32.13.3.rel1.linux64_1.0.0.202410170706/tools/bin/../lib/gcc/arm-none-eabi/13.3.1/../../../../arm-none-eabi/lib/thumb/v7e-m+fp/hard/libm.a(libm_a-math_errf.o)
                0x0800cf44                __math_oflowf
 .text.__kernel_rem_pio2f
                0x0800cf50      0x4d0 /home/nick/st/stm32cubeide_1.19.0/plugins/com.st.stm32cube.ide.mcu.externaltools.gnu-tools-for-stm32.13.3.rel1.linux64_1.0.0.202410170706/tools/bin/../lib/gcc/arm-none-eabi/13.3.1/../../../../arm-none-eabi/lib/thumb/v7e-m+fp/hard/libm.a(libm_a-kf_rem_pio2.o)
                0x0800cf50                __kernel_rem_pio2f
 .text.floorf   0x0800d420       0x88 /home/nick/st/stm32cubeide_1.19.0/plugins/com.st.stm32cube.ide.mcu.externaltools.gnu-tools-for-stm32.13.3.rel1.linux64_1.0.0.202410170706/tools/bin/../lib/gcc/arm-none-eabi/13.3.1/../../../../arm-none-eabi/lib/thumb/v7e-m+fp/hard/libm.a(libm_a-sf_floor.o)
                0x0800d420                floorf
 *(.glue_7)
 .glue_7        0x0800d4a8        0x0 linker stubs
 *(.glue_7t)
 .glue_7t       0x0800d4a8        0x0 linker stubs
 *(.eh_frame)
 .eh_frame      0x0800d4a8        0x0 /home/nick/st/stm32cubeide_1.19.0/plugins/com.st.stm32cube.ide.mcu.externaltools.gnu-tools-for-stm32.13.3.rel1.linux64_1.0.0.202410170706/tools/bin/../lib/gcc/arm-none-eabi/13.3.1/thumb/v7e-m+fp/hard/crtbegin.o
 *(.init)
 .init          0x0800d4a8        0x4 /home/nick/st/stm32cubeide_1.19.0/plugins/com.st.stm32cube.ide.mcu.externaltools.gnu-tools-for-stm32.13.3.rel1.linux64_1.0.0.202410170706/tools/bin/../lib/gcc/arm-none-eabi/13.3.1/thumb/v7e-m+fp/hard/crti.o
                0x0800d4a8                _init
 .init          0x0800d4ac        0x8 /home/nick/st/stm32cubeide_1.19.0/plugins/com.st.stm32cube.ide.mcu.externaltools.gnu-tools-for-stm32.13.3.rel1.linux64_1.0.0.202410170706/tools/bin/../lib/gcc/arm-none-eabi/13.3.1/thumb/v7e-m+fp/hard/crtn.o
 *(.fini)
 .fini          0x0800d4b4        0x4 /home/nick/st/stm32cubeide_1.19.0/plugins/com.st.stm32cube.ide.mcu.externaltools.gnu-tools-for-stm32.13.3.rel1.linux64_1.0.0.202410170706/tools/bin/../lib/gcc/arm-none-eabi/13.3.1/thumb/v7e-m+fp/hard/crti.o
                0x0800d4b4                _fini
 .fini          0x0800d4b8        0x8 /home/nick/st/stm32cubeide_1.19.0/plugins/com.st.stm32cube.ide.mcu.externaltools.gnu-tools-for-stm32.13.3.rel1.linux64_1.0.0.202410170706/tools/bin/../lib/gcc/arm-none-eabi/13.3.1/thumb/v7e-m+fp/hard/crtn.o
                0x0800d4c0                        . = ALIGN (0x4)
                0x0800d4c0                        _etext = .

.vfp11_veneer   0x0800d4c0        0x0
 .vfp11_veneer  0x0800d4c0        0x0 linker stubs

.v4_bx          0x0800d4c0        0x0
 .v4_bx         0x0800d4c0        0x0 linker stubs

.iplt           0x0800d4c0        0x0
 .iplt          0x0800d4c0        0x0 /home/nick/st/stm32cubeide_1.19.0/plugins/com.st.stm32cube.ide.mcu.externaltools.gnu-tools-for-stm32.13.3.rel1.linux64_1.0.0.202410170706/tools/bin/../lib/gcc/arm-none-eabi/13.3.1/thumb/v7e-m+fp/hard/crtbegin.o

.rodata         0x0800d4c0    0x8ae6c
                0x0800d4c0                        . = ALIGN (0x4)
 *(.rodata)
 .rodata        0x0800d4c0       0x40 ./Core/Src/main.o
 *(.rodata*)
 .rodata.crowd_cheer
                0x0800d500    0x34080 ./Core/Src/main.o
                0x0800d500                crowd_cheer
 .rodata.bass_kick
                0x08041580     0x5e80 ./Core/Src/main.o
                0x08041580                bass_kick
 .rodata.eh     0x08047400     0xcca2 ./Core/Src/main.o
                0x08047400                eh
 *fill*         0x080540a2        0x2 
 .rodata.hi_hat
                0x080540a4    0x18cbe ./Core/Src/main.o
                0x080540a4                hi_hat
 *fill*         0x0806cd62        0x2 
 .rodata.medium_kick
                0x0806cd64     0x5344 ./Core/Src/main.o
                0x0806cd64                medium_kick
 .rodata.snare1
                0x080720a8     0x224a ./Core/Src/main.o
                0x080720a8                snare1
 *fill*         0x080742f2        0x2 
 .rodata.snare2
                0x080742f4     0x187e ./Core/Src/main.o
                0x080742f4                snare2
 *fill*         0x08075b72        0x2 
 .rodata.vine_boom
                0x08075b74     0xeb4e ./Core/Src/main.o
                0x08075b74                vine_boom
 *fill*         0x080846c2        0x2 
 .rodata.MIDI_lengths
                0x080846c4       0x20 ./Core/Src/main.o
                0x080846c4                MIDI_lengths
 .rodata.AHBPrescTable
                0x080846e4       0x10 ./Core/Src/system_stm32l4xx.o
                0x080846e4                AHBPrescTable
 .rodata.APBPrescTable
                0x080846f4        0x8 ./Core/Src/system_stm32l4xx.o
                0x080846f4                APBPrescTable
 .rodata.MSIRangeTable
                0x080846fc       0x30 ./Core/Src/system_stm32l4xx.o
                0x080846fc                MSIRangeTable
 .rodata.madctl_tbl.0
                0x0808472c        0x4 ./Core/Src/tft.o
 .rodata.UARTPrescTable
                0x08084730       0x18 ./Drivers/STM32L4xx_HAL_Driver/Src/stm32l4xx_hal_uart.o
                0x08084730                UARTPrescTable
 .rodata.numerator.1
                0x08084748        0x8 ./Drivers/STM32L4xx_HAL_Driver/Src/stm32l4xx_hal_uart_ex.o
 .rodata.denominator.0
                0x08084750        0x8 ./Drivers/STM32L4xx_HAL_Driver/Src/stm32l4xx_hal_uart_ex.o
 .rodata.armBitRevIndexTable1024
                0x08084758      0xe10 /home/nick/STM32CubeIDE/VisiTune_ws/VisiTune/Drivers/CMSIS/CMSIS-DSP/libarm_cortexM4lf_math.a(arm_common_tables.o)
                0x08084758                armBitRevIndexTable1024
 .rodata.armBitRevIndexTable128
                0x08085568      0x1a0 /home/nick/STM32CubeIDE/VisiTune_ws/VisiTune/Drivers/CMSIS/CMSIS-DSP/libarm_cortexM4lf_math.a(arm_common_tables.o)
                0x08085568                armBitRevIndexTable128
 .rodata.armBitRevIndexTable16
                0x08085708       0x28 /home/nick/STM32CubeIDE/VisiTune_ws/VisiTune/Drivers/CMSIS/CMSIS-DSP/libarm_cortexM4lf_math.a(arm_common_tables.o)
                0x08085708                armBitRevIndexTable16
 .rodata.armBitRevIndexTable2048
                0x08085730     0x1dc0 /home/nick/STM32CubeIDE/VisiTune_ws/VisiTune/Drivers/CMSIS/CMSIS-DSP/libarm_cortexM4lf_math.a(arm_common_tables.o)
                0x08085730                armBitRevIndexTable2048
 .rodata.armBitRevIndexTable256
                0x080874f0      0x370 /home/nick/STM32CubeIDE/VisiTune_ws/VisiTune/Drivers/CMSIS/CMSIS-DSP/libarm_cortexM4lf_math.a(arm_common_tables.o)
                0x080874f0                armBitRevIndexTable256
 .rodata.armBitRevIndexTable32
                0x08087860       0x60 /home/nick/STM32CubeIDE/VisiTune_ws/VisiTune/Drivers/CMSIS/CMSIS-DSP/libarm_cortexM4lf_math.a(arm_common_tables.o)
                0x08087860                armBitRevIndexTable32
 .rodata.armBitRevIndexTable512
                0x080878c0      0x380 /home/nick/STM32CubeIDE/VisiTune_ws/VisiTune/Drivers/CMSIS/CMSIS-DSP/libarm_cortexM4lf_math.a(arm_common_tables.o)
                0x080878c0                armBitRevIndexTable512
 .rodata.sinTable_f32
                0x08087c40      0x804 /home/nick/STM32CubeIDE/VisiTune_ws/VisiTune/Drivers/CMSIS/CMSIS-DSP/libarm_cortexM4lf_math.a(arm_common_tables.o)
                0x08087c40                sinTable_f32
 .rodata.twiddleCoef_1024
                0x08088444     0x2000 /home/nick/STM32CubeIDE/VisiTune_ws/VisiTune/Drivers/CMSIS/CMSIS-DSP/libarm_cortexM4lf_math.a(arm_common_tables.o)
                0x08088444                twiddleCoef_1024
 .rodata.twiddleCoef_128
                0x0808a444      0x400 /home/nick/STM32CubeIDE/VisiTune_ws/VisiTune/Drivers/CMSIS/CMSIS-DSP/libarm_cortexM4lf_math.a(arm_common_tables.o)
                0x0808a444                twiddleCoef_128
 .rodata.twiddleCoef_16
                0x0808a844       0x80 /home/nick/STM32CubeIDE/VisiTune_ws/VisiTune/Drivers/CMSIS/CMSIS-DSP/libarm_cortexM4lf_math.a(arm_common_tables.o)
                0x0808a844                twiddleCoef_16
 .rodata.twiddleCoef_2048
                0x0808a8c4     0x4000 /home/nick/STM32CubeIDE/VisiTune_ws/VisiTune/Drivers/CMSIS/CMSIS-DSP/libarm_cortexM4lf_math.a(arm_common_tables.o)
                0x0808a8c4                twiddleCoef_2048
 .rodata.twiddleCoef_256
                0x0808e8c4      0x800 /home/nick/STM32CubeIDE/VisiTune_ws/VisiTune/Drivers/CMSIS/CMSIS-DSP/libarm_cortexM4lf_math.a(arm_common_tables.o)
                0x0808e8c4                twiddleCoef_256
 .rodata.twiddleCoef_32
                0x0808f0c4      0x100 /home/nick/STM32CubeIDE/VisiTune_ws/VisiTune/Drivers/CMSIS/CMSIS-DSP/libarm_cortexM4lf_math.a(arm_common_tables.o)
                0x0808f0c4                twiddleCoef_32
 .rodata.twiddleCoef_512
                0x0808f1c4     0x1000 /home/nick/STM32CubeIDE/VisiTune_ws/VisiTune/Drivers/CMSIS/CMSIS-DSP/libarm_cortexM4lf_math.a(arm_common_tables.o)
                0x0808f1c4                twiddleCoef_512
 .rodata.twiddleCoef_rfft_1024
                0x080901c4     0x1000 /home/nick/STM32CubeIDE/VisiTune_ws/VisiTune/Drivers/CMSIS/CMSIS-DSP/libarm_cortexM4lf_math.a(arm_common_tables.o)
                0x080901c4                twiddleCoef_rfft_1024
 .rodata.twiddleCoef_rfft_2048
                0x080911c4     0x2000 /home/nick/STM32CubeIDE/VisiTune_ws/VisiTune/Drivers/CMSIS/CMSIS-DSP/libarm_cortexM4lf_math.a(arm_common_tables.o)
                0x080911c4                twiddleCoef_rfft_2048
 .rodata.twiddleCoef_rfft_256
                0x080931c4      0x400 /home/nick/STM32CubeIDE/VisiTune_ws/VisiTune/Drivers/CMSIS/CMSIS-DSP/libarm_cortexM4lf_math.a(arm_common_tables.o)
                0x080931c4                twiddleCoef_rfft_256
 .rodata.twiddleCoef_rfft_32
                0x080935c4       0x80 /home/nick/STM32CubeIDE/VisiTune_ws/VisiTune/Drivers/CMSIS/CMSIS-DSP/libarm_cortexM4lf_math.a(arm_common_tables.o)
                0x080935c4                twiddleCoef_rfft_32
 .rodata.twiddleCoef_rfft_4096
                0x08093644     0x4000 /home/nick/STM32CubeIDE/VisiTune_ws/VisiTune/Drivers/CMSIS/CMSIS-DSP/libarm_cortexM4lf_math.a(arm_common_tables.o)
                0x08093644                twiddleCoef_rfft_4096
 .rodata.twiddleCoef_rfft_512
                0x08097644      0x800 /home/nick/STM32CubeIDE/VisiTune_ws/VisiTune/Drivers/CMSIS/CMSIS-DSP/libarm_cortexM4lf_math.a(arm_common_tables.o)
                0x08097644                twiddleCoef_rfft_512
 .rodata.twiddleCoef_rfft_64
                0x08097e44      0x100 /home/nick/STM32CubeIDE/VisiTune_ws/VisiTune/Drivers/CMSIS/CMSIS-DSP/libarm_cortexM4lf_math.a(arm_common_tables.o)
                0x08097e44                twiddleCoef_rfft_64
 .rodata.dp_l   0x08097f44        0x8 /home/nick/st/stm32cubeide_1.19.0/plugins/com.st.stm32cube.ide.mcu.externaltools.gnu-tools-for-stm32.13.3.rel1.linux64_1.0.0.202410170706/tools/bin/../lib/gcc/arm-none-eabi/13.3.1/../../../../arm-none-eabi/lib/thumb/v7e-m+fp/hard/libm.a(libm_a-ef_pow.o)
 .rodata.dp_h   0x08097f4c        0x8 /home/nick/st/stm32cubeide_1.19.0/plugins/com.st.stm32cube.ide.mcu.externaltools.gnu-tools-for-stm32.13.3.rel1.linux64_1.0.0.202410170706/tools/bin/../lib/gcc/arm-none-eabi/13.3.1/../../../../arm-none-eabi/lib/thumb/v7e-m+fp/hard/libm.a(libm_a-ef_pow.o)
 .rodata.bp     0x08097f54        0x8 /home/nick/st/stm32cubeide_1.19.0/plugins/com.st.stm32cube.ide.mcu.externaltools.gnu-tools-for-stm32.13.3.rel1.linux64_1.0.0.202410170706/tools/bin/../lib/gcc/arm-none-eabi/13.3.1/../../../../arm-none-eabi/lib/thumb/v7e-m+fp/hard/libm.a(libm_a-ef_pow.o)
 .rodata.npio2_hw
                0x08097f5c       0x80 /home/nick/st/stm32cubeide_1.19.0/plugins/com.st.stm32cube.ide.mcu.externaltools.gnu-tools-for-stm32.13.3.rel1.linux64_1.0.0.202410170706/tools/bin/../lib/gcc/arm-none-eabi/13.3.1/../../../../arm-none-eabi/lib/thumb/v7e-m+fp/hard/libm.a(libm_a-ef_rem_pio2.o)
 .rodata.two_over_pi
                0x08097fdc      0x318 /home/nick/st/stm32cubeide_1.19.0/plugins/com.st.stm32cube.ide.mcu.externaltools.gnu-tools-for-stm32.13.3.rel1.linux64_1.0.0.202410170706/tools/bin/../lib/gcc/arm-none-eabi/13.3.1/../../../../arm-none-eabi/lib/thumb/v7e-m+fp/hard/libm.a(libm_a-ef_rem_pio2.o)
 .rodata.PIo2   0x080982f4       0x2c /home/nick/st/stm32cubeide_1.19.0/plugins/com.st.stm32cube.ide.mcu.externaltools.gnu-tools-for-stm32.13.3.rel1.linux64_1.0.0.202410170706/tools/bin/../lib/gcc/arm-none-eabi/13.3.1/../../../../arm-none-eabi/lib/thumb/v7e-m+fp/hard/libm.a(libm_a-kf_rem_pio2.o)
 .rodata.init_jk
                0x08098320        0xc /home/nick/st/stm32cubeide_1.19.0/plugins/com.st.stm32cube.ide.mcu.externaltools.gnu-tools-for-stm32.13.3.rel1.linux64_1.0.0.202410170706/tools/bin/../lib/gcc/arm-none-eabi/13.3.1/../../../../arm-none-eabi/lib/thumb/v7e-m+fp/hard/libm.a(libm_a-kf_rem_pio2.o)
                0x0809832c                        . = ALIGN (0x4)

.ARM.extab      0x0809832c        0x0
                0x0809832c                        . = ALIGN (0x4)
 *(.ARM.extab* .gnu.linkonce.armextab.*)
                0x0809832c                        . = ALIGN (0x4)

.ARM            0x0809832c        0x8
                0x0809832c                        . = ALIGN (0x4)
                0x0809832c                        __exidx_start = .
 *(.ARM.exidx*)
 .ARM.exidx     0x0809832c        0x8 /home/nick/st/stm32cubeide_1.19.0/plugins/com.st.stm32cube.ide.mcu.externaltools.gnu-tools-for-stm32.13.3.rel1.linux64_1.0.0.202410170706/tools/bin/../lib/gcc/arm-none-eabi/13.3.1/thumb/v7e-m+fp/hard/libgcc.a(_udivmoddi4.o)
                0x08098334                        __exidx_end = .
                0x08098334                        . = ALIGN (0x4)

.preinit_array  0x08098334        0x0
                0x08098334                        . = ALIGN (0x4)
                0x08098334                        PROVIDE (__preinit_array_start = .)
 *(.preinit_array*)
                0x08098334                        PROVIDE (__preinit_array_end = .)
                0x08098334                        . = ALIGN (0x4)

.init_array     0x08098334        0x4
                0x08098334                        . = ALIGN (0x4)
                0x08098334                        PROVIDE (__init_array_start = .)
 *(SORT_BY_NAME(.init_array.*))
 *(.init_array*)
 .init_array    0x08098334        0x4 /home/nick/st/stm32cubeide_1.19.0/plugins/com.st.stm32cube.ide.mcu.externaltools.gnu-tools-for-stm32.13.3.rel1.linux64_1.0.0.202410170706/tools/bin/../lib/gcc/arm-none-eabi/13.3.1/thumb/v7e-m+fp/hard/crtbegin.o
                0x08098338                        PROVIDE (__init_array_end = .)
                0x08098338                        . = ALIGN (0x4)

.fini_array     0x08098338        0x4
                0x08098338                        . = ALIGN (0x4)
                [!provide]                        PROVIDE (__fini_array_start = .)
 *(SORT_BY_NAME(.fini_array.*))
 *(.fini_array*)
 .fini_array    0x08098338        0x4 /home/nick/st/stm32cubeide_1.19.0/plugins/com.st.stm32cube.ide.mcu.externaltools.gnu-tools-for-stm32.13.3.rel1.linux64_1.0.0.202410170706/tools/bin/../lib/gcc/arm-none-eabi/13.3.1/thumb/v7e-m+fp/hard/crtbegin.o
                [!provide]                        PROVIDE (__fini_array_end = .)
                0x0809833c                        . = ALIGN (0x4)
                0x0809833c                        _sidata = LOADADDR (.data)

.rel.dyn        0x0809833c        0x0
 .rel.iplt      0x0809833c        0x0 /home/nick/st/stm32cubeide_1.19.0/plugins/com.st.stm32cube.ide.mcu.externaltools.gnu-tools-for-stm32.13.3.rel1.linux64_1.0.0.202410170706/tools/bin/../lib/gcc/arm-none-eabi/13.3.1/thumb/v7e-m+fp/hard/crtbegin.o

.data           0x20040000       0xa8 load address 0x0809833c
                0x20040000                        . = ALIGN (0x4)
                0x20040000                        _sdata = .
 *(.data)
 *(.data*)
 .data.MIDI_effects
                0x20040000       0x20 ./Core/Src/main.o
                0x20040000                MIDI_effects
 .data.audio_pkt_buf0
                0x20040020        0x4 ./Core/Src/main.o
                0x20040020                audio_pkt_buf0
 .data.audio_pkt_buf1
                0x20040024        0x4 ./Core/Src/main.o
                0x20040024                audio_pkt_buf1
 .data.half0_free
                0x20040028        0x1 ./Core/Src/main.o
                0x20040028                half0_free
 .data.half1_free
                0x20040029        0x1 ./Core/Src/main.o
                0x20040029                half1_free
 *fill*         0x2004002a        0x2 
 .data.first_init.7
                0x2004002c        0x4 ./Core/Src/main.o
 .data.SystemCoreClock
                0x20040030        0x4 ./Core/Src/system_stm32l4xx.o
                0x20040030                SystemCoreClock
 .data.tft_width
                0x20040034        0x2 ./Core/Src/tft.o
 .data.tft_height
                0x20040036        0x2 ./Core/Src/tft.o
 .data.uwTickPrio
                0x20040038        0x4 ./Drivers/STM32L4xx_HAL_Driver/Src/stm32l4xx_hal.o
                0x20040038                uwTickPrio
 .data.uwTickFreq
                0x2004003c        0x1 ./Drivers/STM32L4xx_HAL_Driver/Src/stm32l4xx_hal.o
                0x2004003c                uwTickFreq
 *fill*         0x2004003d        0x3 
 .data.USER_Driver
                0x20040040       0x14 ./FATFS/Target/user_diskio.o
                0x20040040                USER_Driver
 .data.Stat     0x20040054        0x1 ./FATFS/Target/user_diskio_spi.o
 *fill*         0x20040055        0x3 
 .data._impure_ptr
                0x20040058        0x4 /home/nick/st/stm32cubeide_1.19.0/plugins/com.st.stm32cube.ide.mcu.externaltools.gnu-tools-for-stm32.13.3.rel1.linux64_1.0.0.202410170706/tools/bin/../lib/gcc/arm-none-eabi/13.3.1/../../../../arm-none-eabi/lib/thumb/v7e-m+fp/hard/libc_nano.a(libc_a-impure.o)
                0x20040058                _impure_ptr
 .data._impure_data
                0x2004005c       0x4c /home/nick/st/stm32cubeide_1.19.0/plugins/com.st.stm32cube.ide.mcu.externaltools.gnu-tools-for-stm32.13.3.rel1.linux64_1.0.0.202410170706/tools/bin/../lib/gcc/arm-none-eabi/13.3.1/../../../../arm-none-eabi/lib/thumb/v7e-m+fp/hard/libc_nano.a(libc_a-impure.o)
                0x2004005c                _impure_data
 *(.RamFunc)
 *(.RamFunc*)
                0x200400a8                        . = ALIGN (0x4)
                0x200400a8                        _edata = .

.igot.plt       0x200400a8        0x0 load address 0x080983e4
 .igot.plt      0x200400a8        0x0 /home/nick/st/stm32cubeide_1.19.0/plugins/com.st.stm32cube.ide.mcu.externaltools.gnu-tools-for-stm32.13.3.rel1.linux64_1.0.0.202410170706/tools/bin/../lib/gcc/arm-none-eabi/13.3.1/thumb/v7e-m+fp/hard/crtbegin.o
                0x200400a8                        . = ALIGN (0x4)

.bss            0x200400a8    0x1b6bc load address 0x080983e4
                0x200400a8                        _sbss = .
                0x200400a8                        __bss_start__ = _sbss
 *(.bss)
 .bss           0x200400a8       0x1c /home/nick/st/stm32cubeide_1.19.0/plugins/com.st.stm32cube.ide.mcu.externaltools.gnu-tools-for-stm32.13.3.rel1.linux64_1.0.0.202410170706/tools/bin/../lib/gcc/arm-none-eabi/13.3.1/thumb/v7e-m+fp/hard/crtbegin.o
 *(.bss*)
 .bss.hadc1     0x200400c4       0x68 ./Core/Src/main.o
                0x200400c4                hadc1
 .bss.hdma_adc1
                0x2004012c       0x60 ./Core/Src/main.o
                0x2004012c                hdma_adc1
 .bss.hdac1     0x2004018c       0x14 ./Core/Src/main.o
                0x2004018c                hdac1
 .bss.hdma_dac1_ch1
                0x200401a0       0x60 ./Core/Src/main.o
                0x200401a0                hdma_dac1_ch1
 .bss.hlpuart1  0x20040200       0x94 ./Core/Src/main.o
                0x20040200                hlpuart1
 .bss.hdma_lpuart1_rx
                0x20040294       0x60 ./Core/Src/main.o
                0x20040294                hdma_lpuart1_rx
 .bss.hspi1     0x200402f4       0x64 ./Core/Src/main.o
                0x200402f4                hspi1
 .bss.hspi2     0x20040358       0x64 ./Core/Src/main.o
                0x20040358                hspi2
 .bss.hdma_spi2_rx
                0x200403bc       0x60 ./Core/Src/main.o
                0x200403bc                hdma_spi2_rx
 .bss.htim1     0x2004041c       0x4c ./Core/Src/main.o
                0x2004041c                htim1
 .bss.htim2     0x20040468       0x4c ./Core/Src/main.o
                0x20040468                htim2
 .bss.adc_buf   0x200404b4        0x8 ./Core/Src/main.o
                0x200404b4                adc_buf
 .bss.rewind_flag
                0x200404bc        0x1 ./Core/Src/main.o
                0x200404bc                rewind_flag
 .bss.pause_state
                0x200404bd        0x1 ./Core/Src/main.o
                0x200404bd                pause_state
 .bss.forward_flag
                0x200404be        0x1 ./Core/Src/main.o
                0x200404be                forward_flag
 .bss.keyPress  0x200404bf        0x1 ./Core/Src/main.o
                0x200404bf                keyPress
 .bss.MIDI_index
                0x200404c0        0x4 ./Core/Src/main.o
                0x200404c0                MIDI_index
 .bss.MIDI_playing
                0x200404c4        0x1 ./Core/Src/main.o
                0x200404c4                MIDI_playing
 .bss.sound_effect_index
                0x200404c5        0x1 ./Core/Src/main.o
                0x200404c5                sound_effect_index
 *fill*         0x200404c6        0x2 
 .bss.g_uart_rx
                0x200404c8       0x18 ./Core/Src/main.o
                0x200404c8                g_uart_rx
 .bss.dac_buf   0x200404e0     0x2000 ./Core/Src/main.o
                0x200404e0                dac_buf
 .bss.image_pkt_buf
                0x200424e0     0xfff6 ./Core/Src/main.o
                0x200424e0                image_pkt_buf
 *fill*         0x200524d6        0x2 
 .bss.audio_crc_buf
                0x200524d8        0x2 ./Core/Src/main.o
                0x200524d8                audio_crc_buf
 .bss.image_pkt_ready
                0x200524da        0x1 ./Core/Src/main.o
                0x200524da                image_pkt_ready
 *fill*         0x200524db        0x1 
 .bss.image_pkt_len
                0x200524dc        0x2 ./Core/Src/main.o
                0x200524dc                image_pkt_len
 .bss.audio_pkt_ready
                0x200524de        0x1 ./Core/Src/main.o
                0x200524de                audio_pkt_ready
 .bss.audio_write_idx
                0x200524df        0x1 ./Core/Src/main.o
                0x200524df                audio_write_idx
 .bss.audio_pkt_len
                0x200524e0        0x2 ./Core/Src/main.o
                0x200524e0                audio_pkt_len
 .bss.audio_stream_active
                0x200524e2        0x1 ./Core/Src/main.o
                0x200524e2                audio_stream_active
 .bss.dac_running
                0x200524e3        0x1 ./Core/Src/main.o
                0x200524e3                dac_running
 .bss.audio_prime_count
                0x200524e4        0x1 ./Core/Src/main.o
                0x200524e4                audio_prime_count
 *fill*         0x200524e5        0x1 
 .bss.ctrl_pkt_len
                0x200524e6        0x2 ./Core/Src/main.o
                0x200524e6                ctrl_pkt_len
 .bss.ctrl_pkt_ready
                0x200524e8        0x1 ./Core/Src/main.o
                0x200524e8                ctrl_pkt_ready
 *fill*         0x200524e9        0x3 
 .bss.ctrl_buf  0x200524ec       0x10 ./Core/Src/main.o
                0x200524ec                ctrl_buf
 .bss.filter_buf
                0x200524fc     0x1000 ./Core/Src/main.o
                0x200524fc                filter_buf
 .bss.overlap   0x200534fc     0x1000 ./Core/Src/main.o
                0x200534fc                overlap
 .bss.window    0x200544fc     0x2000 ./Core/Src/main.o
 .bss.rfft      0x200564fc       0x18 ./Core/Src/main.o
                0x200564fc                rfft
 .bss.EQ        0x20056514        0xc ./Core/Src/main.o
                0x20056514                EQ
 .bss.eqCoeffs  0x20056520       0x50 ./Core/Src/main.o
                0x20056520                eqCoeffs
 .bss.eqState   0x20056570       0x40 ./Core/Src/main.o
                0x20056570                eqState
 .bss.EQ_low    0x200565b0       0x14 ./Core/Src/main.o
 .bss.EQ_mid    0x200565c4       0x14 ./Core/Src/main.o
 .bss.EQ_high   0x200565d8       0x14 ./Core/Src/main.o
 .bss.EQ_window
                0x200565ec       0x14 ./Core/Src/main.o
 .bss.inF.6     0x20056600     0x2000 ./Core/Src/main.o
 .bss.outF.5    0x20058600     0x2000 ./Core/Src/main.o
 .bss.proc_buf.4
                0x2005a600     0x1000 ./Core/Src/main.o
 .bss.last_key.1
                0x2005b600        0x4 ./Core/Src/main.o
 .bss.last_btn.0
                0x2005b604        0x4 ./Core/Src/main.o
 .bss.uwTick    0x2005b608        0x4 ./Drivers/STM32L4xx_HAL_Driver/Src/stm32l4xx_hal.o
                0x2005b608                uwTick
 .bss.retUSER   0x2005b60c        0x1 ./FATFS/App/fatfs.o
                0x2005b60c                retUSER
 *fill*         0x2005b60d        0x3 
 .bss.USERPath  0x2005b610        0x4 ./FATFS/App/fatfs.o
                0x2005b610                USERPath
 .bss.CardType  0x2005b614        0x1 ./FATFS/Target/user_diskio_spi.o
 *fill*         0x2005b615        0x3 
 .bss.spiTimerTickStart
                0x2005b618        0x4 ./FATFS/Target/user_diskio_spi.o
                0x2005b618                spiTimerTickStart
 .bss.spiTimerTickDelay
                0x2005b61c        0x4 ./FATFS/Target/user_diskio_spi.o
                0x2005b61c                spiTimerTickDelay
 .bss.disk      0x2005b620        0xc ./Middlewares/Third_Party/FatFs/src/ff_gen_drv.o
                0x2005b620                disk
 .bss.__sf      0x2005b62c      0x138 /home/nick/st/stm32cubeide_1.19.0/plugins/com.st.stm32cube.ide.mcu.externaltools.gnu-tools-for-stm32.13.3.rel1.linux64_1.0.0.202410170706/tools/bin/../lib/gcc/arm-none-eabi/13.3.1/../../../../arm-none-eabi/lib/thumb/v7e-m+fp/hard/libc_nano.a(libc_a-findfp.o)
                0x2005b62c                __sf
 *(COMMON)
                0x2005b764                        . = ALIGN (0x4)
                0x2005b764                        _ebss = .
                0x2005b764                        __bss_end__ = _ebss

._user_heap_stack
                0x2005b764      0x604 load address 0x080983e4
                0x2005b768                        . = ALIGN (0x8)
 *fill*         0x2005b764        0x4 
                [!provide]                        PROVIDE (end = .)
                0x2005b768                        PROVIDE (_end = .)
                0x2005b968                        . = (. + _Min_Heap_Size)
 *fill*         0x2005b768      0x200 
                0x2005bd68                        . = (. + _Min_Stack_Size)
 *fill*         0x2005b968      0x400 
                0x2005bd68                        . = ALIGN (0x8)

/DISCARD/
 libc.a(*)
 libm.a(*)
 libgcc.a(*)

.ARM.attributes
                0x00000000       0x30
 *(.ARM.attributes)
 .ARM.attributes
                0x00000000       0x22 /home/nick/st/stm32cubeide_1.19.0/plugins/com.st.stm32cube.ide.mcu.externaltools.gnu-tools-for-stm32.13.3.rel1.linux64_1.0.0.202410170706/tools/bin/../lib/gcc/arm-none-eabi/13.3.1/thumb/v7e-m+fp/hard/crti.o
 .ARM.attributes
                0x00000022       0x34 /home/nick/st/stm32cubeide_1.19.0/plugins/com.st.stm32cube.ide.mcu.externaltools.gnu-tools-for-stm32.13.3.rel1.linux64_1.0.0.202410170706/tools/bin/../lib/gcc/arm-none-eabi/13.3.1/thumb/v7e-m+fp/hard/crtbegin.o
 .ARM.attributes
                0x00000056       0x34 ./Core/Src/main.o
 .ARM.attributes
                0x0000008a       0x34 ./Core/Src/packets.o
 .ARM.attributes
                0x000000be       0x34 ./Core/Src/stm32l4xx_hal_msp.o
 .ARM.attributes
                0x000000f2       0x34 ./Core/Src/stm32l4xx_it.o
 .ARM.attributes
                0x00000126       0x34 ./Core/Src/system_stm32l4xx.o
 .ARM.attributes
                0x0000015a       0x34 ./Core/Src/tft.o
 .ARM.attributes
                0x0000018e       0x21 ./Core/Startup/startup_stm32l4r5zitxp.o
 .ARM.attributes
                0x000001af       0x34 ./Drivers/STM32L4xx_HAL_Driver/Src/stm32l4xx_hal.o
 .ARM.attributes
                0x000001e3       0x34 ./Drivers/STM32L4xx_HAL_Driver/Src/stm32l4xx_hal_adc.o
 .ARM.attributes
                0x00000217       0x34 ./Drivers/STM32L4xx_HAL_Driver/Src/stm32l4xx_hal_adc_ex.o
 .ARM.attributes
                0x0000024b       0x34 ./Drivers/STM32L4xx_HAL_Driver/Src/stm32l4xx_hal_cortex.o
 .ARM.attributes
                0x0000027f       0x34 ./Drivers/STM32L4xx_HAL_Driver/Src/stm32l4xx_hal_dac.o
 .ARM.attributes
                0x000002b3       0x34 ./Drivers/STM32L4xx_HAL_Driver/Src/stm32l4xx_hal_dac_ex.o
 .ARM.attributes
                0x000002e7       0x34 ./Drivers/STM32L4xx_HAL_Driver/Src/stm32l4xx_hal_dma.o
 .ARM.attributes
                0x0000031b       0x34 ./Drivers/STM32L4xx_HAL_Driver/Src/stm32l4xx_hal_gpio.o
 .ARM.attributes
                0x0000034f       0x34 ./Drivers/STM32L4xx_HAL_Driver/Src/stm32l4xx_hal_pwr_ex.o
 .ARM.attributes
                0x00000383       0x34 ./Drivers/STM32L4xx_HAL_Driver/Src/stm32l4xx_hal_rcc.o
 .ARM.attributes
                0x000003b7       0x34 ./Drivers/STM32L4xx_HAL_Driver/Src/stm32l4xx_hal_rcc_ex.o
 .ARM.attributes
                0x000003eb       0x34 ./Drivers/STM32L4xx_HAL_Driver/Src/stm32l4xx_hal_spi.o
 .ARM.attributes
                0x0000041f       0x34 ./Drivers/STM32L4xx_HAL_Driver/Src/stm32l4xx_hal_tim.o
 .ARM.attributes
                0x00000453       0x34 ./Drivers/STM32L4xx_HAL_Driver/Src/stm32l4xx_hal_tim_ex.o
 .ARM.attributes
                0x00000487       0x34 ./Drivers/STM32L4xx_HAL_Driver/Src/stm32l4xx_hal_uart.o
 .ARM.attributes
                0x000004bb       0x34 ./Drivers/STM32L4xx_HAL_Driver/Src/stm32l4xx_hal_uart_ex.o
 .ARM.attributes
                0x000004ef       0x34 ./FATFS/App/fatfs.o
 .ARM.attributes
                0x00000523       0x34 ./FATFS/Target/user_diskio.o
 .ARM.attributes
                0x00000557       0x34 ./FATFS/Target/user_diskio_spi.o
 .ARM.attributes
                0x0000058b       0x34 ./Middlewares/Third_Party/FatFs/src/ff_gen_drv.o
 .ARM.attributes
                0x000005bf       0x34 /home/nick/STM32CubeIDE/VisiTune_ws/VisiTune/Drivers/CMSIS/CMSIS-DSP/libarm_cortexM4lf_math.a(arm_rfft_fast_init_f32.o)
 .ARM.attributes
                0x000005f3       0x34 /home/nick/STM32CubeIDE/VisiTune_ws/VisiTune/Drivers/CMSIS/CMSIS-DSP/libarm_cortexM4lf_math.a(arm_biquad_cascade_df1_init_f32.o)
 .ARM.attributes
                0x00000627       0x34 /home/nick/STM32CubeIDE/VisiTune_ws/VisiTune/Drivers/CMSIS/CMSIS-DSP/libarm_cortexM4lf_math.a(arm_biquad_cascade_df1_f32.o)
 .ARM.attributes
                0x0000065b       0x34 /home/nick/STM32CubeIDE/VisiTune_ws/VisiTune/Drivers/CMSIS/CMSIS-DSP/libarm_cortexM4lf_math.a(arm_cos_f32.o)
 .ARM.attributes
                0x0000068f       0x39 /home/nick/STM32CubeIDE/VisiTune_ws/VisiTune/Drivers/CMSIS/CMSIS-DSP/libarm_cortexM4lf_math.a(arm_common_tables.o)
 .ARM.attributes
                0x000006c8       0x34 /home/nick/st/stm32cubeide_1.19.0/plugins/com.st.stm32cube.ide.mcu.externaltools.gnu-tools-for-stm32.13.3.rel1.linux64_1.0.0.202410170706/tools/bin/../lib/gcc/arm-none-eabi/13.3.1/../../../../arm-none-eabi/lib/thumb/v7e-m+fp/hard/libc_nano.a(libc_a-findfp.o)
 .ARM.attributes
                0x000006fc       0x34 /home/nick/st/stm32cubeide_1.19.0/plugins/com.st.stm32cube.ide.mcu.externaltools.gnu-tools-for-stm32.13.3.rel1.linux64_1.0.0.202410170706/tools/bin/../lib/gcc/arm-none-eabi/13.3.1/../../../../arm-none-eabi/lib/thumb/v7e-m+fp/hard/libc_nano.a(libc_a-memset.o)
 .ARM.attributes
                0x00000730       0x34 /home/nick/st/stm32cubeide_1.19.0/plugins/com.st.stm32cube.ide.mcu.externaltools.gnu-tools-for-stm32.13.3.rel1.linux64_1.0.0.202410170706/tools/bin/../lib/gcc/arm-none-eabi/13.3.1/../../../../arm-none-eabi/lib/thumb/v7e-m+fp/hard/libc_nano.a(libc_a-impure.o)
 .ARM.attributes
                0x00000764       0x34 /home/nick/st/stm32cubeide_1.19.0/plugins/com.st.stm32cube.ide.mcu.externaltools.gnu-tools-for-stm32.13.3.rel1.linux64_1.0.0.202410170706/tools/bin/../lib/gcc/arm-none-eabi/13.3.1/../../../../arm-none-eabi/lib/thumb/v7e-m+fp/hard/libc_nano.a(libc_a-errno.o)
 .ARM.attributes
                0x00000798       0x34 /home/nick/st/stm32cubeide_1.19.0/plugins/com.st.stm32cube.ide.mcu.externaltools.gnu-tools-for-stm32.13.3.rel1.linux64_1.0.0.202410170706/tools/bin/../lib/gcc/arm-none-eabi/13.3.1/../../../../arm-none-eabi/lib/thumb/v7e-m+fp/hard/libc_nano.a(libc_a-init.o)
 .ARM.attributes
                0x000007cc       0x34 /home/nick/st/stm32cubeide_1.19.0/plugins/com.st.stm32cube.ide.mcu.externaltools.gnu-tools-for-stm32.13.3.rel1.linux64_1.0.0.202410170706/tools/bin/../lib/gcc/arm-none-eabi/13.3.1/../../../../arm-none-eabi/lib/thumb/v7e-m+fp/hard/libc_nano.a(libc_a-memcpy-stub.o)
 .ARM.attributes
                0x00000800       0x34 /home/nick/st/stm32cubeide_1.19.0/plugins/com.st.stm32cube.ide.mcu.externaltools.gnu-tools-for-stm32.13.3.rel1.linux64_1.0.0.202410170706/tools/bin/../lib/gcc/arm-none-eabi/13.3.1/../../../../arm-none-eabi/lib/thumb/v7e-m+fp/hard/libm.a(libm_a-wf_pow.o)
 .ARM.attributes
                0x00000834       0x34 /home/nick/st/stm32cubeide_1.19.0/plugins/com.st.stm32cube.ide.mcu.externaltools.gnu-tools-for-stm32.13.3.rel1.linux64_1.0.0.202410170706/tools/bin/../lib/gcc/arm-none-eabi/13.3.1/../../../../arm-none-eabi/lib/thumb/v7e-m+fp/hard/libm.a(libm_a-wf_sqrt.o)
 .ARM.attributes
                0x00000868       0x34 /home/nick/st/stm32cubeide_1.19.0/plugins/com.st.stm32cube.ide.mcu.externaltools.gnu-tools-for-stm32.13.3.rel1.linux64_1.0.0.202410170706/tools/bin/../lib/gcc/arm-none-eabi/13.3.1/../../../../arm-none-eabi/lib/thumb/v7e-m+fp/hard/libm.a(libm_a-sf_cos.o)
 .ARM.attributes
                0x0000089c       0x34 /home/nick/st/stm32cubeide_1.19.0/plugins/com.st.stm32cube.ide.mcu.externaltools.gnu-tools-for-stm32.13.3.rel1.linux64_1.0.0.202410170706/tools/bin/../lib/gcc/arm-none-eabi/13.3.1/../../../../arm-none-eabi/lib/thumb/v7e-m+fp/hard/libm.a(libm_a-sf_sin.o)
 .ARM.attributes