../Core/Src/main.c:72:6:HAL_UART_RxCpltCallback	24	static
../Core/Src/main.c:81:6:HAL_DAC_ConvCpltCallbackCh1	16	static
../Core/Src/main.c:86:6:HAL_DAC_ConvHalfCpltCallbackCh1	16	static
../Core/Src/main.c:97:5:main	8	static
../Core/Src/main.c:148:6:SystemClock_Config	96	static
../Core/Src/main.c:193:13:MX_DAC1_Init	48	static
../Core/Src/main.c:237:13:MX_LPUART1_UART_Init	8	static
../Core/Src/main.c:285:13:MX_TIM2_Init	40	static
../Core/Src/main.c:328:13:MX_DMA_Init	16	static
../Core/Src/main.c:350:13:MX_GPIO_Init	64	static
../Core/Src/main.c:585:6:Error_Handler	4	static,ignoring_inline_asm
