Archive member included to satisfy reference by file (symbol)

/home/nick/STM32CubeIDE/VisiTune_ws/VisiTune_adian/Drivers/CMSIS/CMSIS-DSP/libarm_cortexM4lf_math.a(arm_q15_to_float.o)
                              ./Core/Src/main.o (arm_q15_to_float)
/home/nick/STM32CubeIDE/VisiTune_ws/VisiTune_adian/Drivers/CMSIS/CMSIS-DSP/libarm_cortexM4lf_math.a(arm_rfft_fast_init_f32.o)
                              ./Core/Src/main.o (arm_rfft_fast_init_f32)
/home/nick/STM32CubeIDE/VisiTune_ws/VisiTune_adian/Drivers/CMSIS/CMSIS-DSP/libarm_cortexM4lf_math.a(arm_rfft_fast_f32.o)
                              ./Core/Src/main.o (arm_rfft_fast_f32)
/home/nick/STM32CubeIDE/VisiTune_ws/VisiTune_adian/Drivers/CMSIS/CMSIS-DSP/libarm_cortexM4lf_math.a(arm_cfft_f32.o)
                              /home/nick/STM32CubeIDE/VisiTune_ws/VisiTune_adian/Drivers/CMSIS/CMSIS-DSP/libarm_cortexM4lf_math.a(arm_rfft_fast_f32.o) (arm_cfft_f32)
/home/nick/STM32CubeIDE/VisiTune_ws/VisiTune_adian/Drivers/CMSIS/CMSIS-DSP/libarm_cortexM4lf_math.a(arm_bitreversal2.o)
                              /home/nick/STM32CubeIDE/VisiTune_ws/VisiTune_adian/Drivers/CMSIS/CMSIS-DSP/libarm_cortexM4lf_math.a(arm_cfft_f32.o) (arm_bitreversal_32)
/home/nick/STM32CubeIDE/VisiTune_ws/VisiTune_adian/Drivers/CMSIS/CMSIS-DSP/libarm_cortexM4lf_math.a(arm_biquad_cascade_df1_init_f32.o)
                              ./Core/Src/main.o (arm_biquad_cascade_df1_init_f32)
/home/nick/STM32CubeIDE/VisiTune_ws/VisiTune_adian/Drivers/CMSIS/CMSIS-DSP/libarm_cortexM4lf_math.a(arm_biquad_cascade_df1_f32.o)
                              ./Core/Src/main.o (arm_biquad_cascade_df1_f32)
/home/nick/STM32CubeIDE/VisiTune_ws/VisiTune_adian/Drivers/CMSIS/CMSIS-DSP/libarm_cortexM4lf_math.a(arm_cos_f32.o)
                              ./Core/Src/main.o (arm_cos_f32)
/home/nick/STM32CubeIDE/VisiTune_ws/VisiTune_adian/Drivers/CMSIS/CMSIS-DSP/libarm_cortexM4lf_math.a(arm_common_tables.o)
                              /home/nick/STM32CubeIDE/VisiTune_ws/VisiTune_adian/Drivers/CMSIS/CMSIS-DSP/libarm_cortexM4lf_math.a(arm_cos_f32.o) (sinTable_f32)
/home/nick/STM32CubeIDE/VisiTune_ws/VisiTune_adian/Drivers/CMSIS/CMSIS-DSP/libarm_cortexM4lf_math.a(arm_cfft_radix8_f32.o)
                              /home/nick/STM32CubeIDE/VisiTune_ws/VisiTune_adian/Drivers/CMSIS/CMSIS-DSP/libarm_cortexM4lf_math.a(arm_cfft_f32.o) (arm_radix8_butterfly_f32)
/home/nick/st/stm32cubeide_1.19.0/plugins/com.st.stm32cube.ide.mcu.externaltools.gnu-tools-for-stm32.13.3.rel1.linux64_1.0.0.202410170706/tools/bin/../lib/gcc/arm-none-eabi/13.3.1/../../../../arm-none-eabi/lib/thumb/v7e-m+fp/hard/libc_nano.a(libc_a-exit.o)
                              /home/nick/st/stm32cubeide_1.19.0/plugins/com.st.stm32cube.ide.mcu.externaltools.gnu-tools-for-stm32.13.3.rel1.linux64_1.0.0.202410170706/tools/bin/../lib/gcc/arm-none-eabi/13.3.1/../../../../arm-none-eabi/lib/thumb/v7e-m+fp/hard/crt0.o (exit)
/home/nick/st/stm32cubeide_1.19.0/plugins/com.st.stm32cube.ide.mcu.externaltools.gnu-tools-for-stm32.13.3.rel1.linux64_1.0.0.202410170706/tools/bin/../lib/gcc/arm-none-eabi/13.3.1/../../../../arm-none-eabi/lib/thumb/v7e-m+fp/hard/libc_nano.a(libc_a-malloc.o)
                              ./Core/Src/ws2812.o (malloc)
/home/nick/st/stm32cubeide_1.19.0/plugins/com.st.stm32cube.ide.mcu.externaltools.gnu-tools-for-stm32.13.3.rel1.linux64_1.0.0.202410170706/tools/bin/../lib/gcc/arm-none-eabi/13.3.1/../../../../arm-none-eabi/lib/thumb/v7e-m+fp/hard/libc_nano.a(libc_a-mallocr.o)
                              /home/nick/st/stm32cubeide_1.19.0/plugins/com.st.stm32cube.ide.mcu.externaltools.gnu-tools-for-stm32.13.3.rel1.linux64_1.0.0.202410170706/tools/bin/../lib/gcc/arm-none-eabi/13.3.1/../../../../arm-none-eabi/lib/thumb/v7e-m+fp/hard/libc_nano.a(libc_a-malloc.o) (_malloc_r)
/home/nick/st/stm32cubeide_1.19.0/plugins/com.st.stm32cube.ide.mcu.externaltools.gnu-tools-for-stm32.13.3.rel1.linux64_1.0.0.202410170706/tools/bin/../lib/gcc/arm-none-eabi/13.3.1/../../../../arm-none-eabi/lib/thumb/v7e-m+fp/hard/libc_nano.a(libc_a-mlock.o)
                              /home/nick/st/stm32cubeide_1.19.0/plugins/com.st.stm32cube.ide.mcu.externaltools.gnu-tools-for-stm32.13.3.rel1.linux64_1.0.0.202410170706/tools/bin/../lib/gcc/arm-none-eabi/13.3.1/../../../../arm-none-eabi/lib/thumb/v7e-m+fp/hard/libc_nano.a(libc_a-mallocr.o) (__malloc_lock)
/home/nick/st/stm32cubeide_1.19.0/plugins/com.st.stm32cube.ide.mcu.externaltools.gnu-tools-for-stm32.13.3.rel1.linux64_1.0.0.202410170706/tools/bin/../lib/gcc/arm-none-eabi/13.3.1/../../../../arm-none-eabi/lib/thumb/v7e-m+fp/hard/libc_nano.a(libc_a-findfp.o)
                              /home/nick/st/stm32cubeide_1.19.0/plugins/com.st.stm32cube.ide.mcu.externaltools.gnu-tools-for-stm32.13.3.rel1.linux64_1.0.0.202410170706/tools/bin/../lib/gcc/arm-none-eabi/13.3.1/../../../../arm-none-eabi/lib/thumb/v7e-m+fp/hard/libc_nano.a(libc_a-exit.o) (__stdio_exit_handler)
[...]
Memory Configuration

Name             Origin             Length             Attributes
RAM              0x20000000         0x00030000         xrw
RAM2             0x10000000         0x00010000         xrw
RAM3             0x20040000         0x00060000         xrw
FLASH            0x08000000         0x00200000         xr
*default*        0x00000000         0xffffffff

Linker script and memory map

LOAD /home/nick/st/stm32cubeide_1.19.0/plugins/com.st.stm32cube.ide.mcu.externaltools.gnu-tools-for-stm32.13.3.rel1.linux64_1.0.0.202410170706/tools/bin/../lib/gcc/arm-none-eabi/13.3.1/thumb/v7e-m+fp/hard/crti.o
LOAD /home/nick/st/stm32cubeide_1.19.0/plugins/com.st.stm32cube.ide.mcu.externaltools.gnu-tools-for-stm32.13.3.rel1.linux64_1.0.0.202410170706/tools/bin/../lib/gcc/arm-none-eabi/13.3.1/thumb/v7e-m+fp/hard/crtbegin.o
LOAD /home/nick/st/stm32cubeide_1.19.0/plugins/com.st.stm32cube.ide.mcu.externaltools.gnu-tools-for-stm32.13.3.rel1.linux64_1.0.0.202410170706/tools/bin/../lib/gcc/arm-none-eabi/13.3.1/../../../../arm-none-eabi/lib/thumb/v7e-m+fp/hard/crt0.o
LOAD ./Core/Src/color_values.o
LOAD ./Core/Src/eq_graph.o
LOAD ./Core/Src/main.o
LOAD ./Core/Src/packets.o
LOAD ./Core/Src/sd_card.o
LOAD ./Core/Src/stm32l4xx_hal_msp.o
LOAD ./Core/Src/stm32l4xx_it.o
LOAD ./Core/Src/syscalls.o
LOAD ./Core/Src/sysmem.o
LOAD ./Core/Src/system_stm32l4xx.o
LOAD ./Core/Src/tft.o
LOAD ./Core/Src/ws2812.o
LOAD ./Core/Startup/startup_stm32l4r5zitxp.o
LOAD ./Drivers/STM32L4xx_HAL_Driver/Src/stm32l4xx_hal.o
LOAD ./Drivers/STM32L4xx_HAL_Driver/Src/stm32l4xx_hal_adc.o
LOAD ./Drivers/STM32L4xx_HAL_Driver/Src/stm32l4xx_hal_adc_ex.o
LOAD ./Drivers/STM32L4xx_HAL_Driver/Src/stm32l4xx_hal_cortex.o
LOAD ./Drivers/STM32L4xx_HAL_Driver/Src/stm32l4xx_hal_dac.o
LOAD ./Drivers/STM32L4xx_HAL_Driver/Src/stm32l4xx_hal_dac_ex.o
LOAD ./Drivers/STM32L4xx_HAL_Driver/Src/stm32l4xx_hal_dma.o
LOAD ./Drivers/STM32L4xx_HAL_Driver/Src/stm32l4xx_hal_dma_ex.o
LOAD ./Drivers/STM32L4xx_HAL_Driver/Src/stm32l4xx_hal_exti.o
LOAD ./Drivers/STM32L4xx_HAL_Driver/Src/stm32l4xx_hal_flash.o
LOAD ./Drivers/STM32L4xx_HAL_Driver/Src/stm32l4xx_hal_flash_ex.o
LOAD ./Drivers/STM32L4xx_HAL_Driver/Src/stm32l4xx_hal_flash_ramfunc.o
LOAD ./Drivers/STM32L4xx_HAL_Driver/Src/stm32l4xx_hal_gpio.o
LOAD ./Drivers/STM32L4xx_HAL_Driver/Src/stm32l4xx_hal_i2c.o
LOAD ./Drivers/STM32L4xx_HAL_Driver/Src/stm32l4xx_hal_i2c_ex.o
LOAD ./Drivers/STM32L4xx_HAL_Driver/Src/stm32l4xx_hal_pwr.o
LOAD ./Drivers/STM32L4xx_HAL_Driver/Src/stm32l4xx_hal_pwr_ex.o
LOAD ./Drivers/STM32L4xx_HAL_Driver/Src/stm32l4xx_hal_rcc.o
LOAD ./Drivers/STM32L4xx_HAL_Driver/Src/stm32l4xx_hal_rcc_ex.o
LOAD ./Drivers/STM32L4xx_HAL_Driver/Src/stm32l4xx_hal_spi.o
LOAD ./Drivers/STM32L4xx_HAL_Driver/Src/stm32l4xx_hal_spi_ex.o
LOAD ./Drivers/STM32L4xx_HAL_Driver/Src/stm32l4xx_hal_tim.o
LOAD ./Drivers/STM32L4xx_HAL_Driver/Src/stm32l4xx_hal_tim_ex.o
LOAD ./Drivers/STM32L4xx_HAL_Driver/Src/stm32l4xx_hal_uart.o
LOAD ./Drivers/STM32L4xx_HAL_Driver/Src/stm32l4xx_hal_uart_ex.o
LOAD ./FATFS/App/fatfs.o
LOAD ./FATFS/Target/user_diskio.o
LOAD ./FATFS/Target/user_diskio_spi.o
LOAD ./Middlewares/Third_Party/FatFs/src/diskio.o
LOAD ./Middlewares/Third_Party/FatFs/src/ff.o
LOAD ./Middlewares/Third_Party/FatFs/src/ff_gen_drv.o
LOAD ./Middlewares/Third_Party/FatFs/src/option/syscall.o
LOAD /home/nick/STM32CubeIDE/VisiTune_ws/VisiTune_adian/Drivers/CMSIS/CMSIS-DSP/libarm_cortexM4lf_math.a
START GROUP
LOAD /home/nick/st/stm32cubeide_1.19.0/plugins/com.st.stm32cube.ide.mcu.externaltools.gnu-tools-for-stm32.13.3.rel1.linux64_1.0.0.202410170706/tools/bin/../lib/gcc/arm-none-eabi/13.3.1/../../../../arm-none-eabi/lib/thumb/v7e-m+fp/hard/libc_nano.a
LOAD /home/nick/st/stm32cubeide_1.19.0/plugins/com.st.stm32cube.ide.mcu.externaltools.gnu-tools-for-stm32.13.3.rel1.linux64_1.0.0.202410170706/tools/bin/../lib/gcc/arm-none-eabi/13.3.1/../../../../arm-none-eabi/lib/thumb/v7e-m+fp/hard/libm.a
END GROUP
START GROUP
LOAD /home/nick/st/stm32cubeide_1.19.0/plugins/com.st.stm32cube.ide.mcu.externaltools.gnu-tools-for-stm32.13.3.rel1.linux64_1.0.0.202410170706/tools/bin/../lib/gcc/arm-none-eabi/13.3.1/thumb/v7e-m+fp/hard/libgcc.a
LOAD /home/nick/st/stm32cubeide_1.19.0/plugins/com.st.stm32cube.ide.mcu.externaltools.gnu-tools-for-stm32.13.3.rel1.linux64_1.0.0.202410170706/tools/bin/../lib/gcc/arm-none-eabi/13.3.1/../../../../arm-none-eabi/lib/thumb/v7e-m+fp/hard/libc_nano.a
END GROUP
START GROUP
LOAD /home/nick/st/stm32cubeide_1.19.0/plugins/com.st.stm32cube.ide.mcu.externaltools.gnu-tools-for-stm32.13.3.rel1.linux64_1.0.0.202410170706/tools/bin/../lib/gcc/arm-none-eabi/13.3.1/thumb/v7e-m+fp/hard/libgcc.a
LOAD /home/nick/st/stm32cubeide_1.19.0/plugins/com.st.stm32cube.ide.mcu.externaltools.gnu-tools-for-stm32.13.3.rel1.linux64_1.0.0.202410170706/tools/bin/../lib/gcc/arm-none-eabi/13.3.1/../../../../arm-none-eabi/lib/thumb/v7e-m+fp/hard/libc_nano.a
LOAD /home/nick/st/stm32cubeide_1.19.0/plugins/com.st.stm32cube.ide.mcu.externaltools.gnu-tools-for-stm32.13.3.rel1.linux64_1.0.0.202410170706/tools/bin/../lib/gcc/arm-none-eabi/13.3.1/../../../../arm-none-eabi/lib/thumb/v7e-m+fp/hard/libnosys.a
END GROUP
START GROUP
LOAD /home/nick/st/stm32cubeide_1.19.0/plugins/com.st.stm32cube.ide.mcu.externaltools.gnu-tools-for-stm32.13.3.rel1.linux64_1.0.0.202410170706/tools/bin/../lib/gcc/arm-none-eabi/13.3.1/thumb/v7e-m+fp/hard/libgcc.a
LOAD /home/nick/st/stm32cubeide_1.19.0/plugins/com.st.stm32cube.ide.mcu.externaltools.gnu-tools-for-stm32.13.3.rel1.linux64_1.0.0.202410170706/tools/bin/../lib/gcc/arm-none-eabi/13.3.1/../../../../arm-none-eabi/lib/thumb/v7e-m+fp/hard/libc_nano.a
LOAD /home/nick/st/stm32cubeide_1.19.0/plugins/com.st.stm32cube.ide.mcu.externaltools.gnu-tools-for-stm32.13.3.rel1.linux64_1.0.0.202410170706/tools/bin/../lib/gcc/arm-none-eabi/13.3.1/../../../../arm-none-eabi/lib/thumb/v7e-m+fp/hard/libnosys.a
END GROUP
LOAD /home/nick/st/stm32cubeide_1.19.0/plugins/com.st.stm32cube.ide.mcu.externaltools.gnu-tools-for-stm32.13.3.rel1.linux64_1.0.0.202410170706/tools/bin/../lib/gcc/arm-none-eabi/13.3.1/thumb/v7e-m+fp/hard/crtend.o
LOAD /home/nick/st/stm32cubeide_1.19.0/plugins/com.st.stm32cube.ide.mcu.externaltools.gnu-tools-for-stm32.13.3.rel1.linux64_1.0.0.202410170706/tools/bin/../lib/gcc/arm-none-eabi/13.3.1/thumb/v7e-m+fp/hard/crtn.o
                0x200a0000                        _estack = (ORIGIN (RAM3) + LENGTH (RAM3))
                0x00000200                        _Min_Heap_Size = 0x200
                0x00000400                        _Min_Stack_Size = 0x400

.isr_vector     0x08000000      0x1bc
                0x08000000                        . = ALIGN (0x4)
 *(.isr_vector)
 .isr_vector    0x08000000      0x1bc ./Core/Startup/startup_stm32l4r5zitxp.o
                0x08000000                g_pfnVectors
                0x080001bc                        . = ALIGN (0x4)

.text           0x080001c0     0xf568
                0x080001c0                        . = ALIGN (0x4)
 *(.text)
 .text          0x080001c0       0x40 /home/nick/st/stm32cubeide_1.19.0/plugins/com.st.stm32cube.ide.mcu.externaltools.gnu-tools-for-stm32.13.3.rel1.linux64_1.0.0.202410170706/tools/bin/../lib/gcc/arm-none-eabi/13.3.1/thumb/v7e-m+fp/hard/crtbegin.o
 .text          0x08000200      0x378 /home/nick/st/stm32cubeide_1.19.0/plugins/com.st.stm32cube.ide.mcu.externaltools.gnu-tools-for-stm32.13.3.rel1.linux64_1.0.0.202410170706/tools/bin/../lib/gcc/arm-none-eabi/13.3.1/thumb/v7e-m+fp/hard/libgcc.a(_arm_addsubdf3.o)
                0x08000200                __aeabi_drsub
                0x08000208                __aeabi_dsub
                0x08000208                __subdf3
                0x0800020c                __adddf3
                0x0800020c                __aeabi_dadd
                0x08000484                __aeabi_ui2d
                0x08000484                __floatunsidf
                0x080004a4                __floatsidf
                0x080004a4                __aeabi_i2d
                0x080004c8                __extendsfdf2
                0x080004c8                __aeabi_f2d
                0x0800050c                __aeabi_ul2d
                0x0800050c                __floatundidf
                0x0800051c                __floatdidf
                0x0800051c                __aeabi_l2d
 .text          0x08000578      0x424 /home/nick/st/stm32cubeide_1.19.0/plugins/com.st.stm32cube.ide.mcu.externaltools.gnu-tools-for-stm32.13.3.rel1.linux64_1.0.0.202410170706/tools/bin/../lib/gcc/arm-none-eabi/13.3.1/thumb/v7e-m+fp/hard/libgcc.a(_arm_muldivdf3.o)
                0x08000578                __aeabi_dmul
                0x08000578                __muldf3
                0x080007cc                __aeabi_ddiv
                0x080007cc                __divdf3
 .text          0x0800099c       0xa0 /home/nick/st/stm32cubeide_1.19.0/plugins/com.st.stm32cube.ide.mcu.externaltools.gnu-tools-for-stm32.13.3.rel1.linux64_1.0.0.202410170706/tools/bin/../lib/gcc/arm-none-eabi/13.3.1/thumb/v7e-m+fp/hard/libgcc.a(_arm_truncdfsf2.o)
                0x0800099c                __aeabi_d2f
                0x0800099c                __truncdfsf2
 .text          0x08000a3c       0x30 /home/nick/st/stm32cubeide_1.19.0/plugins/com.st.stm32cube.ide.mcu.externaltools.gnu-tools-for-stm32.13.3.rel1.linux64_1.0.0.202410170706/tools/bin/../lib/gcc/arm-none-eabi/13.3.1/thumb/v7e-m+fp/hard/libgcc.a(_aeabi_uldivmod.o)
                0x08000a3c                __aeabi_uldivmod
 .text          0x08000a6c      0x2f8 /home/nick/st/stm32cubeide_1.19.0/plugins/com.st.stm32cube.ide.mcu.externaltools.gnu-tools-for-stm32.13.3.rel1.linux64_1.0.0.202410170706/tools/bin/../lib/gcc/arm-none-eabi/13.3.1/thumb/v7e-m+fp/hard/libgcc.a(_udivmoddi4.o)
                0x08000a6c                __udivmoddi4
 .text          0x08000d64        0x4 /home/nick/st/stm32cubeide_1.19.0/plugins/com.st.stm32cube.ide.mcu.externaltools.gnu-tools-for-stm32.13.3.rel1.linux64_1.0.0.202410170706/tools/bin/../lib/gcc/arm-none-eabi/13.3.1/thumb/v7e-m+fp/hard/libgcc.a(_dvmd_tls.o)
                0x08000d64                __aeabi_ldiv0
                0x08000d64                __aeabi_idiv0
 *(.text*)
 .text.xy_to_led_index
                0x08000d68       0x62 ./Core/Src/eq_graph.o
 *fill*         0x08000dca        0x2 
 .text.eq_graph_set
                0x08000dcc       0x38 ./Core/Src/eq_graph.o
                0x08000dcc                eq_graph_set
 .text.eq_graph_update_fft
                0x08000e04      0x148 ./Core/Src/eq_graph.o
                0x08000e04                eq_graph_update_fft
 .text.eq_graph_render
                0x08000f4c      0x108 ./Core/Src/eq_graph.o
                0x08000f4c                eq_graph_render
 .text.eq_graph_tick
                0x08001054       0x28 ./Core/Src/eq_graph.o
                0x08001054                eq_graph_tick
 .text.HAL_TIM_PWM_PulseFinishedHalfCpltCallback
                0x0800107c       0x30 ./Core/Src/main.o
                0x0800107c                HAL_TIM_PWM_PulseFinishedHalfCpltCallback
 .text.HAL_TIM_PWM_PulseFinishedCallback
                0x080010ac       0x30 ./Core/Src/main.o
                0x080010ac                HAL_TIM_PWM_PulseFinishedCallback
 .text.EQ_LED_Tick
                0x080010dc      0x16c ./Core/Src/main.o
                0x080010dc                EQ_LED_Tick
 .text.EQ_setGains
                0x08001248      0x1ac ./Core/Src/main.o
                0x08001248                EQ_setGains
 *fill*         0x080013f4        0x4 
 .text.biquad_low_shelf
                0x080013f8      0x2c8 ./Core/Src/main.o
 .text.biquad_peak
                0x080016c0      0x18c ./Core/Src/main.o
 *fill*         0x0800184c        0x4 
 .text.biquad_high_shelf
                0x08001850      0x2c8 ./Core/Src/main.o
 .text.bpf_constant0dB
                0x08001b18      0x178 ./Core/Src/main.o
                0x08001b18                bpf_constant0dB
 .text.processEQ
                0x08001c90       0xe8 ./Core/Src/main.o
                0x08001c90                processEQ
 .text.mapSliderToDB
                0x08001d78       0x40 ./Core/Src/main.o
                0x08001d78                mapSliderToDB
 .text.mapKnobtoFreq
                0x08001db8       0x90 ./Core/Src/main.o
                0x08001db8                mapKnobtoFreq
 .text.main     0x08001e48      0x1a0 ./Core/Src/main.o
                0x08001e48                main
 .text.SystemClock_Config
                0x08001fe8       0xa0 ./Core/Src/main.o
                0x08001fe8                SystemClock_Config
 .text.MX_ADC1_Init
                0x08002088      0x128 ./Core/Src/main.o
 .text.MX_DAC1_Init
                0x080021b0       0x68 ./Core/Src/main.o
 .text.MX_LPUART1_UART_Init
                0x08002218       0x9c ./Core/Src/main.o
 .text.MX_SPI1_Init
                0x080022b4       0x7c ./Core/Src/main.o
 .text.MX_SPI2_Init
                0x08002330       0x7c ./Core/Src/main.o
 .text.MX_TIM1_Init
                0x080023ac       0xa4 ./Core/Src/main.o
 .text.MX_TIM2_Init
                0x08002450       0x9c ./Core/Src/main.o
 .text.MX_TIM4_Init
                0x080024ec       0xec ./Core/Src/main.o
 .text.MX_DMA_Init
                0x080025d8       0x94 ./Core/Src/main.o
 .text.MX_GPIO_Init
                0x0800266c      0x414 ./Core/Src/main.o
 .text.handle_ctrl_packet
                0x08002a80       0xec ./Core/Src/main.o
 .text.handle_image_packet
                0x08002b6c      0x114 ./Core/Src/main.o
 .text.handle_audio_packet
                0x08002c80      0x3d0 ./Core/Src/main.o
 .text.handle_text_packet
                0x08003050      0x1e8 ./Core/Src/main.o
 .text.handle_button_presses
                0x08003238       0x98 ./Core/Src/main.o
 .text.ADC_ReadAll_Polling
                0x080032d0       0xb4 ./Core/Src/main.o
 .text.read_keypad
                0x08003384      0x16c ./Core/Src/main.o
 .text.MIDI_Check
                0x080034f0      0x15c ./Core/Src/main.o
 .text.protocol_soft_reset
                0x0800364c       0x84 ./Core/Src/main.o
 .text.HAL_GPIO_EXTI_Callback
                0x080036d0       0xec ./Core/Src/main.o
                0x080036d0                HAL_GPIO_EXTI_Callback
 .text.uart_start_header_rx
                0x080037bc       0x24 ./Core/Src/main.o
 .text.HAL_UART_RxCpltCallback
                0x080037e0      0x2e4 ./Core/Src/main.o
                0x080037e0                HAL_UART_RxCpltCallback
 .text.HAL_DAC_ConvHalfCpltCallbackCh1
                0x08003ac4       0x50 ./Core/Src/main.o
                0x08003ac4                HAL_DAC_ConvHalfCpltCallbackCh1
 .text.HAL_DAC_ConvCpltCallbackCh1
                0x08003b14       0x50 ./Core/Src/main.o
                0x08003b14                HAL_DAC_ConvCpltCallbackCh1
 .text.HAL_UART_ErrorCallback
                0x08003b64       0x24 ./Core/Src/main.o
                0x08003b64                HAL_UART_ErrorCallback
 .text.Error_Handler
                0x08003b88        0xc ./Core/Src/main.o
                0x08003b88                Error_Handler
 .text.crc16_ccitt
                0x08003b94       0xd6 ./Core/Src/packets.o
                0x08003b94                crc16_ccitt
 .text.parse_and_apply_image_packet
                0x08003c6a       0xbc ./Core/Src/packets.o
                0x08003c6a                parse_and_apply_image_packet
 *fill*         0x08003d26        0x2 
 .text.HAL_MspInit
                0x08003d28       0x48 ./Core/Src/stm32l4xx_hal_msp.o
                0x08003d28                HAL_MspInit
 .text.HAL_ADC_MspInit
                0x08003d70      0x1b4 ./Core/Src/stm32l4xx_hal_msp.o
                0x08003d70                HAL_ADC_MspInit
 .text.HAL_DAC_MspInit
                0x08003f24       0xdc ./Core/Src/stm32l4xx_hal_msp.o
                0x08003f24                HAL_DAC_MspInit
 .text.HAL_UART_MspInit
                0x08004000      0x12c ./Core/Src/stm32l4xx_hal_msp.o
                0x08004000                HAL_UART_MspInit
 .text.HAL_SPI_MspInit
                0x0800412c      0x180 ./Core/Src/stm32l4xx_hal_msp.o
                0x0800412c                HAL_SPI_MspInit
 .text.HAL_TIM_Base_MspInit
                0x080042ac      0x1cc ./Core/Src/stm32l4xx_hal_msp.o
                0x080042ac                HAL_TIM_Base_MspInit
 .text.HAL_TIM_MspPostInit
                0x08004478       0xc0 ./Core/Src/stm32l4xx_hal_msp.o
                0x08004478                HAL_TIM_MspPostInit
 .text.NMI_Handler
                0x08004538        0x8 ./Core/Src/stm32l4xx_it.o
                0x08004538                NMI_Handler
 .text.HardFault_Handler
                0x08004540        0x8 ./Core/Src/stm32l4xx_it.o
                0x08004540                HardFault_Handler
 .text.MemManage_Handler
                0x08004548        0x8 ./Core/Src/stm32l4xx_it.o
                0x08004548                MemManage_Handler
 .text.BusFault_Handler
                0x08004550        0x8 ./Core/Src/stm32l4xx_it.o
                0x08004550                BusFault_Handler
 .text.UsageFault_Handler
                0x08004558        0x8 ./Core/Src/stm32l4xx_it.o
                0x08004558                UsageFault_Handler
 .text.SVC_Handler
                0x08004560        0xe ./Core/Src/stm32l4xx_it.o
                0x08004560                SVC_Handler
 .text.DebugMon_Handler
                0x0800456e        0xe ./Core/Src/stm32l4xx_it.o
                0x0800456e                DebugMon_Handler
 .text.PendSV_Handler
                0x0800457c        0xe ./Core/Src/stm32l4xx_it.o
                0x0800457c                PendSV_Handler
 .text.SysTick_Handler
                0x0800458a        0xc ./Core/Src/stm32l4xx_it.o
                0x0800458a                SysTick_Handler
 .text.EXTI0_IRQHandler
                0x08004596        0xe ./Core/Src/stm32l4xx_it.o
                0x08004596                EXTI0_IRQHandler
 .text.EXTI1_IRQHandler
                0x080045a4        0xe ./Core/Src/stm32l4xx_it.o
                0x080045a4                EXTI1_IRQHandler
 *fill*         0x080045b2        0x2 
 .text.DMA1_Channel1_IRQHandler
                0x080045b4       0x14 ./Core/Src/stm32l4xx_it.o
                0x080045b4                DMA1_Channel1_IRQHandler
 .text.DMA1_Channel2_IRQHandler
                0x080045c8       0x14 ./Core/Src/stm32l4xx_it.o
                0x080045c8                DMA1_Channel2_IRQHandler
 .text.DMA1_Channel3_IRQHandler
                0x080045dc       0x14 ./Core/Src/stm32l4xx_it.o
                0x080045dc                DMA1_Channel3_IRQHandler
 .text.DMA1_Channel4_IRQHandler
                0x080045f0       0x14 ./Core/Src/stm32l4xx_it.o
                0x080045f0                DMA1_Channel4_IRQHandler
 .text.DMA1_Channel5_IRQHandler
                0x08004604       0x14 ./Core/Src/stm32l4xx_it.o
                0x08004604                DMA1_Channel5_IRQHandler
 .text.ADC1_IRQHandler
                0x08004618       0x14 ./Core/Src/stm32l4xx_it.o
                0x08004618                ADC1_IRQHandler
 .text.EXTI15_10_IRQHandler
                0x0800462c       0x10 ./Core/Src/stm32l4xx_it.o
                0x0800462c                EXTI15_10_IRQHandler
 .text.LPUART1_IRQHandler
                0x0800463c       0x14 ./Core/Src/stm32l4xx_it.o
                0x0800463c                LPUART1_IRQHandler
 .text._sbrk    0x08004650       0x6c ./Core/Src/sysmem.o
                0x08004650                _sbrk
 .text.SystemInit
                0x080046bc       0x24 ./Core/Src/system_stm32l4xx.o
                0x080046bc                SystemInit
 .text.tft_select
                0x080046e0       0x18 ./Core/Src/tft.o
 .text.tft_deselect
                0x080046f8       0x18 ./Core/Src/tft.o
 .text.tft_dc_cmd
                0x08004710       0x18 ./Core/Src/tft.o
 .text.tft_dc_data
                0x08004728       0x18 ./Core/Src/tft.o
 .text.tft_hw_reset
                0x08004740       0x2c ./Core/Src/tft.o
 .text.tft_write_cmd
                0x0800476c       0x30 ./Core/Src/tft.o
 .text.tft_write_data
                0x0800479c       0x34 ./Core/Src/tft.o
 .text.tft_write_data8
                0x080047d0       0x1c ./Core/Src/tft.o
 .text.tft_set_rotation
                0x080047ec       0x64 ./Core/Src/tft.o
                0x080047ec                tft_set_rotation
 .text.tft_set_addr_window
                0x08004850       0x8a ./Core/Src/tft.o
                0x08004850                tft_set_addr_window
 .text.tft_init
                0x080048da       0x36 ./Core/Src/tft.o
                0x080048da                tft_init
 .text.tft_fill_rect
                0x08004910      0x18c ./Core/Src/tft.o
                0x08004910                tft_fill_rect
 .text.tft_blit565
                0x08004a9c      0x160 ./Core/Src/tft.o
                0x08004a9c                tft_blit565
 .text.tft_lookup_glyph
                0x08004bfc       0x80 ./Core/Src/tft.o
 .text.tft_draw_char_scaled
                0x08004c7c       0xa0 ./Core/Src/tft.o
 .text.tft_draw_text
                0x08004d1c       0x74 ./Core/Src/tft.o
                0x08004d1c                tft_draw_text
 .text.tft_draw_text_wrap
                0x08004d90      0x14a ./Core/Src/tft.o
                0x08004d90                tft_draw_text_wrap
 *fill*         0x08004eda        0x2 
 .text.ws2812_update_buffer
                0x08004edc      0x14c ./Core/Src/ws2812.o
                0x08004edc                ws2812_update_buffer
 .text.zeroLedValues
                0x08005028       0x38 ./Core/Src/ws2812.o
                0x08005028                zeroLedValues
 .text.setLedValues
                0x08005060       0x80 ./Core/Src/ws2812.o
                0x08005060                setLedValues
 .text.ws2812_init
                0x080050e0       0x90 ./Core/Src/ws2812.o
                0x080050e0                ws2812_init
 .text.Reset_Handler
                0x08005170       0x50 ./Core/Startup/startup_stm32l4r5zitxp.o
                0x08005170                Reset_Handler
 .text.Default_Handler
                0x080051c0        0x2 ./Core/Startup/startup_stm32l4r5zitxp.o
                0x080051c0                RTC_Alarm_IRQHandler
                0x080051c0                EXTI2_IRQHandler
                0x080051c0                TIM8_TRG_COM_IRQHandler
                0x080051c0                TIM8_CC_IRQHandler
                0x080051c0                TIM1_CC_IRQHandler
                0x080051c0                TSC_IRQHandler
                0x080051c0                TAMP_STAMP_IRQHandler
                0x080051c0                EXTI3_IRQHandler
                0x080051c0                LPTIM2_IRQHandler
                0x080051c0                DFSDM1_FLT1_IRQHandler
                0x080051c0                GFXMMU_IRQHandler
                0x080051c0                I2C3_ER_IRQHandler
                0x080051c0                DFSDM1_FLT2_IRQHandler
                0x080051c0                I2C2_EV_IRQHandler
                0x080051c0                CAN1_RX0_IRQHandler
                0x080051c0                FPU_IRQHandler
                0x080051c0                TIM1_UP_TIM16_IRQHandler
                0x080051c0                LTDC_ER_IRQHandler
                0x080051c0                SPI1_IRQHandler
                0x080051c0                OCTOSPI1_IRQHandler
                0x080051c0                TIM6_DAC_IRQHandler
                0x080051c0                DCMI_IRQHandler
                0x080051c0                TIM8_UP_IRQHandler
                0x080051c0                OCTOSPI2_IRQHandler
                0x080051c0                DMA2_Channel2_IRQHandler
                0x080051c0                SAI2_IRQHandler
                0x080051c0                DFSDM1_FLT3_IRQHandler
                0x080051c0                USART3_IRQHandler
                0x080051c0                DMA1_Channel7_IRQHandler
                0x080051c0                CAN1_RX1_IRQHandler
                0x080051c0                UART5_IRQHandler
                0x080051c0                TIM4_IRQHandler
                0x080051c0                DMA2_Channel1_IRQHandler
                0x080051c0                I2C1_EV_IRQHandler
                0x080051c0                DMAMUX1_OVR_IRQHandler
                0x080051c0                DMA1_Channel6_IRQHandler
                0x080051c0                UART4_IRQHandler
                0x080051c0                DMA2_Channel4_IRQHandler
                0x080051c0                TIM3_IRQHandler
                0x080051c0                RCC_IRQHandler
                0x080051c0                Default_Handler
                0x080051c0                DMA2_Channel7_IRQHandler
                0x080051c0                TIM7_IRQHandler
                0x080051c0                SDMMC1_IRQHandler
                0x080051c0                TIM5_IRQHandler
                0x080051c0                I2C3_EV_IRQHandler
                0x080051c0                EXTI9_5_IRQHandler
                0x080051c0                RTC_WKUP_IRQHandler
                0x080051c0                LTDC_IRQHandler
                0x080051c0                PVD_PVM_IRQHandler
                0x080051c0                SPI2_IRQHandler
                0x080051c0                CAN1_TX_IRQHandler
                0x080051c0                DMA2_Channel5_IRQHandler
                0x080051c0                CRS_IRQHandler
                0x080051c0                EXTI4_IRQHandler
                0x080051c0                RNG_IRQHandler
                0x080051c0                TIM1_TRG_COM_TIM17_IRQHandler
                0x080051c0                COMP_IRQHandler
                0x080051c0                WWDG_IRQHandler
                0x080051c0                I2C4_EV_IRQHandler
                0x080051c0                DMA2_Channel6_IRQHandler
                0x080051c0                TIM2_IRQHandler
                0x080051c0                DMA2D_IRQHandler
                0x080051c0                USART2_IRQHandler
                0x080051c0                DFSDM1_FLT0_IRQHandler
                0x080051c0                I2C2_ER_IRQHandler
                0x080051c0                TIM8_BRK_IRQHandler
                0x080051c0                CAN1_SCE_IRQHandler
                0x080051c0                FLASH_IRQHandler
                0x080051c0                USART1_IRQHandler
                0x080051c0                OTG_FS_IRQHandler
                0x080051c0                SPI3_IRQHandler
                0x080051c0                I2C1_ER_IRQHandler
                0x080051c0                FMC_IRQHandler
                0x080051c0                LPTIM1_IRQHandler
                0x080051c0                I2C4_ER_IRQHandler
                0x080051c0                SAI1_IRQHandler
                0x080051c0                DMA2_Channel3_IRQHandler
                0x080051c0                TIM1_BRK_TIM15_IRQHandler
 .text.HAL_Init
                0x080051c2       0x30 ./Drivers/STM32L4xx_HAL_Driver/Src/stm32l4xx_hal.o
                0x080051c2                HAL_Init
 *fill*         0x080051f2        0x2 
 .text.HAL_InitTick
                0x080051f4       0x78 ./Drivers/STM32L4xx_HAL_Driver/Src/stm32l4xx_hal.o
                0x080051f4                HAL_InitTick
 .text.HAL_IncTick
                0x0800526c       0x28 ./Drivers/STM32L4xx_HAL_Driver/Src/stm32l4xx_hal.o
                0x0800526c                HAL_IncTick
 .text.HAL_GetTick
                0x08005294       0x18 ./Drivers/STM32L4xx_HAL_Driver/Src/stm32l4xx_hal.o
                0x08005294                HAL_GetTick
 .text.HAL_Delay
                0x080052ac       0x48 ./Drivers/STM32L4xx_HAL_Driver/Src/stm32l4xx_hal.o
                0x080052ac                HAL_Delay
 .text.LL_ADC_SetCommonClock
                0x080052f4       0x26 ./Drivers/STM32L4xx_HAL_Driver/Src/stm32l4xx_hal_adc.o
 .text.LL_ADC_SetCommonPathInternalCh
                0x0800531a       0x26 ./Drivers/STM32L4xx_HAL_Driver/Src/stm32l4xx_hal_adc.o
 .text.LL_ADC_GetCommonPathInternalCh
                0x08005340       0x1c ./Drivers/STM32L4xx_HAL_Driver/Src/stm32l4xx_hal_adc.o
 .text.LL_ADC_SetOffset
                0x0800535c       0x48 ./Drivers/STM32L4xx_HAL_Driver/Src/stm32l4xx_hal_adc.o
 .text.LL_ADC_GetOffsetChannel
                0x080053a4       0x2c ./Drivers/STM32L4xx_HAL_Driver/Src/stm32l4xx_hal_adc.o
 .text.LL_ADC_SetOffsetState
                0x080053d0       0x36 ./Drivers/STM32L4xx_HAL_Driver/Src/stm32l4xx_hal_adc.o
 .text.LL_ADC_SetSamplingTimeCommonConfig
                0x08005406       0x26 ./Drivers/STM32L4xx_HAL_Driver/Src/stm32l4xx_hal_adc.o
 .text.LL_ADC_REG_IsTriggerSourceSWStart
                0x0800542c       0x26 ./Drivers/STM32L4xx_HAL_Driver/Src/stm32l4xx_hal_adc.o
 .text.LL_ADC_REG_SetSequencerRanks
                0x08005452       0x58 ./Drivers/STM32L4xx_HAL_Driver/Src/stm32l4xx_hal_adc.o
 .text.LL_ADC_INJ_IsTriggerSourceSWStart
                0x080054aa       0x26 ./Drivers/STM32L4xx_HAL_Driver/Src/stm32l4xx_hal_adc.o
 .text.LL_ADC_SetChannelSamplingTime
                0x080054d0       0x56 ./Drivers/STM32L4xx_HAL_Driver/Src/stm32l4xx_hal_adc.o
 *fill*         0x08005526        0x2 
 .text.LL_ADC_SetChannelSingleDiff
                0x08005528       0x48 ./Drivers/STM32L4xx_HAL_Driver/Src/stm32l4xx_hal_adc.o
 .text.LL_ADC_DisableDeepPowerDown
                0x08005570       0x24 ./Drivers/STM32L4xx_HAL_Driver/Src/stm32l4xx_hal_adc.o
 .text.LL_ADC_IsDeepPowerDownEnabled
                0x08005594       0x28 ./Drivers/STM32L4xx_HAL_Driver/Src/stm32l4xx_hal_adc.o
 .text.LL_ADC_EnableInternalRegulator
                0x080055bc       0x28 ./Drivers/STM32L4xx_HAL_Driver/Src/stm32l4xx_hal_adc.o
 .text.LL_ADC_IsInternalRegulatorEnabled
                0x080055e4       0x28 ./Drivers/STM32L4xx_HAL_Driver/Src/stm32l4xx_hal_adc.o
 .text.LL_ADC_Enable
                0x0800560c       0x28 ./Drivers/STM32L4xx_HAL_Driver/Src/stm32l4xx_hal_adc.o
 .text.LL_ADC_Disable
                0x08005634       0x28 ./Drivers/STM32L4xx_HAL_Driver/Src/stm32l4xx_hal_adc.o
 .text.LL_ADC_IsEnabled
                0x0800565c       0x26 ./Drivers/STM32L4xx_HAL_Driver/Src/stm32l4xx_hal_adc.o
 .text.LL_ADC_IsDisableOngoing
                0x08005682       0x26 ./Drivers/STM32L4xx_HAL_Driver/Src/stm32l4xx_hal_adc.o
 .text.LL_ADC_REG_StartConversion
                0x080056a8       0x28 ./Drivers/STM32L4xx_HAL_Driver/Src/stm32l4xx_hal_adc.o
 .text.LL_ADC_REG_IsConversionOngoing
                0x080056d0       0x26 ./Drivers/STM32L4xx_HAL_Driver/Src/stm32l4xx_hal_adc.o
 .text.LL_ADC_INJ_IsConversionOngoing
                0x080056f6       0x26 ./Drivers/STM32L4xx_HAL_Driver/Src/stm32l4xx_hal_adc.o
 .text.HAL_ADC_Init
                0x0800571c      0x28c ./Drivers/STM32L4xx_HAL_Driver/Src/stm32l4xx_hal_adc.o
                0x0800571c                HAL_ADC_Init
 .text.HAL_ADC_Start
                0x080059a8       0xc6 ./Drivers/STM32L4xx_HAL_Driver/Src/stm32l4xx_hal_adc.o
                0x080059a8                HAL_ADC_Start
 .text.HAL_ADC_PollForConversion
                0x08005a6e      0x11e ./Drivers/STM32L4xx_HAL_Driver/Src/stm32l4xx_hal_adc.o
                0x08005a6e                HAL_ADC_PollForConversion
 .text.HAL_ADC_GetValue
                0x08005b8c       0x1a ./Drivers/STM32L4xx_HAL_Driver/Src/stm32l4xx_hal_adc.o
                0x08005b8c                HAL_ADC_GetValue
 .text.HAL_ADC_IRQHandler
                0x08005ba6      0x368 ./Drivers/STM32L4xx_HAL_Driver/Src/stm32l4xx_hal_adc.o
                0x08005ba6                HAL_ADC_IRQHandler
 .text.HAL_ADC_ConvCpltCallback
                0x08005f0e       0x14 ./Drivers/STM32L4xx_HAL_Driver/Src/stm32l4xx_hal_adc.o
                0x08005f0e                HAL_ADC_ConvCpltCallback
 .text.HAL_ADC_LevelOutOfWindowCallback
                0x08005f22       0x14 ./Drivers/STM32L4xx_HAL_Driver/Src/stm32l4xx_hal_adc.o
                0x08005f22                HAL_ADC_LevelOutOfWindowCallback
 .text.HAL_ADC_ErrorCallback
                0x08005f36       0x14 ./Drivers/STM32L4xx_HAL_Driver/Src/stm32l4xx_hal_adc.o
                0x08005f36                HAL_ADC_ErrorCallback
 *fill*         0x08005f4a        0x2 
 .text.HAL_ADC_ConfigChannel
                0x08005f4c      0x7f8 ./Drivers/STM32L4xx_HAL_Driver/Src/stm32l4xx_hal_adc.o
                0x08005f4c                HAL_ADC_ConfigChannel
 .text.ADC_Enable
                0x08006744      0x10c ./Drivers/STM32L4xx_HAL_Driver/Src/stm32l4xx_hal_adc.o
                0x08006744                ADC_Enable
 .text.ADC_Disable
                0x08006850       0xbe ./Drivers/STM32L4xx_HAL_Driver/Src/stm32l4xx_hal_adc.o
                0x08006850                ADC_Disable
 .text.LL_ADC_StartCalibration
                0x0800690e       0x32 ./Drivers/STM32L4xx_HAL_Driver/Src/stm32l4xx_hal_adc_ex.o
 .text.LL_ADC_IsCalibrationOnGoing
                0x08006940       0x28 ./Drivers/STM32L4xx_HAL_Driver/Src/stm32l4xx_hal_adc_ex.o
 .text.HAL_ADCEx_Calibration_Start
                0x08006968       0xc0 ./Drivers/STM32L4xx_HAL_Driver/Src/stm32l4xx_hal_adc_ex.o
                0x08006968                HAL_ADCEx_Calibration_Start
 .text.HAL_ADCEx_InjectedConvCpltCallback
                0x08006a28       0x14 ./Drivers/STM32L4xx_HAL_Driver/Src/stm32l4xx_hal_adc_ex.o
                0x08006a28                HAL_ADCEx_InjectedConvCpltCallback
 .text.HAL_ADCEx_InjectedQueueOverflowCallback
                0x08006a3c       0x14 ./Drivers/STM32L4xx_HAL_Driver/Src/stm32l4xx_hal_adc_ex.o
                0x08006a3c                HAL_ADCEx_InjectedQueueOverflowCallback
 .text.HAL_ADCEx_LevelOutOfWindow2Callback
                0x08006a50       0x14 ./Drivers/STM32L4xx_HAL_Driver/Src/stm32l4xx_hal_adc_ex.o
                0x08006a50                HAL_ADCEx_LevelOutOfWindow2Callback
 .text.HAL_ADCEx_LevelOutOfWindow3Callback
                0x08006a64       0x14 ./Drivers/STM32L4xx_HAL_Driver/Src/stm32l4xx_hal_adc_ex.o
                0x08006a64                HAL_ADCEx_LevelOutOfWindow3Callback
 .text.HAL_ADCEx_EndOfSamplingCallback
                0x08006a78       0x14 ./Drivers/STM32L4xx_HAL_Driver/Src/stm32l4xx_hal_adc_ex.o
                0x08006a78                HAL_ADCEx_EndOfSamplingCallback
 .text.__NVIC_SetPriorityGrouping
                0x08006a8c       0x48 ./Drivers/STM32L4xx_HAL_Driver/Src/stm32l4xx_hal_cortex.o
 .text.__NVIC_GetPriorityGrouping
                0x08006ad4       0x1c ./Drivers/STM32L4xx_HAL_Driver/Src/stm32l4xx_hal_cortex.o
 .text.__NVIC_EnableIRQ
                0x08006af0       0x3c ./Drivers/STM32L4xx_HAL_Driver/Src/stm32l4xx_hal_cortex.o
 .text.__NVIC_SetPriority
                0x08006b2c       0x54 ./Drivers/STM32L4xx_HAL_Driver/Src/stm32l4xx_hal_cortex.o
 .text.NVIC_EncodePriority
                0x08006b80       0x66 ./Drivers/STM32L4xx_HAL_Driver/Src/stm32l4xx_hal_cortex.o
 *fill*         0x08006be6        0x2 
 .text.SysTick_Config
                0x08006be8       0x44 ./Drivers/STM32L4xx_HAL_Driver/Src/stm32l4xx_hal_cortex.o
 .text.HAL_NVIC_SetPriorityGrouping
                0x08006c2c       0x16 ./Drivers/STM32L4xx_HAL_Driver/Src/stm32l4xx_hal_cortex.o
                0x08006c2c                HAL_NVIC_SetPriorityGrouping
 .text.HAL_NVIC_SetPriority
                0x08006c42       0x38 ./Drivers/STM32L4xx_HAL_Driver/Src/stm32l4xx_hal_cortex.o
                0x08006c42                HAL_NVIC_SetPriority
 .text.HAL_NVIC_EnableIRQ
                0x08006c7a       0x1c ./Drivers/STM32L4xx_HAL_Driver/Src/stm32l4xx_hal_cortex.o
                0x08006c7a                HAL_NVIC_EnableIRQ
 .text.HAL_SYSTICK_Config
                0x08006c96       0x18 ./Drivers/STM32L4xx_HAL_Driver/Src/stm32l4xx_hal_cortex.o
                0x08006c96                HAL_SYSTICK_Config
 .text.HAL_DAC_Init
                0x08006cae       0x44 ./Drivers/STM32L4xx_HAL_Driver/Src/stm32l4xx_hal_dac.o
                0x08006cae                HAL_DAC_Init
 *fill*         0x08006cf2        0x2 
 .text.HAL_DAC_Start_DMA
                0x08006cf4      0x198 ./Drivers/STM32L4xx_HAL_Driver/Src/stm32l4xx_hal_dac.o
                0x08006cf4                HAL_DAC_Start_DMA
 .text.HAL_DAC_Stop_DMA
                0x08006e8c       0x8a ./Drivers/STM32L4xx_HAL_Driver/Src/stm32l4xx_hal_dac.o
                0x08006e8c                HAL_DAC_Stop_DMA
 .text.HAL_DAC_ErrorCallbackCh1
                0x08006f16       0x14 ./Drivers/STM32L4xx_HAL_Driver/Src/stm32l4xx_hal_dac.o
                0x08006f16                HAL_DAC_ErrorCallbackCh1
 *fill*         0x08006f2a        0x2 
 .text.HAL_DAC_ConfigChannel
                0x08006f2c      0x298 ./Drivers/STM32L4xx_HAL_Driver/Src/stm32l4xx_hal_dac.o
                0x08006f2c                HAL_DAC_ConfigChannel
 .text.DAC_DMAConvCpltCh1
                0x080071c4       0x22 ./Drivers/STM32L4xx_HAL_Driver/Src/stm32l4xx_hal_dac.o
                0x080071c4                DAC_DMAConvCpltCh1
 .text.DAC_DMAHalfConvCpltCh1
                0x080071e6       0x1c ./Drivers/STM32L4xx_HAL_Driver/Src/stm32l4xx_hal_dac.o
                0x080071e6                DAC_DMAHalfConvCpltCh1
 .text.DAC_DMAErrorCh1
                0x08007202       0x2e ./Drivers/STM32L4xx_HAL_Driver/Src/stm32l4xx_hal_dac.o
                0x08007202                DAC_DMAErrorCh1
 .text.HAL_DACEx_ConvCpltCallbackCh2
                0x08007230       0x14 ./Drivers/STM32L4xx_HAL_Driver/Src/stm32l4xx_hal_dac_ex.o
                0x08007230                HAL_DACEx_ConvCpltCallbackCh2
 .text.HAL_DACEx_ConvHalfCpltCallbackCh2
                0x08007244       0x14 ./Drivers/STM32L4xx_HAL_Driver/Src/stm32l4xx_hal_dac_ex.o
                0x08007244                HAL_DACEx_ConvHalfCpltCallbackCh2
 .text.HAL_DACEx_ErrorCallbackCh2
                0x08007258       0x14 ./Drivers/STM32L4xx_HAL_Driver/Src/stm32l4xx_hal_dac_ex.o
                0x08007258                HAL_DACEx_ErrorCallbackCh2
 .text.DAC_DMAConvCpltCh2
                0x0800726c       0x22 ./Drivers/STM32L4xx_HAL_Driver/Src/stm32l4xx_hal_dac_ex.o
                0x0800726c                DAC_DMAConvCpltCh2
 .text.DAC_DMAHalfConvCpltCh2
                0x0800728e       0x1c ./Drivers/STM32L4xx_HAL_Driver/Src/stm32l4xx_hal_dac_ex.o
                0x0800728e                DAC_DMAHalfConvCpltCh2
 .text.DAC_DMAErrorCh2
                0x080072aa       0x2e ./Drivers/STM32L4xx_HAL_Driver/Src/stm32l4xx_hal_dac_ex.o
                0x080072aa                DAC_DMAErrorCh2
 .text.HAL_DMA_Init
                0x080072d8      0x150 ./Drivers/STM32L4xx_HAL_Driver/Src/stm32l4xx_hal_dma.o
                0x080072d8                HAL_DMA_Init
 .text.HAL_DMA_Start_IT
                0x08007428       0xf6 ./Drivers/STM32L4xx_HAL_Driver/Src/stm32l4xx_hal_dma.o
                0x08007428                HAL_DMA_Start_IT
 .text.HAL_DMA_Abort
                0x0800751e       0xb8 ./Drivers/STM32L4xx_HAL_Driver/Src/stm32l4xx_hal_dma.o
                0x0800751e                HAL_DMA_Abort
 .text.HAL_DMA_Abort_IT
                0x080075d6       0xbe ./Drivers/STM32L4xx_HAL_Driver/Src/stm32l4xx_hal_dma.o
                0x080075d6                HAL_DMA_Abort_IT
 .text.HAL_DMA_IRQHandler
                0x08007694      0x15e ./Drivers/STM32L4xx_HAL_Driver/Src/stm32l4xx_hal_dma.o
                0x08007694                HAL_DMA_IRQHandler
 .text.HAL_DMA_GetError
                0x080077f2       0x18 ./Drivers/STM32L4xx_HAL_Driver/Src/stm32l4xx_hal_dma.o
                0x080077f2                HAL_DMA_GetError
 .text.DMA_SetConfig
                0x0800780a       0x7c ./Drivers/STM32L4xx_HAL_Driver/Src/stm32l4xx_hal_dma.o
 *fill*         0x08007886        0x2 
 .text.DMA_CalcDMAMUXChannelBaseAndMask
                0x08007888       0x7c ./Drivers/STM32L4xx_HAL_Driver/Src/stm32l4xx_hal_dma.o
 .text.DMA_CalcDMAMUXRequestGenBaseAndMask
                0x08007904       0x48 ./Drivers/STM32L4xx_HAL_Driver/Src/stm32l4xx_hal_dma.o
 .text.HAL_GPIO_Init
                0x0800794c      0x324 ./Drivers/STM32L4xx_HAL_Driver/Src/stm32l4xx_hal_gpio.o
                0x0800794c                HAL_GPIO_Init
 .text.HAL_GPIO_ReadPin
                0x08007c70       0x30 ./Drivers/STM32L4xx_HAL_Driver/Src/stm32l4xx_hal_gpio.o
                0x08007c70                HAL_GPIO_ReadPin
 .text.HAL_GPIO_WritePin
                0x08007ca0       0x30 ./Drivers/STM32L4xx_HAL_Driver/Src/stm32l4xx_hal_gpio.o
                0x08007ca0                HAL_GPIO_WritePin
 .text.HAL_GPIO_EXTI_IRQHandler
                0x08007cd0       0x30 ./Drivers/STM32L4xx_HAL_Driver/Src/stm32l4xx_hal_gpio.o
                0x08007cd0                HAL_GPIO_EXTI_IRQHandler
 .text.HAL_PWREx_GetVoltageRange
                0x08007d00       0x40 ./Drivers/STM32L4xx_HAL_Driver/Src/stm32l4xx_hal_pwr_ex.o
                0x08007d00                HAL_PWREx_GetVoltageRange
 .text.HAL_PWREx_ControlVoltageScaling
                0x08007d40      0x148 ./Drivers/STM32L4xx_HAL_Driver/Src/stm32l4xx_hal_pwr_ex.o
                0x08007d40                HAL_PWREx_ControlVoltageScaling
 .text.HAL_PWREx_EnableVddIO2
                0x08007e88       0x20 ./Drivers/STM32L4xx_HAL_Driver/Src/stm32l4xx_hal_pwr_ex.o
                0x08007e88                HAL_PWREx_EnableVddIO2
 .text.HAL_RCC_OscConfig
                0x08007ea8      0x834 ./Drivers/STM32L4xx_HAL_Driver/Src/stm32l4xx_hal_rcc.o
                0x08007ea8                HAL_RCC_OscConfig
 .text.HAL_RCC_ClockConfig
                0x080086dc      0x274 ./Drivers/STM32L4xx_HAL_Driver/Src/stm32l4xx_hal_rcc.o
                0x080086dc                HAL_RCC_ClockConfig
 .text.HAL_RCC_GetSysClockFreq
                0x08008950      0x118 ./Drivers/STM32L4xx_HAL_Driver/Src/stm32l4xx_hal_rcc.o
                0x08008950                HAL_RCC_GetSysClockFreq
 .text.HAL_RCC_GetHCLKFreq
                0x08008a68       0x18 ./Drivers/STM32L4xx_HAL_Driver/Src/stm32l4xx_hal_rcc.o
                0x08008a68                HAL_RCC_GetHCLKFreq
 .text.HAL_RCC_GetPCLK1Freq
                0x08008a80       0x2c ./Drivers/STM32L4xx_HAL_Driver/Src/stm32l4xx_hal_rcc.o
                0x08008a80                HAL_RCC_GetPCLK1Freq
 .text.HAL_RCC_GetPCLK2Freq
                0x08008aac       0x2c ./Drivers/STM32L4xx_HAL_Driver/Src/stm32l4xx_hal_rcc.o
                0x08008aac                HAL_RCC_GetPCLK2Freq
 .text.RCC_SetFlashLatencyFromMSIRange
                0x08008ad8       0xb4 ./Drivers/STM32L4xx_HAL_Driver/Src/stm32l4xx_hal_rcc.o
 .text.RCC_GetSysClockFreqFromPLLSource
                0x08008b8c       0xcc ./Drivers/STM32L4xx_HAL_Driver/Src/stm32l4xx_hal_rcc.o
 .text.HAL_RCCEx_PeriphCLKConfig
                0x08008c58      0x660 ./Drivers/STM32L4xx_HAL_Driver/Src/stm32l4xx_hal_rcc_ex.o
                0x08008c58                HAL_RCCEx_PeriphCLKConfig
 .text.RCCEx_PLLSAI1_Config
                0x080092b8      0x1e8 ./Drivers/STM32L4xx_HAL_Driver/Src/stm32l4xx_hal_rcc_ex.o
 .text.RCCEx_PLLSAI2_Config
                0x080094a0      0x1e8 ./Drivers/STM32L4xx_HAL_Driver/Src/stm32l4xx_hal_rcc_ex.o
 .text.HAL_SPI_Init
                0x08009688      0x146 ./Drivers/STM32L4xx_HAL_Driver/Src/stm32l4xx_hal_spi.o
                0x08009688                HAL_SPI_Init
 .text.HAL_SPI_Transmit
                0x080097ce      0x2ec ./Drivers/STM32L4xx_HAL_Driver/Src/stm32l4xx_hal_spi.o
                0x080097ce                HAL_SPI_Transmit
 .text.HAL_SPI_TransmitReceive
                0x08009aba      0x43e ./Drivers/STM32L4xx_HAL_Driver/Src/stm32l4xx_hal_spi.o
                0x08009aba                HAL_SPI_TransmitReceive
 .text.SPI_WaitFlagStateUntilTimeout
                0x08009ef8      0x110 ./Drivers/STM32L4xx_HAL_Driver/Src/stm32l4xx_hal_spi.o
 .text.SPI_WaitFifoStateUntilTimeout
                0x0800a008      0x12c ./Drivers/STM32L4xx_HAL_Driver/Src/stm32l4xx_hal_spi.o
 .text.SPI_EndRxTxTransaction
                0x0800a134       0x8c ./Drivers/STM32L4xx_HAL_Driver/Src/stm32l4xx_hal_spi.o
 .text.HAL_TIM_Base_Init
                0x0800a1c0       0xae ./Drivers/STM32L4xx_HAL_Driver/Src/stm32l4xx_hal_tim.o
                0x0800a1c0                HAL_TIM_Base_Init
 *fill*         0x0800a26e        0x2 
 .text.HAL_TIM_Base_Start
                0x0800a270       0xd0 ./Drivers/STM32L4xx_HAL_Driver/Src/stm32l4xx_hal_tim.o
                0x0800a270                HAL_TIM_Base_Start
 .text.HAL_TIM_PWM_Init
                0x0800a340       0xae ./Drivers/STM32L4xx_HAL_Driver/Src/stm32l4xx_hal_tim.o
                0x0800a340                HAL_TIM_PWM_Init
 .text.HAL_TIM_PWM_MspInit
                0x0800a3ee       0x14 ./Drivers/STM32L4xx_HAL_Driver/Src/stm32l4xx_hal_tim.o
                0x0800a3ee                HAL_TIM_PWM_MspInit
 *fill*         0x0800a402        0x2 
 .text.HAL_TIM_PWM_Start_DMA
                0x0800a404      0x440 ./Drivers/STM32L4xx_HAL_Driver/Src/stm32l4xx_hal_tim.o
                0x0800a404                HAL_TIM_PWM_Start_DMA
 .text.HAL_TIM_PWM_ConfigChannel
                0x0800a844      0x228 ./Drivers/STM32L4xx_HAL_Driver/Src/stm32l4xx_hal_tim.o
                0x0800a844                HAL_TIM_PWM_ConfigChannel
 .text.HAL_TIM_ConfigClockSource
                0x0800aa6c      0x192 ./Drivers/STM32L4xx_HAL_Driver/Src/stm32l4xx_hal_tim.o
                0x0800aa6c                HAL_TIM_ConfigClockSource
 .text.HAL_TIM_ErrorCallback
                0x0800abfe       0x14 ./Drivers/STM32L4xx_HAL_Driver/Src/stm32l4xx_hal_tim.o
                0x0800abfe                HAL_TIM_ErrorCallback
 .text.TIM_DMAError
                0x0800ac12       0x92 ./Drivers/STM32L4xx_HAL_Driver/Src/stm32l4xx_hal_tim.o
                0x0800ac12                TIM_DMAError
 .text.TIM_DMADelayPulseCplt
                0x0800aca4       0xa8 ./Drivers/STM32L4xx_HAL_Driver/Src/stm32l4xx_hal_tim.o
 .text.TIM_DMADelayPulseHalfCplt
                0x0800ad4c       0x68 ./Drivers/STM32L4xx_HAL_Driver/Src/stm32l4xx_hal_tim.o
                0x0800ad4c                TIM_DMADelayPulseHalfCplt
 .text.TIM_Base_SetConfig
                0x0800adb4      0x14c ./Drivers/STM32L4xx_HAL_Driver/Src/stm32l4xx_hal_tim.o
                0x0800adb4                TIM_Base_SetConfig
 .text.TIM_OC1_SetConfig
                0x0800af00      0x120 ./Drivers/STM32L4xx_HAL_Driver/Src/stm32l4xx_hal_tim.o
 .text.TIM_OC2_SetConfig
                0x0800b020      0x114 ./Drivers/STM32L4xx_HAL_Driver/Src/stm32l4xx_hal_tim.o
                0x0800b020                TIM_OC2_SetConfig
 .text.TIM_OC3_SetConfig
                0x0800b134      0x110 ./Drivers/STM32L4xx_HAL_Driver/Src/stm32l4xx_hal_tim.o
 .text.TIM_OC4_SetConfig
                0x0800b244       0xd4 ./Drivers/STM32L4xx_HAL_Driver/Src/stm32l4xx_hal_tim.o
 .text.TIM_OC5_SetConfig
                0x0800b318       0xc8 ./Drivers/STM32L4xx_HAL_Driver/Src/stm32l4xx_hal_tim.o
 .text.TIM_OC6_SetConfig
                0x0800b3e0       0xcc ./Drivers/STM32L4xx_HAL_Driver/Src/stm32l4xx_hal_tim.o
 .text.TIM_TI1_ConfigInputStage
                0x0800b4ac       0x5e ./Drivers/STM32L4xx_HAL_Driver/Src/stm32l4xx_hal_tim.o
 .text.TIM_TI2_ConfigInputStage
                0x0800b50a       0x60 ./Drivers/STM32L4xx_HAL_Driver/Src/stm32l4xx_hal_tim.o
 .text.TIM_ITRx_SetConfig
                0x0800b56a       0x36 ./Drivers/STM32L4xx_HAL_Driver/Src/stm32l4xx_hal_tim.o
 .text.TIM_ETR_SetConfig
                0x0800b5a0       0x40 ./Drivers/STM32L4xx_HAL_Driver/Src/stm32l4xx_hal_tim.o
                0x0800b5a0                TIM_ETR_SetConfig
 .text.TIM_CCxChannelCmd
                0x0800b5e0       0x4a ./Drivers/STM32L4xx_HAL_Driver/Src/stm32l4xx_hal_tim.o
                0x0800b5e0                TIM_CCxChannelCmd
 *fill*         0x0800b62a        0x2 
 .text.HAL_TIMEx_MasterConfigSynchronization
                0x0800b62c      0x110 ./Drivers/STM32L4xx_HAL_Driver/Src/stm32l4xx_hal_tim_ex.o
                0x0800b62c                HAL_TIMEx_MasterConfigSynchronization
 .text.HAL_UART_Init
                0x0800b73c       0xa0 ./Drivers/STM32L4xx_HAL_Driver/Src/stm32l4xx_hal_uart.o
                0x0800b73c                HAL_UART_Init
 .text.HAL_UART_Transmit
                0x0800b7dc      0x11c ./Drivers/STM32L4xx_HAL_Driver/Src/stm32l4xx_hal_uart.o
                0x0800b7dc                HAL_UART_Transmit
 .text.HAL_UART_Receive_DMA
                0x0800b8f8       0x98 ./Drivers/STM32L4xx_HAL_Driver/Src/stm32l4xx_hal_uart.o
                0x0800b8f8                HAL_UART_Receive_DMA
 .text.HAL_UART_AbortReceive
                0x0800b990      0x16e ./Drivers/STM32L4xx_HAL_Driver/Src/stm32l4xx_hal_uart.o
                0x0800b990                HAL_UART_AbortReceive
 *fill*         0x0800bafe        0x2 
 .text.HAL_UART_IRQHandler
                0x0800bb00      0x684 ./Drivers/STM32L4xx_HAL_Driver/Src/stm32l4xx_hal_uart.o
                0x0800bb00                HAL_UART_IRQHandler
 .text.HAL_UART_TxCpltCallback
                0x0800c184       0x14 ./Drivers/STM32L4xx_HAL_Driver/Src/stm32l4xx_hal_uart.o
                0x0800c184                HAL_UART_TxCpltCallback
 .text.HAL_UART_RxHalfCpltCallback
                0x0800c198       0x14 ./Drivers/STM32L4xx_HAL_Driver/Src/stm32l4xx_hal_uart.o
                0x0800c198                HAL_UART_RxHalfCpltCallback
 .text.HAL_UARTEx_RxEventCallback
                0x0800c1ac       0x18 ./Drivers/STM32L4xx_HAL_Driver/Src/stm32l4xx_hal_uart.o
                0x0800c1ac                HAL_UARTEx_RxEventCallback
 .text.UART_SetConfig
                0x0800c1c4      0x5f8 ./Drivers/STM32L4xx_HAL_Driver/Src/stm32l4xx_hal_uart.o
                0x0800c1c4                UART_SetConfig
 .text.UART_AdvFeatureConfig
                0x0800c7bc      0x144 ./Drivers/STM32L4xx_HAL_Driver/Src/stm32l4xx_hal_uart.o
                0x0800c7bc                UART_AdvFeatureConfig
 .text.UART_CheckIdleState
                0x0800c900      0x154 ./Drivers/STM32L4xx_HAL_Driver/Src/stm32l4xx_hal_uart.o
                0x0800c900                UART_CheckIdleState
 .text.UART_WaitOnFlagUntilTimeout
                0x0800ca54       0xda ./Drivers/STM32L4xx_HAL_Driver/Src/stm32l4xx_hal_uart.o
                0x0800ca54                UART_WaitOnFlagUntilTimeout
 *fill*         0x0800cb2e        0x2 
 .text.UART_Start_Receive_DMA
                0x0800cb30      0x14c ./Drivers/STM32L4xx_HAL_Driver/Src/stm32l4xx_hal_uart.o
                0x0800cb30                UART_Start_Receive_DMA
 .text.UART_EndTxTransfer
                0x0800cc7c       0x82 ./Drivers/STM32L4xx_HAL_Driver/Src/stm32l4xx_hal_uart.o
 .text.UART_EndRxTransfer
                0x0800ccfe       0xcc ./Drivers/STM32L4xx_HAL_Driver/Src/stm32l4xx_hal_uart.o
 .text.UART_DMAReceiveCplt
                0x0800cdca      0x12c ./Drivers/STM32L4xx_HAL_Driver/Src/stm32l4xx_hal_uart.o
 .text.UART_DMARxHalfCplt
                0x0800cef6       0x3e ./Drivers/STM32L4xx_HAL_Driver/Src/stm32l4xx_hal_uart.o
 .text.UART_DMAError
                0x0800cf34       0x80 ./Drivers/STM32L4xx_HAL_Driver/Src/stm32l4xx_hal_uart.o
 .text.UART_DMAAbortOnError
                0x0800cfb4       0x2c ./Drivers/STM32L4xx_HAL_Driver/Src/stm32l4xx_hal_uart.o
 .text.UART_EndTransmit_IT
                0x0800cfe0       0x56 ./Drivers/STM32L4xx_HAL_Driver/Src/stm32l4xx_hal_uart.o
 .text.HAL_UARTEx_WakeupCallback
                0x0800d036       0x14 ./Drivers/STM32L4xx_HAL_Driver/Src/stm32l4xx_hal_uart_ex.o
                0x0800d036                HAL_UARTEx_WakeupCallback
 .text.HAL_UARTEx_RxFifoFullCallback
                0x0800d04a       0x14 ./Drivers/STM32L4xx_HAL_Driver/Src/stm32l4xx_hal_uart_ex.o
                0x0800d04a                HAL_UARTEx_RxFifoFullCallback
 .text.HAL_UARTEx_TxFifoEmptyCallback
                0x0800d05e       0x14 ./Drivers/STM32L4xx_HAL_Driver/Src/stm32l4xx_hal_uart_ex.o
                0x0800d05e                HAL_UARTEx_TxFifoEmptyCallback
 .text.HAL_UARTEx_DisableFifoMode
                0x0800d072       0x72 ./Drivers/STM32L4xx_HAL_Driver/Src/stm32l4xx_hal_uart_ex.o
                0x0800d072                HAL_UARTEx_DisableFifoMode
 .text.HAL_UARTEx_SetTxFifoThreshold
                0x0800d0e4       0x7c ./Drivers/STM32L4xx_HAL_Driver/Src/stm32l4xx_hal_uart_ex.o
                0x0800d0e4                HAL_UARTEx_SetTxFifoThreshold
 .text.HAL_UARTEx_SetRxFifoThreshold
                0x0800d160       0x7c ./Drivers/STM32L4xx_HAL_Driver/Src/stm32l4xx_hal_uart_ex.o
                0x0800d160                HAL_UARTEx_SetRxFifoThreshold
 .text.UARTEx_SetNbDataToProcess
                0x0800d1dc       0x9c ./Drivers/STM32L4xx_HAL_Driver/Src/stm32l4xx_hal_uart_ex.o
 .text.MX_FATFS_Init
                0x0800d278       0x24 ./FATFS/App/fatfs.o
                0x0800d278                MX_FATFS_Init
 .text.USER_initialize
                0x0800d29c       0x1c ./FATFS/Target/user_diskio.o
                0x0800d29c                USER_initialize
 .text.USER_status
                0x0800d2b8       0x1c ./FATFS/Target/user_diskio.o
                0x0800d2b8                USER_status
 .text.USER_read
                0x0800d2d4       0x26 ./FATFS/Target/user_diskio.o
                0x0800d2d4                USER_read
 .text.USER_write
                0x0800d2fa       0x26 ./FATFS/Target/user_diskio.o
                0x0800d2fa                USER_write
 .text.USER_ioctl
                0x0800d320       0x26 ./FATFS/Target/user_diskio.o
                0x0800d320                USER_ioctl
 *fill*         0x0800d346        0x2 
 .text.SPI_Timer_On
                0x0800d348       0x28 ./FATFS/Target/user_diskio_spi.o
                0x0800d348                SPI_Timer_On
 .text.SPI_Timer_Status
                0x0800d370       0x2c ./FATFS/Target/user_diskio_spi.o
                0x0800d370                SPI_Timer_Status
 .text.xchg_spi
                0x0800d39c       0x2c ./FATFS/Target/user_diskio_spi.o
 .text.rcvr_spi_multi
                0x0800d3c8       0x38 ./FATFS/Target/user_diskio_spi.o
 .text.xmit_spi_multi
                0x0800d400       0x28 ./FATFS/Target/user_diskio_spi.o
 .text.wait_ready
                0x0800d428       0x46 ./FATFS/Target/user_diskio_spi.o
 *fill*         0x0800d46e        0x2 
 .text.despiselect
                0x0800d470       0x20 ./FATFS/Target/user_diskio_spi.o
 .text.spiselect
                0x0800d490       0x38 ./FATFS/Target/user_diskio_spi.o
 .text.rcvr_datablock
                0x0800d4c8       0x52 ./FATFS/Target/user_diskio_spi.o
 .text.xmit_datablock
                0x0800d51a       0x64 ./FATFS/Target/user_diskio_spi.o
 .text.send_cmd
                0x0800d57e       0xde ./FATFS/Target/user_diskio_spi.o
 .text.USER_SPI_initialize
                0x0800d65c      0x1d4 ./FATFS/Target/user_diskio_spi.o
                0x0800d65c                USER_SPI_initialize
 .text.USER_SPI_status
                0x0800d830       0x2c ./FATFS/Target/user_diskio_spi.o
                0x0800d830                USER_SPI_status
 .text.USER_SPI_read
                0x0800d85c       0xcc ./FATFS/Target/user_diskio_spi.o
                0x0800d85c                USER_SPI_read
 .text.USER_SPI_write
                0x0800d928       0xf8 ./FATFS/Target/user_diskio_spi.o
                0x0800d928                USER_SPI_write
 .text.USER_SPI_ioctl
                0x0800da20      0x2e0 ./FATFS/Target/user_diskio_spi.o
                0x0800da20                USER_SPI_ioctl
 .text.FATFS_LinkDriverEx
                0x0800dd00       0x98 ./Middlewares/Third_Party/FatFs/src/ff_gen_drv.o
                0x0800dd00                FATFS_LinkDriverEx
 .text.FATFS_LinkDriver
                0x0800dd98       0x1e ./Middlewares/Third_Party/FatFs/src/ff_gen_drv.o
                0x0800dd98                FATFS_LinkDriver
 *fill*         0x0800ddb6        0x2 
 .text.arm_q15_to_float
                0x0800ddb8       0xd0 /home/nick/STM32CubeIDE/VisiTune_ws/VisiTune_adian/Drivers/CMSIS/CMSIS-DSP/libarm_cortexM4lf_math.a(arm_q15_to_float.o)
                0x0800ddb8                arm_q15_to_float
 .text.arm_rfft_32_fast_init_f32
                0x0800de88       0x34 /home/nick/STM32CubeIDE/VisiTune_ws/VisiTune_adian/Drivers/CMSIS/CMSIS-DSP/libarm_cortexM4lf_math.a(arm_rfft_fast_init_f32.o)
                0x0800de88                arm_rfft_32_fast_init_f32
 .text.arm_rfft_64_fast_init_f32
                0x0800debc       0x34 /home/nick/STM32CubeIDE/VisiTune_ws/VisiTune_adian/Drivers/CMSIS/CMSIS-DSP/libarm_cortexM4lf_math.a(arm_rfft_fast_init_f32.o)
                0x0800debc                arm_rfft_64_fast_init_f32
 .text.arm_rfft_256_fast_init_f32
                0x0800def0       0x38 /home/nick/STM32CubeIDE/VisiTune_ws/VisiTune_adian/Drivers/CMSIS/CMSIS-DSP/libarm_cortexM4lf_math.a(arm_rfft_fast_init_f32.o)
                0x0800def0                arm_rfft_256_fast_init_f32
 .text.arm_rfft_512_fast_init_f32
                0x0800df28       0x3c /home/nick/STM32CubeIDE/VisiTune_ws/VisiTune_adian/Drivers/CMSIS/CMSIS-DSP/libarm_cortexM4lf_math.a(arm_rfft_fast_init_f32.o)
                0x0800df28                arm_rfft_512_fast_init_f32
 .text.arm_rfft_1024_fast_init_f32
                0x0800df64       0x3c /home/nick/STM32CubeIDE/VisiTune_ws/VisiTune_adian/Drivers/CMSIS/CMSIS-DSP/libarm_cortexM4lf_math.a(arm_rfft_fast_init_f32.o)
                0x0800df64                arm_rfft_1024_fast_init_f32
 .text.arm_rfft_2048_fast_init_f32
                0x0800dfa0       0x3c /home/nick/STM32CubeIDE/VisiTune_ws/VisiTune_adian/Drivers/CMSIS/CMSIS-DSP/libarm_cortexM4lf_math.a(arm_rfft_fast_init_f32.o)
                0x0800dfa0                arm_rfft_2048_fast_init_f32
 .text.arm_rfft_4096_fast_init_f32
                0x0800dfdc       0x3c /home/nick/STM32CubeIDE/VisiTune_ws/VisiTune_adian/Drivers/CMSIS/CMSIS-DSP/libarm_cortexM4lf_math.a(arm_rfft_fast_init_f32.o)
                0x0800dfdc                arm_rfft_4096_fast_init_f32
 .text.arm_rfft_fast_init_f32
                0x0800e018       0x68 /home/nick/STM32CubeIDE/VisiTune_ws/VisiTune_adian/Drivers/CMSIS/CMSIS-DSP/libarm_cortexM4lf_math.a(arm_rfft_fast_init_f32.o)
                0x0800e018                arm_rfft_fast_init_f32
 .text.arm_biquad_cascade_df1_init_f32
                0x0800e080       0x18 /home/nick/STM32CubeIDE/VisiTune_ws/VisiTune_adian/Drivers/CMSIS/CMSIS-DSP/libarm_cortexM4lf_math.a(arm_biquad_cascade_df1_init_f32.o)
                0x0800e080                arm_biquad_cascade_df1_init_f32
 .text.arm_biquad_cascade_df1_f32
                0x0800e098      0x1fc /home/nick/STM32CubeIDE/VisiTune_ws/VisiTune_adian/Drivers/CMSIS/CMSIS-DSP/libarm_cortexM4lf_math.a(arm_biquad_cascade_df1_f32.o)
                0x0800e098                arm_biquad_cascade_df1_f32
 .text.arm_cos_f32
                0x0800e294       0x94 /home/nick/STM32CubeIDE/VisiTune_ws/VisiTune_adian/Drivers/CMSIS/CMSIS-DSP/libarm_cortexM4lf_math.a(arm_cos_f32.o)
                0x0800e294                arm_cos_f32
 .text.malloc   0x0800e328       0x10 /home/nick/st/stm32cubeide_1.19.0/plugins/com.st.stm32cube.ide.mcu.externaltools.gnu-tools-for-stm32.13.3.rel1.linux64_1.0.0.202410170706/tools/bin/../lib/gcc/arm-none-eabi/13.3.1/../../../../arm-none-eabi/lib/thumb/v7e-m+fp/hard/libc_nano.a(libc_a-malloc.o)
                0x0800e328                malloc
 .text.sbrk_aligned
                0x0800e338       0x44 /home/nick/st/stm32cubeide_1.19.0/plugins/com.st.stm32cube.ide.mcu.externaltools.gnu-tools-for-stm32.13.3.rel1.linux64_1.0.0.202410170706/tools/bin/../lib/gcc/arm-none-eabi/13.3.1/../../../../arm-none-eabi/lib/thumb/v7e-m+fp/hard/libc_nano.a(libc_a-mallocr.o)
 .text._malloc_r
                0x0800e37c      0x100 /home/nick/st/stm32cubeide_1.19.0/plugins/com.st.stm32cube.ide.mcu.externaltools.gnu-tools-for-stm32.13.3.rel1.linux64_1.0.0.202410170706/tools/bin/../lib/gcc/arm-none-eabi/13.3.1/../../../../arm-none-eabi/lib/thumb/v7e-m+fp/hard/libc_nano.a(libc_a-mallocr.o)
                0x0800e37c                _malloc_r
 .text.__malloc_lock
                0x0800e47c        0xc /home/nick/st/stm32cubeide_1.19.0/plugins/com.st.stm32cube.ide.mcu.externaltools.gnu-tools-for-stm32.13.3.rel1.linux64_1.0.0.202410170706/tools/bin/../lib/gcc/arm-none-eabi/13.3.1/../../../../arm-none-eabi/lib/thumb/v7e-m+fp/hard/libc_nano.a(libc_a-mlock.o)
                0x0800e47c                __malloc_lock
 .text.__malloc_unlock
                0x0800e488        0xc /home/nick/st/stm32cubeide_1.19.0/plugins/com.st.stm32cube.ide.mcu.externaltools.gnu-tools-for-stm32.13.3.rel1.linux64_1.0.0.202410170706/tools/bin/../lib/gcc/arm-none-eabi/13.3.1/../../../../arm-none-eabi/lib/thumb/v7e-m+fp/hard/libc_nano.a(libc_a-mlock.o)
                0x0800e488                __malloc_unlock
 .text.memset   0x0800e494       0x10 /home/nick/st/stm32cubeide_1.19.0/plugins/com.st.stm32cube.ide.mcu.externaltools.gnu-tools-for-stm32.13.3.rel1.linux64_1.0.0.202410170706/tools/bin/../lib/gcc/arm-none-eabi/13.3.1/../../../../arm-none-eabi/lib/thumb/v7e-m+fp/hard/libc_nano.a(libc_a-memset.o)
                0x0800e494                memset
 .text._sbrk_r  0x0800e4a4       0x20 /home/nick/st/stm32cubeide_1.19.0/plugins/com.st.stm32cube.ide.mcu.externaltools.gnu-tools-for-stm32.13.3.rel1.linux64_1.0.0.202410170706/tools/bin/../lib/gcc/arm-none-eabi/13.3.1/../../../../arm-none-eabi/lib/thumb/v7e-m+fp/hard/libc_nano.a(libc_a-sbrkr.o)
                0x0800e4a4                _sbrk_r
 .text.__errno  0x0800e4c4        0xc /home/nick/st/stm32cubeide_1.19.0/plugins/com.st.stm32cube.ide.mcu.externaltools.gnu-tools-for-stm32.13.3.rel1.linux64_1.0.0.202410170706/tools/bin/../lib/gcc/arm-none-eabi/13.3.1/../../../../arm-none-eabi/lib/thumb/v7e-m+fp/hard/libc_nano.a(libc_a-errno.o)
                0x0800e4c4                __errno
 .text.__libc_init_array
                0x0800e4d0       0x48 /home/nick/st/stm32cubeide_1.19.0/plugins/com.st.stm32cube.ide.mcu.externaltools.gnu-tools-for-stm32.13.3.rel1.linux64_1.0.0.202410170706/tools/bin/../lib/gcc/arm-none-eabi/13.3.1/../../../../arm-none-eabi/lib/thumb/v7e-m+fp/hard/libc_nano.a(libc_a-init.o)
                0x0800e4d0                __libc_init_array
 .text.__retarget_lock_acquire_recursive
                0x0800e518        0x2 /home/nick/st/stm32cubeide_1.19.0/plugins/com.st.stm32cube.ide.mcu.externaltools.gnu-tools-for-stm32.13.3.rel1.linux64_1.0.0.202410170706/tools/bin/../lib/gcc/arm-none-eabi/13.3.1/../../../../arm-none-eabi/lib/thumb/v7e-m+fp/hard/libc_nano.a(libc_a-lock.o)
                0x0800e518                __retarget_lock_acquire_recursive
 .text.__retarget_lock_release_recursive
                0x0800e51a        0x2 /home/nick/st/stm32cubeide_1.19.0/plugins/com.st.stm32cube.ide.mcu.externaltools.gnu-tools-for-stm32.13.3.rel1.linux64_1.0.0.202410170706/tools/bin/../lib/gcc/arm-none-eabi/13.3.1/../../../../arm-none-eabi/lib/thumb/v7e-m+fp/hard/libc_nano.a(libc_a-lock.o)
                0x0800e51a                __retarget_lock_release_recursive
 .text.memcpy   0x0800e51c       0x1c /home/nick/st/stm32cubeide_1.19.0/plugins/com.st.stm32cube.ide.mcu.externaltools.gnu-tools-for-stm32.13.3.rel1.linux64_1.0.0.202410170706/tools/bin/../lib/gcc/arm-none-eabi/13.3.1/../../../../arm-none-eabi/lib/thumb/v7e-m+fp/hard/libc_nano.a(libc_a-memcpy-stub.o)
                0x0800e51c                memcpy
 .text.powf     0x0800e538       0xae /home/nick/st/stm32cubeide_1.19.0/plugins/com.st.stm32cube.ide.mcu.externaltools.gnu-tools-for-stm32.13.3.rel1.linux64_1.0.0.202410170706/tools/bin/../lib/gcc/arm-none-eabi/13.3.1/../../../../arm-none-eabi/lib/thumb/v7e-m+fp/hard/libm.a(libm_a-wf_pow.o)
                0x0800e538                powf
 *fill*         0x0800e5e6        0x2 
 .text.sqrtf    0x0800e5e8       0x3c /home/nick/st/stm32cubeide_1.19.0/plugins/com.st.stm32cube.ide.mcu.externaltools.gnu-tools-for-stm32.13.3.rel1.linux64_1.0.0.202410170706/tools/bin/../lib/gcc/arm-none-eabi/13.3.1/../../../../arm-none-eabi/lib/thumb/v7e-m+fp/hard/libm.a(libm_a-wf_sqrt.o)
                0x0800e5e8                sqrtf
 .text.cosf     0x0800e624       0x88 /home/nick/st/stm32cubeide_1.19.0/plugins/com.st.stm32cube.ide.mcu.externaltools.gnu-tools-for-stm32.13.3.rel1.linux64_1.0.0.202410170706/tools/bin/../lib/gcc/arm-none-eabi/13.3.1/../../../../arm-none-eabi/lib/thumb/v7e-m+fp/hard/libm.a(libm_a-sf_cos.o)
                0x0800e624                cosf
 .text.sinf     0x0800e6ac       0x8c /home/nick/st/stm32cubeide_1.19.0/plugins/com.st.stm32cube.ide.mcu.externaltools.gnu-tools-for-stm32.13.3.rel1.linux64_1.0.0.202410170706/tools/bin/../lib/gcc/arm-none-eabi/13.3.1/../../../../arm-none-eabi/lib/thumb/v7e-m+fp/hard/libm.a(libm_a-sf_sin.o)
                0x0800e6ac                sinf
 .text.finitef  0x0800e738       0x14 /home/nick/st/stm32cubeide_1.19.0/plugins/com.st.stm32cube.ide.mcu.externaltools.gnu-tools-for-stm32.13.3.rel1.linux64_1.0.0.202410170706/tools/bin/../lib/gcc/arm-none-eabi/13.3.1/../../../../arm-none-eabi/lib/thumb/v7e-m+fp/hard/libm.a(libm_a-sf_finite.o)
                0x0800e738                finitef
 .text.__ieee754_sqrtf
                0x0800e74c        0x6 /home/nick/st/stm32cubeide_1.19.0/plugins/com.st.stm32cube.ide.mcu.externaltools.gnu-tools-for-stm32.13.3.rel1.linux64_1.0.0.202410170706/tools/bin/../lib/gcc/arm-none-eabi/13.3.1/../../../../arm-none-eabi/lib/thumb/v7e-m+fp/hard/libm.a(libm_a-ef_sqrt.o)
                0x0800e74c                __ieee754_sqrtf
 *fill*         0x0800e752        0x2 
 .text.__kernel_cosf
                0x0800e754       0xb0 /home/nick/st/stm32cubeide_1.19.0/plugins/com.st.stm32cube.ide.mcu.externaltools.gnu-tools-for-stm32.13.3.rel1.linux64_1.0.0.202410170706/tools/bin/../lib/gcc/arm-none-eabi/13.3.1/../../../../arm-none-eabi/lib/thumb/v7e-m+fp/hard/libm.a(libm_a-kf_cos.o)
                0x0800e754                __kernel_cosf
 .text.__kernel_sinf
                0x0800e804       0x90 /home/nick/st/stm32cubeide_1.19.0/plugins/com.st.stm32cube.ide.mcu.externaltools.gnu-tools-for-stm32.13.3.rel1.linux64_1.0.0.202410170706/tools/bin/../lib/gcc/arm-none-eabi/13.3.1/../../../../arm-none-eabi/lib/thumb/v7e-m+fp/hard/libm.a(libm_a-kf_sin.o)
                0x0800e804                __kernel_sinf
 .text.__ieee754_powf
                0x0800e894      0x59c /home/nick/st/stm32cubeide_1.19.0/plugins/com.st.stm32cube.ide.mcu.externaltools.gnu-tools-for-stm32.13.3.rel1.linux64_1.0.0.202410170706/tools/bin/../lib/gcc/arm-none-eabi/13.3.1/../../../../arm-none-eabi/lib/thumb/v7e-m+fp/hard/libm.a(libm_a-ef_pow.o)
                0x0800e894                __ieee754_powf
 .text.__ieee754_rem_pio2f
                0x0800ee30      0x260 /home/nick/st/stm32cubeide_1.19.0/plugins/com.st.stm32cube.ide.mcu.externaltools.gnu-tools-for-stm32.13.3.rel1.linux64_1.0.0.202410170706/tools/bin/../lib/gcc/arm-none-eabi/13.3.1/../../../../arm-none-eabi/lib/thumb/v7e-m+fp/hard/libm.a(libm_a-ef_rem_pio2.o)
                0x0800ee30                __ieee754_rem_pio2f
 .text.fabsf    0x0800f090        0xe /home/nick/st/stm32cubeide_1.19.0/plugins/com.st.stm32cube.ide.mcu.externaltools.gnu-tools-for-stm32.13.3.rel1.linux64_1.0.0.202410170706/tools/bin/../lib/gcc/arm-none-eabi/13.3.1/../../../../arm-none-eabi/lib/thumb/v7e-m+fp/hard/libm.a(libm_a-sf_fabs.o)
                0x0800f090                fabsf
 *fill*         0x0800f09e        0x2 
 .text.scalbnf  0x0800f0a0       0xcc /home/nick/st/stm32cubeide_1.19.0/plugins/com.st.stm32cube.ide.mcu.externaltools.gnu-tools-for-stm32.13.3.rel1.linux64_1.0.0.202410170706/tools/bin/../lib/gcc/arm-none-eabi/13.3.1/../../../../arm-none-eabi/lib/thumb/v7e-m+fp/hard/libm.a(libm_a-sf_scalbn.o)
                0x0800f0a0                scalbnf
 .text.with_errnof
                0x0800f16c       0x1c /home/nick/st/stm32cubeide_1.19.0/plugins/com.st.stm32cube.ide.mcu.externaltools.gnu-tools-for-stm32.13.3.rel1.linux64_1.0.0.202410170706/tools/bin/../lib/gcc/arm-none-eabi/13.3.1/../../../../arm-none-eabi/lib/thumb/v7e-m+fp/hard/libm.a(libm_a-math_errf.o)
 .text.xflowf   0x0800f188       0x16 /home/nick/st/stm32cubeide_1.19.0/plugins/com.st.stm32cube.ide.mcu.externaltools.gnu-tools-for-stm32.13.3.rel1.linux64_1.0.0.202410170706/tools/bin/../lib/gcc/arm-none-eabi/13.3.1/../../../../arm-none-eabi/lib/thumb/v7e-m+fp/hard/libm.a(libm_a-math_errf.o)
 *fill*         0x0800f19e        0x2 
 .text.__math_uflowf
                0x0800f1a0        0xc /home/nick/st/stm32cubeide_1.19.0/plugins/com.st.stm32cube.ide.mcu.externaltools.gnu-tools-for-stm32.13.3.rel1.linux64_1.0.0.202410170706/tools/bin/../lib/gcc/arm-none-eabi/13.3.1/../../../../arm-none-eabi/lib/thumb/v7e-m+fp/hard/libm.a(libm_a-math_errf.o)
                0x0800f1a0                __math_uflowf
 .text.__math_oflowf
                0x0800f1ac        0xc /home/nick/st/stm32cubeide_1.19.0/plugins/com.st.stm32cube.ide.mcu.externaltools.gnu-tools-for-stm32.13.3.rel1.linux64_1.0.0.202410170706/tools/bin/../lib/gcc/arm-none-eabi/13.3.1/../../../../arm-none-eabi/lib/thumb/v7e-m+fp/hard/libm.a(libm_a-math_errf.o)
                0x0800f1ac                __math_oflowf
 .text.__kernel_rem_pio2f
                0x0800f1b8      0x4d0 /home/nick/st/stm32cubeide_1.19.0/plugins/com.st.stm32cube.ide.mcu.externaltools.gnu-tools-for-stm32.13.3.rel1.linux64_1.0.0.202410170706/tools/bin/../lib/gcc/arm-none-eabi/13.3.1/../../../../arm-none-eabi/lib/thumb/v7e-m+fp/hard/libm.a(libm_a-kf_rem_pio2.o)
                0x0800f1b8                __kernel_rem_pio2f
 .text.floorf   0x0800f688       0x88 /home/nick/st/stm32cubeide_1.19.0/plugins/com.st.stm32cube.ide.mcu.externaltools.gnu-tools-for-stm32.13.3.rel1.linux64_1.0.0.202410170706/tools/bin/../lib/gcc/arm-none-eabi/13.3.1/../../../../arm-none-eabi/lib/thumb/v7e-m+fp/hard/libm.a(libm_a-sf_floor.o)
                0x0800f688                floorf
 *(.glue_7)
 .glue_7        0x0800f710        0x0 linker stubs
 *(.glue_7t)
 .glue_7t       0x0800f710        0x0 linker stubs
 *(.eh_frame)
 .eh_frame      0x0800f710        0x0 /home/nick/st/stm32cubeide_1.19.0/plugins/com.st.stm32cube.ide.mcu.externaltools.gnu-tools-for-stm32.13.3.rel1.linux64_1.0.0.202410170706/tools/bin/../lib/gcc/arm-none-eabi/13.3.1/thumb/v7e-m+fp/hard/crtbegin.o
 *(.init)
 .init          0x0800f710        0x4 /home/nick/st/stm32cubeide_1.19.0/plugins/com.st.stm32cube.ide.mcu.externaltools.gnu-tools-for-stm32.13.3.rel1.linux64_1.0.0.202410170706/tools/bin/../lib/gcc/arm-none-eabi/13.3.1/thumb/v7e-m+fp/hard/crti.o
                0x0800f710                _init
 .init          0x0800f714        0x8 /home/nick/st/stm32cubeide_1.19.0/plugins/com.st.stm32cube.ide.mcu.externaltools.gnu-tools-for-stm32.13.3.rel1.linux64_1.0.0.202410170706/tools/bin/../lib/gcc/arm-none-eabi/13.3.1/thumb/v7e-m+fp/hard/crtn.o
 *(.fini)
 .fini          0x0800f71c        0x4 /home/nick/st/stm32cubeide_1.19.0/plugins/com.st.stm32cube.ide.mcu.externaltools.gnu-tools-for-stm32.13.3.rel1.linux64_1.0.0.202410170706/tools/bin/../lib/gcc/arm-none-eabi/13.3.1/thumb/v7e-m+fp/hard/crti.o
                0x0800f71c                _fini
 .fini          0x0800f720        0x8 /home/nick/st/stm32cubeide_1.19.0/plugins/com.st.stm32cube.ide.mcu.externaltools.gnu-tools-for-stm32.13.3.rel1.linux64_1.0.0.202410170706/tools/bin/../lib/gcc/arm-none-eabi/13.3.1/thumb/v7e-m+fp/hard/crtn.o
                0x0800f728                        . = ALIGN (0x4)
                0x0800f728                        _etext = .

.vfp11_veneer   0x0800f728        0x0
 .vfp11_veneer  0x0800f728        0x0 linker stubs

.v4_bx          0x0800f728        0x0
 .v4_bx         0x0800f728        0x0 linker stubs

.iplt           0x0800f728        0x0
 .iplt          0x0800f728        0x0 /home/nick/st/stm32cubeide_1.19.0/plugins/com.st.stm32cube.ide.mcu.externaltools.gnu-tools-for-stm32.13.3.rel1.linux64_1.0.0.202410170706/tools/bin/../lib/gcc/arm-none-eabi/13.3.1/thumb/v7e-m+fp/hard/crtbegin.o

.rodata         0x0800f728    0x8bf88
                0x0800f728                        . = ALIGN (0x4)
 *(.rodata)
 .rodata        0x0800f728       0x40 ./Core/Src/main.o
 *(.rodata*)
 .rodata.color_value
                0x0800f768     0x1000 ./Core/Src/color_values.o
                0x0800f768                color_value
 .rodata.led_line_colors_eq
                0x08010768        0x9 ./Core/Src/eq_graph.o
                0x08010768                led_line_colors_eq
 *fill*         0x08010771        0x3 
 .rodata.crowd_cheer
                0x08010774    0x34080 ./Core/Src/main.o
                0x08010774                crowd_cheer
 .rodata.bass_kick
                0x080447f4     0x5e80 ./Core/Src/main.o
                0x080447f4                bass_kick
 .rodata.eh     0x0804a674     0xcca2 ./Core/Src/main.o
                0x0804a674                eh
 *fill*         0x08057316        0x2 
 .rodata.hi_hat
                0x08057318    0x18cbe ./Core/Src/main.o
                0x08057318                hi_hat
 *fill*         0x0806ffd6        0x2 
 .rodata.medium_kick
                0x0806ffd8     0x5344 ./Core/Src/main.o
                0x0806ffd8                medium_kick
 .rodata.snare1
                0x0807531c     0x224a ./Core/Src/main.o
                0x0807531c                snare1
 *fill*         0x08077566        0x2 
 .rodata.snare2
                0x08077568     0x187e ./Core/Src/main.o
                0x08077568                snare2
 *fill*         0x08078de6        0x2 
 .rodata.vine_boom
                0x08078de8     0xeb4e ./Core/Src/main.o
                0x08078de8                vine_boom
 *fill*         0x08087936        0x2 
 .rodata.MIDI_lengths
                0x08087938       0x20 ./Core/Src/main.o
                0x08087938                MIDI_lengths
 .rodata.AHBPrescTable
                0x08087958       0x10 ./Core/Src/system_stm32l4xx.o
                0x08087958                AHBPrescTable
 .rodata.APBPrescTable
                0x08087968        0x8 ./Core/Src/system_stm32l4xx.o
                0x08087968                APBPrescTable
 .rodata.MSIRangeTable
                0x08087970       0x30 ./Core/Src/system_stm32l4xx.o
                0x08087970                MSIRangeTable
 .rodata.font5x7_digit
                0x080879a0       0x46 ./Core/Src/tft.o
 *fill*         0x080879e6        0x2 
 .rodata.font5x7_upper
                0x080879e8       0xb6 ./Core/Src/tft.o
 *fill*         0x08087a9e        0x2 
 .rodata.font5x7_qmark
                0x08087aa0        0x7 ./Core/Src/tft.o
 *fill*         0x08087aa7        0x1 
 .rodata.madctl_tbl.1
                0x08087aa8        0x4 ./Core/Src/tft.o
 .rodata.blank.0
                0x08087aac        0x7 ./Core/Src/tft.o
 *fill*         0x08087ab3        0x1 
 .rodata.UARTPrescTable
                0x08087ab4       0x18 ./Drivers/STM32L4xx_HAL_Driver/Src/stm32l4xx_hal_uart.o
                0x08087ab4                UARTPrescTable
 .rodata.numerator.1
                0x08087acc        0x8 ./Drivers/STM32L4xx_HAL_Driver/Src/stm32l4xx_hal_uart_ex.o
 .rodata.denominator.0
                0x08087ad4        0x8 ./Drivers/STM32L4xx_HAL_Driver/Src/stm32l4xx_hal_uart_ex.o
 .rodata.armBitRevIndexTable1024
                0x08087adc      0xe10 /home/nick/STM32CubeIDE/VisiTune_ws/VisiTune_adian/Drivers/CMSIS/CMSIS-DSP/libarm_cortexM4lf_math.a(arm_common_tables.o)
                0x08087adc                armBitRevIndexTable1024
 .rodata.armBitRevIndexTable128
                0x080888ec      0x1a0 /home/nick/STM32CubeIDE/VisiTune_ws/VisiTune_adian/Drivers/CMSIS/CMSIS-DSP/libarm_cortexM4lf_math.a(arm_common_tables.o)
                0x080888ec                armBitRevIndexTable128
 .rodata.armBitRevIndexTable16
                0x08088a8c       0x28 /home/nick/STM32CubeIDE/VisiTune_ws/VisiTune_adian/Drivers/CMSIS/CMSIS-DSP/libarm_cortexM4lf_math.a(arm_common_tables.o)
                0x08088a8c                armBitRevIndexTable16
 .rodata.armBitRevIndexTable2048
                0x08088ab4     0x1dc0 /home/nick/STM32CubeIDE/VisiTune_ws/VisiTune_adian/Drivers/CMSIS/CMSIS-DSP/libarm_cortexM4lf_math.a(arm_common_tables.o)
                0x08088ab4                armBitRevIndexTable2048
 .rodata.armBitRevIndexTable256
                0x0808a874      0x370 /home/nick/STM32CubeIDE/VisiTune_ws/VisiTune_adian/Drivers/CMSIS/CMSIS-DSP/libarm_cortexM4lf_math.a(arm_common_tables.o)
                0x0808a874                armBitRevIndexTable256
 .rodata.armBitRevIndexTable32
                0x0808abe4       0x60 /home/nick/STM32CubeIDE/VisiTune_ws/VisiTune_adian/Drivers/CMSIS/CMSIS-DSP/libarm_cortexM4lf_math.a(arm_common_tables.o)
                0x0808abe4                armBitRevIndexTable32
 .rodata.armBitRevIndexTable512
                0x0808ac44      0x380 /home/nick/STM32CubeIDE/VisiTune_ws/VisiTune_adian/Drivers/CMSIS/CMSIS-DSP/libarm_cortexM4lf_math.a(arm_common_tables.o)
                0x0808ac44                armBitRevIndexTable512
 .rodata.sinTable_f32
                0x0808afc4      0x804 /home/nick/STM32CubeIDE/VisiTune_ws/VisiTune_adian/Drivers/CMSIS/CMSIS-DSP/libarm_cortexM4lf_math.a(arm_common_tables.o)
                0x0808afc4                sinTable_f32
 .rodata.twiddleCoef_1024
                0x0808b7c8     0x2000 /home/nick/STM32CubeIDE/VisiTune_ws/VisiTune_adian/Drivers/CMSIS/CMSIS-DSP/libarm_cortexM4lf_math.a(arm_common_tables.o)
                0x0808b7c8                twiddleCoef_1024
 .rodata.twiddleCoef_128
                0x0808d7c8      0x400 /home/nick/STM32CubeIDE/VisiTune_ws/VisiTune_adian/Drivers/CMSIS/CMSIS-DSP/libarm_cortexM4lf_math.a(arm_common_tables.o)
                0x0808d7c8                twiddleCoef_128
 .rodata.twiddleCoef_16
                0x0808dbc8       0x80 /home/nick/STM32CubeIDE/VisiTune_ws/VisiTune_adian/Drivers/CMSIS/CMSIS-DSP/libarm_cortexM4lf_math.a(arm_common_tables.o)
                0x0808dbc8                twiddleCoef_16
 .rodata.twiddleCoef_2048
                0x0808dc48     0x4000 /home/nick/STM32CubeIDE/VisiTune_ws/VisiTune_adian/Drivers/CMSIS/CMSIS-DSP/libarm_cortexM4lf_math.a(arm_common_tables.o)
                0x0808dc48                twiddleCoef_2048
 .rodata.twiddleCoef_256
                0x08091c48      0x800 /home/nick/STM32CubeIDE/VisiTune_ws/VisiTune_adian/Drivers/CMSIS/CMSIS-DSP/libarm_cortexM4lf_math.a(arm_common_tables.o)
                0x08091c48                twiddleCoef_256
 .rodata.twiddleCoef_32
                0x08092448      0x100 /home/nick/STM32CubeIDE/VisiTune_ws/VisiTune_adian/Drivers/CMSIS/CMSIS-DSP/libarm_cortexM4lf_math.a(arm_common_tables.o)
                0x08092448                twiddleCoef_32
 .rodata.twiddleCoef_512
                0x08092548     0x1000 /home/nick/STM32CubeIDE/VisiTune_ws/VisiTune_adian/Drivers/CMSIS/CMSIS-DSP/libarm_cortexM4lf_math.a(arm_common_tables.o)
                0x08092548                twiddleCoef_512
 .rodata.twiddleCoef_rfft_1024
                0x08093548     0x1000 /home/nick/STM32CubeIDE/VisiTune_ws/VisiTune_adian/Drivers/CMSIS/CMSIS-DSP/libarm_cortexM4lf_math.a(arm_common_tables.o)
                0x08093548                twiddleCoef_rfft_1024
 .rodata.twiddleCoef_rfft_2048
                0x08094548     0x2000 /home/nick/STM32CubeIDE/VisiTune_ws/VisiTune_adian/Drivers/CMSIS/CMSIS-DSP/libarm_cortexM4lf_math.a(arm_common_tables.o)
                0x08094548                twiddleCoef_rfft_2048
 .rodata.twiddleCoef_rfft_256
                0x08096548      0x400 /home/nick/STM32CubeIDE/VisiTune_ws/VisiTune_adian/Drivers/CMSIS/CMSIS-DSP/libarm_cortexM4lf_math.a(arm_common_tables.o)
                0x08096548                twiddleCoef_rfft_256
 .rodata.twiddleCoef_rfft_32
                0x08096948       0x80 /home/nick/STM32CubeIDE/VisiTune_ws/VisiTune_adian/Drivers/CMSIS/CMSIS-DSP/libarm_cortexM4lf_math.a(arm_common_tables.o)
                0x08096948                twiddleCoef_rfft_32
 .rodata.twiddleCoef_rfft_4096
                0x080969c8     0x4000 /home/nick/STM32CubeIDE/VisiTune_ws/VisiTune_adian/Drivers/CMSIS/CMSIS-DSP/libarm_cortexM4lf_math.a(arm_common_tables.o)
                0x080969c8                twiddleCoef_rfft_4096
 .rodata.twiddleCoef_rfft_512
                0x0809a9c8      0x800 /home/nick/STM32CubeIDE/VisiTune_ws/VisiTune_adian/Drivers/CMSIS/CMSIS-DSP/libarm_cortexM4lf_math.a(arm_common_tables.o)
                0x0809a9c8                twiddleCoef_rfft_512
 .rodata.twiddleCoef_rfft_64
                0x0809b1c8      0x100 /home/nick/STM32CubeIDE/VisiTune_ws/VisiTune_adian/Drivers/CMSIS/CMSIS-DSP/libarm_cortexM4lf_math.a(arm_common_tables.o)
                0x0809b1c8                twiddleCoef_rfft_64
 .rodata.dp_l   0x0809b2c8        0x8 /home/nick/st/stm32cubeide_1.19.0/plugins/com.st.stm32cube.ide.mcu.externaltools.gnu-tools-for-stm32.13.3.rel1.linux64_1.0.0.202410170706/tools/bin/../lib/gcc/arm-none-eabi/13.3.1/../../../../arm-none-eabi/lib/thumb/v7e-m+fp/hard/libm.a(libm_a-ef_pow.o)
 .rodata.dp_h   0x0809b2d0        0x8 /home/nick/st/stm32cubeide_1.19.0/plugins/com.st.stm32cube.ide.mcu.externaltools.gnu-tools-for-stm32.13.3.rel1.linux64_1.0.0.202410170706/tools/bin/../lib/gcc/arm-none-eabi/13.3.1/../../../../arm-none-eabi/lib/thumb/v7e-m+fp/hard/libm.a(libm_a-ef_pow.o)
 .rodata.bp     0x0809b2d8        0x8 /home/nick/st/stm32cubeide_1.19.0/plugins/com.st.stm32cube.ide.mcu.externaltools.gnu-tools-for-stm32.13.3.rel1.linux64_1.0.0.202410170706/tools/bin/../lib/gcc/arm-none-eabi/13.3.1/../../../../arm-none-eabi/lib/thumb/v7e-m+fp/hard/libm.a(libm_a-ef_pow.o)
 .rodata.npio2_hw
                0x0809b2e0       0x80 /home/nick/st/stm32cubeide_1.19.0/plugins/com.st.stm32cube.ide.mcu.externaltools.gnu-tools-for-stm32.13.3.rel1.linux64_1.0.0.202410170706/tools/bin/../lib/gcc/arm-none-eabi/13.3.1/../../../../arm-none-eabi/lib/thumb/v7e-m+fp/hard/libm.a(libm_a-ef_rem_pio2.o)
 .rodata.two_over_pi
                0x0809b360      0x318 /home/nick/st/stm32cubeide_1.19.0/plugins/com.st.stm32cube.ide.mcu.externaltools.gnu-tools-for-stm32.13.3.rel1.linux64_1.0.0.202410170706/tools/bin/../lib/gcc/arm-none-eabi/13.3.1/../../../../arm-none-eabi/lib/thumb/v7e-m+fp/hard/libm.a(libm_a-ef_rem_pio2.o)
 .rodata.PIo2   0x0809b678       0x2c /home/nick/st/stm32cubeide_1.19.0/plugins/com.st.stm32cube.ide.mcu.externaltools.gnu-tools-for-stm32.13.3.rel1.linux64_1.0.0.202410170706/tools/bin/../lib/gcc/arm-none-eabi/13.3.1/../../../../arm-none-eabi/lib/thumb/v7e-m+fp/hard/libm.a(libm_a-kf_rem_pio2.o)
 .rodata.init_jk
                0x0809b6a4        0xc /home/nick/st/stm32cubeide_1.19.0/plugins/com.st.stm32cube.ide.mcu.externaltools.gnu-tools-for-stm32.13.3.rel1.linux64_1.0.0.202410170706/tools/bin/../lib/gcc/arm-none-eabi/13.3.1/../../../../arm-none-eabi/lib/thumb/v7e-m+fp/hard/libm.a(libm_a-kf_rem_pio2.o)
                0x0809b6b0                        . = ALIGN (0x4)

.ARM.extab      0x0809b6b0        0x0
                0x0809b6b0                        . = ALIGN (0x4)
 *(.ARM.extab* .gnu.linkonce.armextab.*)
                0x0809b6b0                        . = ALIGN (0x4)

.ARM            0x0809b6b0        0x8
                0x0809b6b0                        . = ALIGN (0x4)
                0x0809b6b0                        __exidx_start = .
 *(.ARM.exidx*)
 .ARM.exidx     0x0809b6b0        0x8 /home/nick/st/stm32cubeide_1.19.0/plugins/com.st.stm32cube.ide.mcu.externaltools.gnu-tools-for-stm32.13.3.rel1.linux64_1.0.0.202410170706/tools/bin/../lib/gcc/arm-none-eabi/13.3.1/thumb/v7e-m+fp/hard/libgcc.a(_udivmoddi4.o)
                0x0809b6b8                        __exidx_end = .
                0x0809b6b8                        . = ALIGN (0x4)

.preinit_array  0x0809b6b8        0x0
                0x0809b6b8                        . = ALIGN (0x4)
                0x0809b6b8                        PROVIDE (__preinit_array_start = .)
 *(.preinit_array*)
                0x0809b6b8                        PROVIDE (__preinit_array_end = .)
                0x0809b6b8                        . = ALIGN (0x4)

.init_array     0x0809b6b8        0x4
                0x0809b6b8                        . = ALIGN (0x4)
                0x0809b6b8                        PROVIDE (__init_array_start = .)
 *(SORT_BY_NAME(.init_array.*))
 *(.init_array*)
 .init_array    0x0809b6b8        0x4 /home/nick/st/stm32cubeide_1.19.0/plugins/com.st.stm32cube.ide.mcu.externaltools.gnu-tools-for-stm32.13.3.rel1.linux64_1.0.0.202410170706/tools/bin/../lib/gcc/arm-none-eabi/13.3.1/thumb/v7e-m+fp/hard/crtbegin.o
                0x0809b6bc                        PROVIDE (__init_array_end = .)
                0x0809b6bc                        . = ALIGN (0x4)

.fini_array     0x0809b6bc        0x4
                0x0809b6bc                        . = ALIGN (0x4)
                [!provide]                        PROVIDE (__fini_array_start = .)
 *(SORT_BY_NAME(.fini_array.*))
 *(.fini_array*)
 .fini_array    0x0809b6bc        0x4 /home/nick/st/stm32cubeide_1.19.0/plugins/com.st.stm32cube.ide.mcu.externaltools.gnu-tools-for-stm32.13.3.rel1.linux64_1.0.0.202410170706/tools/bin/../lib/gcc/arm-none-eabi/13.3.1/thumb/v7e-m+fp/hard/crtbegin.o
                [!provide]                        PROVIDE (__fini_array_end = .)
                0x0809b6c0                        . = ALIGN (0x4)
                0x0809b6c0                        _sidata = LOADADDR (.data)

.rel.dyn        0x0809b6c0        0x0
 .rel.iplt      0x0809b6c0        0x0 /home/nick/st/stm32cubeide_1.19.0/plugins/com.st.stm32cube.ide.mcu.externaltools.gnu-tools-for-stm32.13.3.rel1.linux64_1.0.0.202410170706/tools/bin/../lib/gcc/arm-none-eabi/13.3.1/thumb/v7e-m+fp/hard/crtbegin.o

.data           0x20040000       0xb0 load address 0x0809b6c0
                0x20040000                        . = ALIGN (0x4)
                0x20040000                        _sdata = .
 *(.data)
 *(.data*)
 .data.MIDI_effects
                0x20040000       0x20 ./Core/Src/main.o
                0x20040000                MIDI_effects
 .data.audio_pkt_buf0
                0x20040020        0x4 ./Core/Src/main.o
                0x20040020                audio_pkt_buf0
 .data.audio_pkt_buf1
                0x20040024        0x4 ./Core/Src/main.o
                0x20040024                audio_pkt_buf1
 .data.next_demo
                0x20040028        0x4 ./Core/Src/main.o
                0x20040028                next_demo
 .data.idle_leds
                0x2004002c        0x4 ./Core/Src/main.o
                0x2004002c                idle_leds
 .data.half0_free
                0x20040030        0x1 ./Core/Src/main.o
                0x20040030                half0_free
 .data.half1_free
                0x20040031        0x1 ./Core/Src/main.o
                0x20040031                half1_free
 *fill*         0x20040032        0x2 
 .data.first_init.7
                0x20040034        0x4 ./Core/Src/main.o
 .data.SystemCoreClock
                0x20040038        0x4 ./Core/Src/system_stm32l4xx.o
                0x20040038                SystemCoreClock
 .data.tft_width
                0x2004003c        0x2 ./Core/Src/tft.o
 .data.tft_height
                0x2004003e        0x2 ./Core/Src/tft.o
 .data.uwTickPrio
                0x20040040        0x4 ./Drivers/STM32L4xx_HAL_Driver/Src/stm32l4xx_hal.o
                0x20040040                uwTickPrio
 .data.uwTickFreq
                0x20040044        0x1 ./Drivers/STM32L4xx_HAL_Driver/Src/stm32l4xx_hal.o
                0x20040044                uwTickFreq
 *fill*         0x20040045        0x3 
 .data.USER_Driver
                0x20040048       0x14 ./FATFS/Target/user_diskio.o
                0x20040048                USER_Driver
 .data.Stat     0x2004005c        0x1 ./FATFS/Target/user_diskio_spi.o
 *fill*         0x2004005d        0x3 
 .data._impure_ptr
                0x20040060        0x4 /home/nick/st/stm32cubeide_1.19.0/plugins/com.st.stm32cube.ide.mcu.externaltools.gnu-tools-for-stm32.13.3.rel1.linux64_1.0.0.202410170706/tools/bin/../lib/gcc/arm-none-eabi/13.3.1/../../../../arm-none-eabi/lib/thumb/v7e-m+fp/hard/libc_nano.a(libc_a-impure.o)
                0x20040060                _impure_ptr
 .data._impure_data
                0x20040064       0x4c /home/nick/st/stm32cubeide_1.19.0/plugins/com.st.stm32cube.ide.mcu.externaltools.gnu-tools-for-stm32.13.3.rel1.linux64_1.0.0.202410170706/tools/bin/../lib/gcc/arm-none-eabi/13.3.1/../../../../arm-none-eabi/lib/thumb/v7e-m+fp/hard/libc_nano.a(libc_a-impure.o)
                0x20040064                _impure_data
 *(.RamFunc)
 *(.RamFunc*)
                0x200400b0                        . = ALIGN (0x4)
                0x200400b0                        _edata = .

.igot.plt       0x200400b0        0x0 load address 0x0809b770
 .igot.plt      0x200400b0        0x0 /home/nick/st/stm32cubeide_1.19.0/plugins/com.st.stm32cube.ide.mcu.externaltools.gnu-tools-for-stm32.13.3.rel1.linux64_1.0.0.202410170706/tools/bin/../lib/gcc/arm-none-eabi/13.3.1/thumb/v7e-m+fp/hard/crtbegin.o
                0x200400b0                        . = ALIGN (0x4)

.bss            0x200400b0    0x1d9b8 load address 0x0809b770
                0x200400b0                        _sbss = .
                0x200400b0                        __bss_start__ = _sbss
 *(.bss)
 .bss           0x200400b0       0x1c /home/nick/st/stm32cubeide_1.19.0/plugins/com.st.stm32cube.ide.mcu.externaltools.gnu-tools-for-stm32.13.3.rel1.linux64_1.0.0.202410170706/tools/bin/../lib/gcc/arm-none-eabi/13.3.1/thumb/v7e-m+fp/hard/crtbegin.o
 *(.bss*)
 .bss.active_demo_eq
                0x200400cc        0x1 ./Core/Src/eq_graph.o
                0x200400cc                active_demo_eq
 *fill*         0x200400cd        0x3 
 .bss.band_values
                0x200400d0       0x20 ./Core/Src/eq_graph.o
 .bss.text_pkt_ready
                0x200400f0        0x1 ./Core/Src/main.o
                0x200400f0                text_pkt_ready
 *fill*         0x200400f1        0x1 
 .bss.text_pkt_len
                0x200400f2        0x2 ./Core/Src/main.o
                0x200400f2                text_pkt_len
 .bss.text_buf  0x200400f4       0x82 ./Core/Src/main.o
                0x200400f4                text_buf
 *fill*         0x20040176        0x2 
 .bss.current_title
                0x20040178       0x40 ./Core/Src/main.o
                0x20040178                current_title
 .bss.current_artist
                0x200401b8       0x40 ./Core/Src/main.o
                0x200401b8                current_artist
 .bss.current_album
                0x200401f8       0x40 ./Core/Src/main.o
                0x200401f8                current_album
 .bss.current_other
                0x20040238       0x40 ./Core/Src/main.o
                0x20040238                current_other
 .bss.hadc1     0x20040278       0x68 ./Core/Src/main.o
                0x20040278                hadc1
 .bss.hdma_adc1
                0x200402e0       0x60 ./Core/Src/main.o
                0x200402e0                hdma_adc1
 .bss.hdac1     0x20040340       0x14 ./Core/Src/main.o
                0x20040340                hdac1
 .bss.hdma_dac1_ch1
                0x20040354       0x60 ./Core/Src/main.o
                0x20040354                hdma_dac1_ch1
 .bss.hlpuart1  0x200403b4       0x94 ./Core/Src/main.o
                0x200403b4                hlpuart1
 .bss.hdma_lpuart1_rx
                0x20040448       0x60 ./Core/Src/main.o
                0x20040448                hdma_lpuart1_rx
 .bss.hspi1     0x200404a8       0x64 ./Core/Src/main.o
                0x200404a8                hspi1
 .bss.hspi2     0x2004050c       0x64 ./Core/Src/main.o
                0x2004050c                hspi2
 .bss.hdma_spi2_rx
                0x20040570       0x60 ./Core/Src/main.o
                0x20040570                hdma_spi2_rx
 .bss.htim1     0x200405d0       0x4c ./Core/Src/main.o
                0x200405d0                htim1
 .bss.htim2     0x2004061c       0x4c ./Core/Src/main.o
                0x2004061c                htim2
 .bss.htim4     0x20040668       0x4c ./Core/Src/main.o
                0x20040668                htim4
 .bss.hdma_tim4_ch3
                0x200406b4       0x60 ./Core/Src/main.o
                0x200406b4                hdma_tim4_ch3
 .bss.adc_buf   0x20040714        0x8 ./Core/Src/main.o
                0x20040714                adc_buf
 .bss.rewind_flag
                0x2004071c        0x1 ./Core/Src/main.o
                0x2004071c                rewind_flag
 .bss.forward_flag
                0x2004071d        0x1 ./Core/Src/main.o
                0x2004071d                forward_flag
 .bss.pause_button_flag
                0x2004071e        0x1 ./Core/Src/main.o
                0x2004071e                pause_button_flag
 .bss.paused    0x2004071f        0x1 ./Core/Src/main.o
                0x2004071f                paused
 .bss.keyPress  0x20040720        0x1 ./Core/Src/main.o
                0x20040720                keyPress
 *fill*         0x20040721        0x3 
 .bss.MIDI_index
                0x20040724        0x4 ./Core/Src/main.o
                0x20040724                MIDI_index
 .bss.MIDI_playing
                0x20040728        0x1 ./Core/Src/main.o
                0x20040728                MIDI_playing
 .bss.sound_effect_index
                0x20040729        0x1 ./Core/Src/main.o
                0x20040729                sound_effect_index
 *fill*         0x2004072a        0x2 
 .bss.g_uart_rx
                0x2004072c       0x18 ./Core/Src/main.o
                0x2004072c                g_uart_rx
 .bss.dac_buf   0x20040744     0x2000 ./Core/Src/main.o
                0x20040744                dac_buf
 .bss.image_pkt_buf
                0x20042744     0xfff6 ./Core/Src/main.o
                0x20042744                image_pkt_buf
 *fill*         0x2005273a        0x2 
 .bss.audio_crc_buf
                0x2005273c        0x2 ./Core/Src/main.o
                0x2005273c                audio_crc_buf
 *fill*         0x2005273e        0x2 
 .bss.ws2812    0x20052740       0x80 ./Core/Src/main.o
                0x20052740                ws2812
 .bss.now       0x200527c0        0x4 ./Core/Src/main.o
                0x200527c0                now
 .bss.next_fft  0x200527c4        0x4 ./Core/Src/main.o
                0x200527c4                next_fft
 .bss.fft_magnitudes
                0x200527c8     0x2000 ./Core/Src/main.o
                0x200527c8                fft_magnitudes
 .bss.image_pkt_ready
                0x200547c8        0x1 ./Core/Src/main.o
                0x200547c8                image_pkt_ready
 *fill*         0x200547c9        0x1 
 .bss.image_pkt_len
                0x200547ca        0x2 ./Core/Src/main.o
                0x200547ca                image_pkt_len
 .bss.audio_pkt_ready
                0x200547cc        0x1 ./Core/Src/main.o
                0x200547cc                audio_pkt_ready
 .bss.audio_write_idx