Archive member included to satisfy reference by file (symbol)

C:\Users\tvalencia\umich\fa25\eecs373\project\bandpass\VisiTune\Drivers\CMSIS\CMSIS-DSP\libarm_cortexM4lf_math.a(arm_q15_to_float.o)
                              ./Core/Src/main.o (arm_q15_to_float)
C:\Users\tvalencia\umich\fa25\eecs373\project\bandpass\VisiTune\Drivers\CMSIS\CMSIS-DSP\libarm_cortexM4lf_math.a(arm_rfft_fast_init_f32.o)
                              ./Core/Src/main.o (arm_rfft_fast_init_f32)
C:\Users\tvalencia\umich\fa25\eecs373\project\bandpass\VisiTune\Drivers\CMSIS\CMSIS-DSP\libarm_cortexM4lf_math.a(arm_rfft_fast_f32.o)
                              ./Core/Src/main.o (arm_rfft_fast_f32)
C:\Users\tvalencia\umich\fa25\eecs373\project\bandpass\VisiTune\Drivers\CMSIS\CMSIS-DSP\libarm_cortexM4lf_math.a(arm_cfft_f32.o)
                              C:\Users\tvalencia\umich\fa25\eecs373\project\bandpass\VisiTune\Drivers\CMSIS\CMSIS-DSP\libarm_cortexM4lf_math.a(arm_rfft_fast_f32.o) (arm_cfft_f32)
C:\Users\tvalencia\umich\fa25\eecs373\project\bandpass\VisiTune\Drivers\CMSIS\CMSIS-DSP\libarm_cortexM4lf_math.a(arm_bitreversal2.o)
                              C:\Users\tvalencia\umich\fa25\eecs373\project\bandpass\VisiTune\Drivers\CMSIS\CMSIS-DSP\libarm_cortexM4lf_math.a(arm_cfft_f32.o) (arm_bitreversal_32)
C:\Users\tvalencia\umich\fa25\eecs373\project\bandpass\VisiTune\Drivers\CMSIS\CMSIS-DSP\libarm_cortexM4lf_math.a(arm_biquad_cascade_df1_init_f32.o)
                              ./Core/Src/main.o (arm_biquad_cascade_df1_init_f32)
C:\Users\tvalencia\umich\fa25\eecs373\project\bandpass\VisiTune\Drivers\CMSIS\CMSIS-DSP\libarm_cortexM4lf_math.a(arm_biquad_cascade_df1_f32.o)
                              ./Core/Src/main.o (arm_biquad_cascade_df1_f32)
C:\Users\tvalencia\umich\fa25\eecs373\project\bandpass\VisiTune\Drivers\CMSIS\CMSIS-DSP\libarm_cortexM4lf_math.a(arm_cos_f32.o)
                              ./Core/Src/main.o (arm_cos_f32)
C:\Users\tvalencia\umich\fa25\eecs373\project\bandpass\VisiTune\Drivers\CMSIS\CMSIS-DSP\libarm_cortexM4lf_math.a(arm_common_tables.o)
                              C:\Users\tvalencia\umich\fa25\eecs373\project\bandpass\VisiTune\Drivers\CMSIS\CMSIS-DSP\libarm_cortexM4lf_math.a(arm_cos_f32.o) (sinTable_f32)
C:\Users\tvalencia\umich\fa25\eecs373\project\bandpass\VisiTune\Drivers\CMSIS\CMSIS-DSP\libarm_cortexM4lf_math.a(arm_cfft_radix8_f32.o)
                              C:\Users\tvalencia\umich\fa25\eecs373\project\bandpass\VisiTune\Drivers\CMSIS\CMSIS-DSP\libarm_cortexM4lf_math.a(arm_cfft_f32.o) (arm_radix8_butterfly_f32)
C:/ST/STM32CubeIDE_1.19.0/STM32CubeIDE/plugins/com.st.stm32cube.ide.mcu.externaltools.gnu-tools-for-stm32.13.3.rel1.win32_1.0.0.202411081344/tools/bin/../lib/gcc/arm-none-eabi/13.3.1/../../../../arm-none-eabi/lib/thumb/v7e-m+fp/hard\libc_nano.a(libc_a-exit.o)
                              C:/ST/STM32CubeIDE_1.19.0/STM32CubeIDE/plugins/com.st.stm32cube.ide.mcu.externaltools.gnu-tools-for-stm32.13.3.rel1.win32_1.0.0.202411081344/tools/bin/../lib/gcc/arm-none-eabi/13.3.1/../../../../arm-none-eabi/lib/thumb/v7e-m+fp/hard/crt0.o (exit)
C:/ST/STM32CubeIDE_1.19.0/STM32CubeIDE/plugins/com.st.stm32cube.ide.mcu.externaltools.gnu-tools-for-stm32.13.3.rel1.win32_1.0.0.202411081344/tools/bin/../lib/gcc/arm-none-eabi/13.3.1/../../../../arm-none-eabi/lib/thumb/v7e-m+fp/hard\libc_nano.a(libc_a-malloc.o)
                              ./Core/Src/ws2812.o (malloc)
C:/ST/STM32CubeIDE_1.19.0/STM32CubeIDE/plugins/com.st.stm32cube.ide.mcu.externaltools.gnu-tools-for-stm32.13.3.rel1.win32_1.0.0.202411081344/tools/bin/../lib/gcc/arm-none-eabi/13.3.1/../../../../arm-none-eabi/lib/thumb/v7e-m+fp/hard\libc_nano.a(libc_a-mallocr.o)
                              C:/ST/STM32CubeIDE_1.19.0/STM32CubeIDE/plugins/com.st.stm32cube.ide.mcu.externaltools.gnu-tools-for-stm32.13.3.rel1.win32_1.0.0.202411081344/tools/bin/../lib/gcc/arm-none-eabi/13.3.1/../../../../arm-none-eabi/lib/thumb/v7e-m+fp/hard\libc_nano.a(libc_a-malloc.o) (_malloc_r)
C:/ST/STM32CubeIDE_1.19.0/STM32CubeIDE/plugins/com.st.stm32cube.ide.mcu.externaltools.gnu-tools-for-stm32.13.3.rel1.win32_1.0.0.202411081344/tools/bin/../lib/gcc/arm-none-eabi/13.3.1/../../../../arm-none-eabi/lib/thumb/v7e-m+fp/hard\libc_nano.a(libc_a-mlock.o)
                              C:/ST/STM32CubeIDE_1.19.0/STM32CubeIDE/plugins/com.st.stm32cube.ide.mcu.externaltools.gnu-tools-for-stm32.13.3.rel1.win32_1.0.0.202411081344/tools/bin/../lib/gcc/arm-none-eabi/13.3.1/../../../../arm-none-eabi/lib/thumb/v7e-m+fp/hard\libc_nano.a(libc_a-mallocr.o) (__malloc_lock)
C:/ST/STM32CubeIDE_1.19.0/STM32CubeIDE/plugins/com.st.stm32cube.ide.mcu.externaltools.gnu-tools-for-stm32.13.3.rel1.win32_1.0.0.202411081344/tools/bin/../lib/gcc/arm-none-eabi/13.3.1/../../../../arm-none-eabi/lib/thumb/v7e-m+fp/hard\libc_nano.a(libc_a-findfp.o)
[...]
Memory Configuration

Name             Origin             Length             Attributes
RAM              0x20000000         0x00030000         xrw
RAM2             0x10000000         0x00010000         xrw
RAM3             0x20040000         0x00060000         xrw
FLASH            0x08000000         0x00200000         xr
*default*        0x00000000         0xffffffff

Linker script and memory map

LOAD C:/ST/STM32CubeIDE_1.19.0/STM32CubeIDE/plugins/com.st.stm32cube.ide.mcu.externaltools.gnu-tools-for-stm32.13.3.rel1.win32_1.0.0.202411081344/tools/bin/../lib/gcc/arm-none-eabi/13.3.1/thumb/v7e-m+fp/hard/crti.o
LOAD C:/ST/STM32CubeIDE_1.19.0/STM32CubeIDE/plugins/com.st.stm32cube.ide.mcu.externaltools.gnu-tools-for-stm32.13.3.rel1.win32_1.0.0.202411081344/tools/bin/../lib/gcc/arm-none-eabi/13.3.1/thumb/v7e-m+fp/hard/crtbegin.o
LOAD C:/ST/STM32CubeIDE_1.19.0/STM32CubeIDE/plugins/com.st.stm32cube.ide.mcu.externaltools.gnu-tools-for-stm32.13.3.rel1.win32_1.0.0.202411081344/tools/bin/../lib/gcc/arm-none-eabi/13.3.1/../../../../arm-none-eabi/lib/thumb/v7e-m+fp/hard/crt0.o
LOAD ./Core/Src/color_values.o
LOAD ./Core/Src/eq_graph.o
LOAD ./Core/Src/main.o
LOAD ./Core/Src/packets.o
LOAD ./Core/Src/sd_card.o
LOAD ./Core/Src/stm32l4xx_hal_msp.o
LOAD ./Core/Src/stm32l4xx_it.o
LOAD ./Core/Src/syscalls.o
LOAD ./Core/Src/sysmem.o
LOAD ./Core/Src/system_stm32l4xx.o
LOAD ./Core/Src/tft.o
LOAD ./Core/Src/ws2812.o
LOAD ./Core/Startup/startup_stm32l4r5zitxp.o
LOAD ./Drivers/STM32L4xx_HAL_Driver/Src/stm32l4xx_hal.o
LOAD ./Drivers/STM32L4xx_HAL_Driver/Src/stm32l4xx_hal_adc.o
LOAD ./Drivers/STM32L4xx_HAL_Driver/Src/stm32l4xx_hal_adc_ex.o
LOAD ./Drivers/STM32L4xx_HAL_Driver/Src/stm32l4xx_hal_cortex.o
LOAD ./Drivers/STM32L4xx_HAL_Driver/Src/stm32l4xx_hal_dac.o
LOAD ./Drivers/STM32L4xx_HAL_Driver/Src/stm32l4xx_hal_dac_ex.o
LOAD ./Drivers/STM32L4xx_HAL_Driver/Src/stm32l4xx_hal_dma.o
LOAD ./Drivers/STM32L4xx_HAL_Driver/Src/stm32l4xx_hal_dma_ex.o
LOAD ./Drivers/STM32L4xx_HAL_Driver/Src/stm32l4xx_hal_exti.o
LOAD ./Drivers/STM32L4xx_HAL_Driver/Src/stm32l4xx_hal_flash.o
LOAD ./Drivers/STM32L4xx_HAL_Driver/Src/stm32l4xx_hal_flash_ex.o
LOAD ./Drivers/STM32L4xx_HAL_Driver/Src/stm32l4xx_hal_flash_ramfunc.o
LOAD ./Drivers/STM32L4xx_HAL_Driver/Src/stm32l4xx_hal_gpio.o
LOAD ./Drivers/STM32L4xx_HAL_Driver/Src/stm32l4xx_hal_i2c.o
LOAD ./Drivers/STM32L4xx_HAL_Driver/Src/stm32l4xx_hal_i2c_ex.o
LOAD ./Drivers/STM32L4xx_HAL_Driver/Src/stm32l4xx_hal_pwr.o
LOAD ./Drivers/STM32L4xx_HAL_Driver/Src/stm32l4xx_hal_pwr_ex.o
LOAD ./Drivers/STM32L4xx_HAL_Driver/Src/stm32l4xx_hal_rcc.o
LOAD ./Drivers/STM32L4xx_HAL_Driver/Src/stm32l4xx_hal_rcc_ex.o
LOAD ./Drivers/STM32L4xx_HAL_Driver/Src/stm32l4xx_hal_spi.o
LOAD ./Drivers/STM32L4xx_HAL_Driver/Src/stm32l4xx_hal_spi_ex.o
LOAD ./Drivers/STM32L4xx_HAL_Driver/Src/stm32l4xx_hal_tim.o
LOAD ./Drivers/STM32L4xx_HAL_Driver/Src/stm32l4xx_hal_tim_ex.o
LOAD ./Drivers/STM32L4xx_HAL_Driver/Src/stm32l4xx_hal_uart.o
LOAD ./Drivers/STM32L4xx_HAL_Driver/Src/stm32l4xx_hal_uart_ex.o
LOAD ./FATFS/App/fatfs.o
LOAD ./FATFS/Target/user_diskio.o
LOAD ./FATFS/Target/user_diskio_spi.o
LOAD ./Middlewares/Third_Party/FatFs/src/diskio.o
LOAD ./Middlewares/Third_Party/FatFs/src/ff.o
LOAD ./Middlewares/Third_Party/FatFs/src/ff_gen_drv.o
LOAD ./Middlewares/Third_Party/FatFs/src/option/syscall.o
LOAD C:\Users\tvalencia\umich\fa25\eecs373\project\bandpass\VisiTune\Drivers\CMSIS\CMSIS-DSP\libarm_cortexM4lf_math.a
START GROUP
LOAD C:/ST/STM32CubeIDE_1.19.0/STM32CubeIDE/plugins/com.st.stm32cube.ide.mcu.externaltools.gnu-tools-for-stm32.13.3.rel1.win32_1.0.0.202411081344/tools/bin/../lib/gcc/arm-none-eabi/13.3.1/../../../../arm-none-eabi/lib/thumb/v7e-m+fp/hard\libc_nano.a
LOAD C:/ST/STM32CubeIDE_1.19.0/STM32CubeIDE/plugins/com.st.stm32cube.ide.mcu.externaltools.gnu-tools-for-stm32.13.3.rel1.win32_1.0.0.202411081344/tools/bin/../lib/gcc/arm-none-eabi/13.3.1/../../../../arm-none-eabi/lib/thumb/v7e-m+fp/hard\libm.a
END GROUP
START GROUP
LOAD C:/ST/STM32CubeIDE_1.19.0/STM32CubeIDE/plugins/com.st.stm32cube.ide.mcu.externaltools.gnu-tools-for-stm32.13.3.rel1.win32_1.0.0.202411081344/tools/bin/../lib/gcc/arm-none-eabi/13.3.1/thumb/v7e-m+fp/hard\libgcc.a
LOAD C:/ST/STM32CubeIDE_1.19.0/STM32CubeIDE/plugins/com.st.stm32cube.ide.mcu.externaltools.gnu-tools-for-stm32.13.3.rel1.win32_1.0.0.202411081344/tools/bin/../lib/gcc/arm-none-eabi/13.3.1/../../../../arm-none-eabi/lib/thumb/v7e-m+fp/hard\libc_nano.a
END GROUP
START GROUP
LOAD C:/ST/STM32CubeIDE_1.19.0/STM32CubeIDE/plugins/com.st.stm32cube.ide.mcu.externaltools.gnu-tools-for-stm32.13.3.rel1.win32_1.0.0.202411081344/tools/bin/../lib/gcc/arm-none-eabi/13.3.1/thumb/v7e-m+fp/hard\libgcc.a
LOAD C:/ST/STM32CubeIDE_1.19.0/STM32CubeIDE/plugins/com.st.stm32cube.ide.mcu.externaltools.gnu-tools-for-stm32.13.3.rel1.win32_1.0.0.202411081344/tools/bin/../lib/gcc/arm-none-eabi/13.3.1/../../../../arm-none-eabi/lib/thumb/v7e-m+fp/hard\libc_nano.a
LOAD C:/ST/STM32CubeIDE_1.19.0/STM32CubeIDE/plugins/com.st.stm32cube.ide.mcu.externaltools.gnu-tools-for-stm32.13.3.rel1.win32_1.0.0.202411081344/tools/bin/../lib/gcc/arm-none-eabi/13.3.1/../../../../arm-none-eabi/lib/thumb/v7e-m+fp/hard\libnosys.a
END GROUP
START GROUP
LOAD C:/ST/STM32CubeIDE_1.19.0/STM32CubeIDE/plugins/com.st.stm32cube.ide.mcu.externaltools.gnu-tools-for-stm32.13.3.rel1.win32_1.0.0.202411081344/tools/bin/../lib/gcc/arm-none-eabi/13.3.1/thumb/v7e-m+fp/hard\libgcc.a
LOAD C:/ST/STM32CubeIDE_1.19.0/STM32CubeIDE/plugins/com.st.stm32cube.ide.mcu.externaltools.gnu-tools-for-stm32.13.3.rel1.win32_1.0.0.202411081344/tools/bin/../lib/gcc/arm-none-eabi/13.3.1/../../../../arm-none-eabi/lib/thumb/v7e-m+fp/hard\libc_nano.a
LOAD C:/ST/STM32CubeIDE_1.19.0/STM32CubeIDE/plugins/com.st.stm32cube.ide.mcu.externaltools.gnu-tools-for-stm32.13.3.rel1.win32_1.0.0.202411081344/tools/bin/../lib/gcc/arm-none-eabi/13.3.1/../../../../arm-none-eabi/lib/thumb/v7e-m+fp/hard\libnosys.a
END GROUP
LOAD C:/ST/STM32CubeIDE_1.19.0/STM32CubeIDE/plugins/com.st.stm32cube.ide.mcu.externaltools.gnu-tools-for-stm32.13.3.rel1.win32_1.0.0.202411081344/tools/bin/../lib/gcc/arm-none-eabi/13.3.1/thumb/v7e-m+fp/hard/crtend.o
LOAD C:/ST/STM32CubeIDE_1.19.0/STM32CubeIDE/plugins/com.st.stm32cube.ide.mcu.externaltools.gnu-tools-for-stm32.13.3.rel1.win32_1.0.0.202411081344/tools/bin/../lib/gcc/arm-none-eabi/13.3.1/thumb/v7e-m+fp/hard/crtn.o
                0x200a0000                        _estack = (ORIGIN (RAM3) + LENGTH (RAM3))
                0x00000200                        _Min_Heap_Size = 0x200
                0x00000400                        _Min_Stack_Size = 0x400

.isr_vector     0x08000000      0x1bc
                0x08000000                        . = ALIGN (0x4)
 *(.isr_vector)
 .isr_vector    0x08000000      0x1bc ./Core/Startup/startup_stm32l4r5zitxp.o
                0x08000000                g_pfnVectors
                0x080001bc                        . = ALIGN (0x4)

.text           0x080001c0     0xeed0
                0x080001c0                        . = ALIGN (0x4)
 *(.text)
 .text          0x080001c0       0x40 C:/ST/STM32CubeIDE_1.19.0/STM32CubeIDE/plugins/com.st.stm32cube.ide.mcu.externaltools.gnu-tools-for-stm32.13.3.rel1.win32_1.0.0.202411081344/tools/bin/../lib/gcc/arm-none-eabi/13.3.1/thumb/v7e-m+fp/hard/crtbegin.o
 .text          0x08000200      0x378 C:/ST/STM32CubeIDE_1.19.0/STM32CubeIDE/plugins/com.st.stm32cube.ide.mcu.externaltools.gnu-tools-for-stm32.13.3.rel1.win32_1.0.0.202411081344/tools/bin/../lib/gcc/arm-none-eabi/13.3.1/thumb/v7e-m+fp/hard\libgcc.a(_arm_addsubdf3.o)
                0x08000200                __aeabi_drsub
                0x08000208                __aeabi_dsub
                0x08000208                __subdf3
                0x0800020c                __aeabi_dadd
                0x0800020c                __adddf3
                0x08000484                __floatunsidf
                0x08000484                __aeabi_ui2d
                0x080004a4                __floatsidf
                0x080004a4                __aeabi_i2d
                0x080004c8                __aeabi_f2d
                0x080004c8                __extendsfdf2
                0x0800050c                __floatundidf
                0x0800050c                __aeabi_ul2d
                0x0800051c                __floatdidf
                0x0800051c                __aeabi_l2d
 .text          0x08000578      0x424 C:/ST/STM32CubeIDE_1.19.0/STM32CubeIDE/plugins/com.st.stm32cube.ide.mcu.externaltools.gnu-tools-for-stm32.13.3.rel1.win32_1.0.0.202411081344/tools/bin/../lib/gcc/arm-none-eabi/13.3.1/thumb/v7e-m+fp/hard\libgcc.a(_arm_muldivdf3.o)
                0x08000578                __aeabi_dmul
                0x08000578                __muldf3
                0x080007cc                __divdf3
                0x080007cc                __aeabi_ddiv
 .text          0x0800099c       0xa0 C:/ST/STM32CubeIDE_1.19.0/STM32CubeIDE/plugins/com.st.stm32cube.ide.mcu.externaltools.gnu-tools-for-stm32.13.3.rel1.win32_1.0.0.202411081344/tools/bin/../lib/gcc/arm-none-eabi/13.3.1/thumb/v7e-m+fp/hard\libgcc.a(_arm_truncdfsf2.o)
                0x0800099c                __truncdfsf2
                0x0800099c                __aeabi_d2f
 .text          0x08000a3c       0x30 C:/ST/STM32CubeIDE_1.19.0/STM32CubeIDE/plugins/com.st.stm32cube.ide.mcu.externaltools.gnu-tools-for-stm32.13.3.rel1.win32_1.0.0.202411081344/tools/bin/../lib/gcc/arm-none-eabi/13.3.1/thumb/v7e-m+fp/hard\libgcc.a(_aeabi_uldivmod.o)
                0x08000a3c                __aeabi_uldivmod
 .text          0x08000a6c      0x2f8 C:/ST/STM32CubeIDE_1.19.0/STM32CubeIDE/plugins/com.st.stm32cube.ide.mcu.externaltools.gnu-tools-for-stm32.13.3.rel1.win32_1.0.0.202411081344/tools/bin/../lib/gcc/arm-none-eabi/13.3.1/thumb/v7e-m+fp/hard\libgcc.a(_udivmoddi4.o)
                0x08000a6c                __udivmoddi4
 .text          0x08000d64        0x4 C:/ST/STM32CubeIDE_1.19.0/STM32CubeIDE/plugins/com.st.stm32cube.ide.mcu.externaltools.gnu-tools-for-stm32.13.3.rel1.win32_1.0.0.202411081344/tools/bin/../lib/gcc/arm-none-eabi/13.3.1/thumb/v7e-m+fp/hard\libgcc.a(_dvmd_tls.o)
                0x08000d64                __aeabi_idiv0
                0x08000d64                __aeabi_ldiv0
 *(.text*)
 .text.xy_to_led_index
                0x08000d68       0x62 ./Core/Src/eq_graph.o
 *fill*         0x08000dca        0x2 
 .text.eq_graph_set
                0x08000dcc       0x38 ./Core/Src/eq_graph.o
                0x08000dcc                eq_graph_set
 .text.eq_graph_update_fft
                0x08000e04      0x148 ./Core/Src/eq_graph.o
                0x08000e04                eq_graph_update_fft
 .text.eq_graph_render
                0x08000f4c      0x108 ./Core/Src/eq_graph.o
                0x08000f4c                eq_graph_render
 .text.eq_graph_tick
                0x08001054       0x28 ./Core/Src/eq_graph.o
                0x08001054                eq_graph_tick
 .text.HAL_TIM_PWM_PulseFinishedHalfCpltCallback
                0x0800107c       0x30 ./Core/Src/main.o
                0x0800107c                HAL_TIM_PWM_PulseFinishedHalfCpltCallback
 .text.HAL_TIM_PWM_PulseFinishedCallback
                0x080010ac       0x30 ./Core/Src/main.o
                0x080010ac                HAL_TIM_PWM_PulseFinishedCallback
 .text.EQ_LED_Tick
                0x080010dc      0x16c ./Core/Src/main.o
                0x080010dc                EQ_LED_Tick
 .text.EQ_setGains
                0x08001248      0x1ac ./Core/Src/main.o
                0x08001248                EQ_setGains
 *fill*         0x080013f4        0x4 
 .text.biquad_low_shelf
                0x080013f8      0x2c8 ./Core/Src/main.o
 .text.biquad_peak
                0x080016c0      0x18c ./Core/Src/main.o
 *fill*         0x0800184c        0x4 
 .text.biquad_high_shelf
                0x08001850      0x2c8 ./Core/Src/main.o
 .text.bpf_constant0dB
                0x08001b18      0x178 ./Core/Src/main.o
                0x08001b18                bpf_constant0dB
 .text.processEQ
                0x08001c90       0xe8 ./Core/Src/main.o
                0x08001c90                processEQ
 .text.mapSliderToDB
                0x08001d78       0x40 ./Core/Src/main.o
                0x08001d78                mapSliderToDB
 .text.mapKnobtoFreq
                0x08001db8       0x90 ./Core/Src/main.o
                0x08001db8                mapKnobtoFreq
 .text.main     0x08001e48      0x724 ./Core/Src/main.o
                0x08001e48                main
 .text.SystemClock_Config
                0x0800256c       0xa0 ./Core/Src/main.o
                0x0800256c                SystemClock_Config
 .text.MX_ADC1_Init
                0x0800260c      0x128 ./Core/Src/main.o
 .text.MX_DAC1_Init
                0x08002734       0x68 ./Core/Src/main.o
 .text.MX_LPUART1_UART_Init
                0x0800279c       0x9c ./Core/Src/main.o
 .text.MX_SPI1_Init
                0x08002838       0x7c ./Core/Src/main.o
 .text.MX_SPI2_Init
                0x080028b4       0x7c ./Core/Src/main.o
 .text.MX_TIM1_Init
                0x08002930       0xa4 ./Core/Src/main.o
 .text.MX_TIM2_Init
                0x080029d4       0x9c ./Core/Src/main.o
 .text.MX_TIM4_Init
                0x08002a70       0xec ./Core/Src/main.o
 .text.MX_DMA_Init
                0x08002b5c       0x94 ./Core/Src/main.o
 .text.MX_GPIO_Init
                0x08002bf0      0x414 ./Core/Src/main.o
 .text.ADC_ReadAll_Polling
                0x08003004       0xb4 ./Core/Src/main.o
 .text.read_keypad
                0x080030b8      0x16c ./Core/Src/main.o
 .text.MIDI_Check
                0x08003224      0x15c ./Core/Src/main.o
 .text.protocol_soft_reset
                0x08003380       0x84 ./Core/Src/main.o
 .text.HAL_GPIO_EXTI_Callback
                0x08003404       0x70 ./Core/Src/main.o
                0x08003404                HAL_GPIO_EXTI_Callback
 .text.uart_start_header_rx
                0x08003474       0x24 ./Core/Src/main.o
 .text.HAL_UART_RxCpltCallback
                0x08003498      0x274 ./Core/Src/main.o
                0x08003498                HAL_UART_RxCpltCallback
 .text.HAL_DAC_ConvHalfCpltCallbackCh1
                0x0800370c       0x50 ./Core/Src/main.o
                0x0800370c                HAL_DAC_ConvHalfCpltCallbackCh1
 .text.HAL_DAC_ConvCpltCallbackCh1
                0x0800375c       0x50 ./Core/Src/main.o
                0x0800375c                HAL_DAC_ConvCpltCallbackCh1
 .text.HAL_UART_ErrorCallback
                0x080037ac       0x24 ./Core/Src/main.o
                0x080037ac                HAL_UART_ErrorCallback
 .text.Error_Handler
                0x080037d0        0xc ./Core/Src/main.o
                0x080037d0                Error_Handler
 .text.crc16_ccitt
                0x080037dc       0xd6 ./Core/Src/packets.o
                0x080037dc                crc16_ccitt
 .text.parse_and_apply_image_packet
                0x080038b2       0xbc ./Core/Src/packets.o
                0x080038b2                parse_and_apply_image_packet
 *fill*         0x0800396e        0x2 
 .text.HAL_MspInit
                0x08003970       0x48 ./Core/Src/stm32l4xx_hal_msp.o
                0x08003970                HAL_MspInit
 .text.HAL_ADC_MspInit
                0x080039b8      0x1b4 ./Core/Src/stm32l4xx_hal_msp.o
                0x080039b8                HAL_ADC_MspInit
 .text.HAL_DAC_MspInit
                0x08003b6c       0xdc ./Core/Src/stm32l4xx_hal_msp.o
                0x08003b6c                HAL_DAC_MspInit
 .text.HAL_UART_MspInit
                0x08003c48      0x12c ./Core/Src/stm32l4xx_hal_msp.o
                0x08003c48                HAL_UART_MspInit
 .text.HAL_SPI_MspInit
                0x08003d74      0x180 ./Core/Src/stm32l4xx_hal_msp.o
                0x08003d74                HAL_SPI_MspInit
 .text.HAL_TIM_Base_MspInit
                0x08003ef4      0x1cc ./Core/Src/stm32l4xx_hal_msp.o
                0x08003ef4                HAL_TIM_Base_MspInit
 .text.HAL_TIM_MspPostInit
                0x080040c0       0xc0 ./Core/Src/stm32l4xx_hal_msp.o
                0x080040c0                HAL_TIM_MspPostInit
 .text.NMI_Handler
                0x08004180        0x8 ./Core/Src/stm32l4xx_it.o
                0x08004180                NMI_Handler
 .text.HardFault_Handler
                0x08004188        0x8 ./Core/Src/stm32l4xx_it.o
                0x08004188                HardFault_Handler
 .text.MemManage_Handler
                0x08004190        0x8 ./Core/Src/stm32l4xx_it.o
                0x08004190                MemManage_Handler
 .text.BusFault_Handler
                0x08004198        0x8 ./Core/Src/stm32l4xx_it.o
                0x08004198                BusFault_Handler
 .text.UsageFault_Handler
                0x080041a0        0x8 ./Core/Src/stm32l4xx_it.o
                0x080041a0                UsageFault_Handler
 .text.SVC_Handler
                0x080041a8        0xe ./Core/Src/stm32l4xx_it.o
                0x080041a8                SVC_Handler
 .text.DebugMon_Handler
                0x080041b6        0xe ./Core/Src/stm32l4xx_it.o
                0x080041b6                DebugMon_Handler
 .text.PendSV_Handler
                0x080041c4        0xe ./Core/Src/stm32l4xx_it.o
                0x080041c4                PendSV_Handler
 .text.SysTick_Handler
                0x080041d2        0xc ./Core/Src/stm32l4xx_it.o
                0x080041d2                SysTick_Handler
 .text.EXTI0_IRQHandler
                0x080041de        0xe ./Core/Src/stm32l4xx_it.o
                0x080041de                EXTI0_IRQHandler
 .text.EXTI1_IRQHandler
                0x080041ec        0xe ./Core/Src/stm32l4xx_it.o
                0x080041ec                EXTI1_IRQHandler
 *fill*         0x080041fa        0x2 
 .text.DMA1_Channel1_IRQHandler
                0x080041fc       0x14 ./Core/Src/stm32l4xx_it.o
                0x080041fc                DMA1_Channel1_IRQHandler
 .text.DMA1_Channel2_IRQHandler
                0x08004210       0x14 ./Core/Src/stm32l4xx_it.o
                0x08004210                DMA1_Channel2_IRQHandler
 .text.DMA1_Channel3_IRQHandler
                0x08004224       0x14 ./Core/Src/stm32l4xx_it.o
                0x08004224                DMA1_Channel3_IRQHandler
 .text.DMA1_Channel4_IRQHandler
                0x08004238       0x14 ./Core/Src/stm32l4xx_it.o
                0x08004238                DMA1_Channel4_IRQHandler
 .text.DMA1_Channel5_IRQHandler
                0x0800424c       0x14 ./Core/Src/stm32l4xx_it.o
                0x0800424c                DMA1_Channel5_IRQHandler
 .text.ADC1_IRQHandler
                0x08004260       0x14 ./Core/Src/stm32l4xx_it.o
                0x08004260                ADC1_IRQHandler
 .text.EXTI15_10_IRQHandler
                0x08004274       0x10 ./Core/Src/stm32l4xx_it.o
                0x08004274                EXTI15_10_IRQHandler
 .text.LPUART1_IRQHandler
                0x08004284       0x14 ./Core/Src/stm32l4xx_it.o
                0x08004284                LPUART1_IRQHandler
 .text._sbrk    0x08004298       0x6c ./Core/Src/sysmem.o
                0x08004298                _sbrk
 .text.SystemInit
                0x08004304       0x24 ./Core/Src/system_stm32l4xx.o
                0x08004304                SystemInit
 .text.tft_select
                0x08004328       0x18 ./Core/Src/tft.o
 .text.tft_deselect
                0x08004340       0x18 ./Core/Src/tft.o
 .text.tft_dc_cmd
                0x08004358       0x18 ./Core/Src/tft.o
 .text.tft_dc_data
                0x08004370       0x18 ./Core/Src/tft.o
 .text.tft_hw_reset
                0x08004388       0x2c ./Core/Src/tft.o
 .text.tft_write_cmd
                0x080043b4       0x30 ./Core/Src/tft.o
 .text.tft_write_data
                0x080043e4       0x34 ./Core/Src/tft.o
 .text.tft_write_data8
                0x08004418       0x1c ./Core/Src/tft.o
 .text.tft_set_rotation
                0x08004434       0x64 ./Core/Src/tft.o
                0x08004434                tft_set_rotation
 .text.tft_set_addr_window
                0x08004498       0x8a ./Core/Src/tft.o
                0x08004498                tft_set_addr_window
 .text.tft_init
                0x08004522       0x36 ./Core/Src/tft.o
                0x08004522                tft_init
 .text.tft_fill_rect
                0x08004558      0x18c ./Core/Src/tft.o
                0x08004558                tft_fill_rect
 .text.tft_blit565
                0x080046e4      0x160 ./Core/Src/tft.o
                0x080046e4                tft_blit565
 .text.ws2812_update_buffer
                0x08004844      0x14c ./Core/Src/ws2812.o
                0x08004844                ws2812_update_buffer
 .text.zeroLedValues
                0x08004990       0x38 ./Core/Src/ws2812.o
                0x08004990                zeroLedValues
 .text.setLedValues
                0x080049c8       0x80 ./Core/Src/ws2812.o
                0x080049c8                setLedValues
 .text.ws2812_init
                0x08004a48       0x90 ./Core/Src/ws2812.o
                0x08004a48                ws2812_init
 .text.Reset_Handler
                0x08004ad8       0x50 ./Core/Startup/startup_stm32l4r5zitxp.o
                0x08004ad8                Reset_Handler
 .text.Default_Handler
                0x08004b28        0x2 ./Core/Startup/startup_stm32l4r5zitxp.o
                0x08004b28                RTC_Alarm_IRQHandler
                0x08004b28                EXTI2_IRQHandler
                0x08004b28                TIM8_TRG_COM_IRQHandler
                0x08004b28                TIM8_CC_IRQHandler
                0x08004b28                TIM1_CC_IRQHandler
                0x08004b28                TSC_IRQHandler
                0x08004b28                TAMP_STAMP_IRQHandler
                0x08004b28                EXTI3_IRQHandler
                0x08004b28                LPTIM2_IRQHandler
                0x08004b28                DFSDM1_FLT1_IRQHandler
                0x08004b28                GFXMMU_IRQHandler
                0x08004b28                I2C3_ER_IRQHandler
                0x08004b28                DFSDM1_FLT2_IRQHandler
                0x08004b28                I2C2_EV_IRQHandler
                0x08004b28                CAN1_RX0_IRQHandler
                0x08004b28                FPU_IRQHandler
                0x08004b28                TIM1_UP_TIM16_IRQHandler
                0x08004b28                LTDC_ER_IRQHandler
                0x08004b28                SPI1_IRQHandler
                0x08004b28                OCTOSPI1_IRQHandler
                0x08004b28                TIM6_DAC_IRQHandler
                0x08004b28                DCMI_IRQHandler
                0x08004b28                TIM8_UP_IRQHandler
                0x08004b28                OCTOSPI2_IRQHandler
                0x08004b28                DMA2_Channel2_IRQHandler
                0x08004b28                SAI2_IRQHandler
                0x08004b28                DFSDM1_FLT3_IRQHandler
                0x08004b28                USART3_IRQHandler
                0x08004b28                DMA1_Channel7_IRQHandler
                0x08004b28                CAN1_RX1_IRQHandler
                0x08004b28                UART5_IRQHandler
                0x08004b28                TIM4_IRQHandler
                0x08004b28                DMA2_Channel1_IRQHandler
                0x08004b28                I2C1_EV_IRQHandler
                0x08004b28                DMAMUX1_OVR_IRQHandler
                0x08004b28                DMA1_Channel6_IRQHandler
                0x08004b28                UART4_IRQHandler
                0x08004b28                DMA2_Channel4_IRQHandler
                0x08004b28                TIM3_IRQHandler
                0x08004b28                RCC_IRQHandler
                0x08004b28                Default_Handler
                0x08004b28                DMA2_Channel7_IRQHandler
                0x08004b28                TIM7_IRQHandler
                0x08004b28                SDMMC1_IRQHandler
                0x08004b28                TIM5_IRQHandler
                0x08004b28                I2C3_EV_IRQHandler
                0x08004b28                EXTI9_5_IRQHandler
                0x08004b28                RTC_WKUP_IRQHandler
                0x08004b28                LTDC_IRQHandler
                0x08004b28                PVD_PVM_IRQHandler
                0x08004b28                SPI2_IRQHandler
                0x08004b28                CAN1_TX_IRQHandler
                0x08004b28                DMA2_Channel5_IRQHandler
                0x08004b28                CRS_IRQHandler
                0x08004b28                EXTI4_IRQHandler
                0x08004b28                RNG_IRQHandler
                0x08004b28                TIM1_TRG_COM_TIM17_IRQHandler
                0x08004b28                COMP_IRQHandler
                0x08004b28                WWDG_IRQHandler
                0x08004b28                I2C4_EV_IRQHandler
                0x08004b28                DMA2_Channel6_IRQHandler
                0x08004b28                TIM2_IRQHandler
                0x08004b28                DMA2D_IRQHandler
                0x08004b28                USART2_IRQHandler
                0x08004b28                DFSDM1_FLT0_IRQHandler
                0x08004b28                I2C2_ER_IRQHandler
                0x08004b28                TIM8_BRK_IRQHandler
                0x08004b28                CAN1_SCE_IRQHandler
                0x08004b28                FLASH_IRQHandler
                0x08004b28                USART1_IRQHandler
                0x08004b28                OTG_FS_IRQHandler
                0x08004b28                SPI3_IRQHandler
                0x08004b28                I2C1_ER_IRQHandler
                0x08004b28                FMC_IRQHandler
                0x08004b28                LPTIM1_IRQHandler
                0x08004b28                I2C4_ER_IRQHandler
                0x08004b28                SAI1_IRQHandler
                0x08004b28                DMA2_Channel3_IRQHandler
                0x08004b28                TIM1_BRK_TIM15_IRQHandler
 .text.HAL_Init
                0x08004b2a       0x30 ./Drivers/STM32L4xx_HAL_Driver/Src/stm32l4xx_hal.o
                0x08004b2a                HAL_Init
 *fill*         0x08004b5a        0x2 
 .text.HAL_InitTick
                0x08004b5c       0x78 ./Drivers/STM32L4xx_HAL_Driver/Src/stm32l4xx_hal.o
                0x08004b5c                HAL_InitTick
 .text.HAL_IncTick
                0x08004bd4       0x28 ./Drivers/STM32L4xx_HAL_Driver/Src/stm32l4xx_hal.o
                0x08004bd4                HAL_IncTick
 .text.HAL_GetTick
                0x08004bfc       0x18 ./Drivers/STM32L4xx_HAL_Driver/Src/stm32l4xx_hal.o
                0x08004bfc                HAL_GetTick
 .text.HAL_Delay
                0x08004c14       0x48 ./Drivers/STM32L4xx_HAL_Driver/Src/stm32l4xx_hal.o
                0x08004c14                HAL_Delay
 .text.LL_ADC_SetCommonClock
                0x08004c5c       0x26 ./Drivers/STM32L4xx_HAL_Driver/Src/stm32l4xx_hal_adc.o
 .text.LL_ADC_SetCommonPathInternalCh
                0x08004c82       0x26 ./Drivers/STM32L4xx_HAL_Driver/Src/stm32l4xx_hal_adc.o
 .text.LL_ADC_GetCommonPathInternalCh
                0x08004ca8       0x1c ./Drivers/STM32L4xx_HAL_Driver/Src/stm32l4xx_hal_adc.o
 .text.LL_ADC_SetOffset
                0x08004cc4       0x48 ./Drivers/STM32L4xx_HAL_Driver/Src/stm32l4xx_hal_adc.o
 .text.LL_ADC_GetOffsetChannel
                0x08004d0c       0x2c ./Drivers/STM32L4xx_HAL_Driver/Src/stm32l4xx_hal_adc.o
 .text.LL_ADC_SetOffsetState
                0x08004d38       0x36 ./Drivers/STM32L4xx_HAL_Driver/Src/stm32l4xx_hal_adc.o
 .text.LL_ADC_SetSamplingTimeCommonConfig
                0x08004d6e       0x26 ./Drivers/STM32L4xx_HAL_Driver/Src/stm32l4xx_hal_adc.o
 .text.LL_ADC_REG_IsTriggerSourceSWStart
                0x08004d94       0x26 ./Drivers/STM32L4xx_HAL_Driver/Src/stm32l4xx_hal_adc.o
 .text.LL_ADC_REG_SetSequencerRanks
                0x08004dba       0x58 ./Drivers/STM32L4xx_HAL_Driver/Src/stm32l4xx_hal_adc.o
 .text.LL_ADC_INJ_IsTriggerSourceSWStart
                0x08004e12       0x26 ./Drivers/STM32L4xx_HAL_Driver/Src/stm32l4xx_hal_adc.o
 .text.LL_ADC_SetChannelSamplingTime
                0x08004e38       0x56 ./Drivers/STM32L4xx_HAL_Driver/Src/stm32l4xx_hal_adc.o
 *fill*         0x08004e8e        0x2 
 .text.LL_ADC_SetChannelSingleDiff
                0x08004e90       0x48 ./Drivers/STM32L4xx_HAL_Driver/Src/stm32l4xx_hal_adc.o
 .text.LL_ADC_DisableDeepPowerDown
                0x08004ed8       0x24 ./Drivers/STM32L4xx_HAL_Driver/Src/stm32l4xx_hal_adc.o
 .text.LL_ADC_IsDeepPowerDownEnabled
                0x08004efc       0x28 ./Drivers/STM32L4xx_HAL_Driver/Src/stm32l4xx_hal_adc.o
 .text.LL_ADC_EnableInternalRegulator
                0x08004f24       0x28 ./Drivers/STM32L4xx_HAL_Driver/Src/stm32l4xx_hal_adc.o
 .text.LL_ADC_IsInternalRegulatorEnabled
                0x08004f4c       0x28 ./Drivers/STM32L4xx_HAL_Driver/Src/stm32l4xx_hal_adc.o
 .text.LL_ADC_Enable
                0x08004f74       0x28 ./Drivers/STM32L4xx_HAL_Driver/Src/stm32l4xx_hal_adc.o
 .text.LL_ADC_Disable
                0x08004f9c       0x28 ./Drivers/STM32L4xx_HAL_Driver/Src/stm32l4xx_hal_adc.o
 .text.LL_ADC_IsEnabled
                0x08004fc4       0x26 ./Drivers/STM32L4xx_HAL_Driver/Src/stm32l4xx_hal_adc.o
 .text.LL_ADC_IsDisableOngoing
                0x08004fea       0x26 ./Drivers/STM32L4xx_HAL_Driver/Src/stm32l4xx_hal_adc.o
 .text.LL_ADC_REG_StartConversion
                0x08005010       0x28 ./Drivers/STM32L4xx_HAL_Driver/Src/stm32l4xx_hal_adc.o
 .text.LL_ADC_REG_IsConversionOngoing
                0x08005038       0x26 ./Drivers/STM32L4xx_HAL_Driver/Src/stm32l4xx_hal_adc.o
 .text.LL_ADC_INJ_IsConversionOngoing
                0x0800505e       0x26 ./Drivers/STM32L4xx_HAL_Driver/Src/stm32l4xx_hal_adc.o
 .text.HAL_ADC_Init
                0x08005084      0x28c ./Drivers/STM32L4xx_HAL_Driver/Src/stm32l4xx_hal_adc.o
                0x08005084                HAL_ADC_Init
 .text.HAL_ADC_Start
                0x08005310       0xc6 ./Drivers/STM32L4xx_HAL_Driver/Src/stm32l4xx_hal_adc.o
                0x08005310                HAL_ADC_Start
 .text.HAL_ADC_PollForConversion
                0x080053d6      0x11e ./Drivers/STM32L4xx_HAL_Driver/Src/stm32l4xx_hal_adc.o
                0x080053d6                HAL_ADC_PollForConversion
 .text.HAL_ADC_GetValue
                0x080054f4       0x1a ./Drivers/STM32L4xx_HAL_Driver/Src/stm32l4xx_hal_adc.o
                0x080054f4                HAL_ADC_GetValue
 .text.HAL_ADC_IRQHandler
                0x0800550e      0x368 ./Drivers/STM32L4xx_HAL_Driver/Src/stm32l4xx_hal_adc.o
                0x0800550e                HAL_ADC_IRQHandler
 .text.HAL_ADC_ConvCpltCallback
                0x08005876       0x14 ./Drivers/STM32L4xx_HAL_Driver/Src/stm32l4xx_hal_adc.o
                0x08005876                HAL_ADC_ConvCpltCallback
 .text.HAL_ADC_LevelOutOfWindowCallback
                0x0800588a       0x14 ./Drivers/STM32L4xx_HAL_Driver/Src/stm32l4xx_hal_adc.o
                0x0800588a                HAL_ADC_LevelOutOfWindowCallback
 .text.HAL_ADC_ErrorCallback
                0x0800589e       0x14 ./Drivers/STM32L4xx_HAL_Driver/Src/stm32l4xx_hal_adc.o
                0x0800589e                HAL_ADC_ErrorCallback
 *fill*         0x080058b2        0x2 
 .text.HAL_ADC_ConfigChannel
                0x080058b4      0x7f8 ./Drivers/STM32L4xx_HAL_Driver/Src/stm32l4xx_hal_adc.o
                0x080058b4                HAL_ADC_ConfigChannel
 .text.ADC_Enable
                0x080060ac      0x10c ./Drivers/STM32L4xx_HAL_Driver/Src/stm32l4xx_hal_adc.o
                0x080060ac                ADC_Enable
 .text.ADC_Disable
                0x080061b8       0xbe ./Drivers/STM32L4xx_HAL_Driver/Src/stm32l4xx_hal_adc.o
                0x080061b8                ADC_Disable
 .text.LL_ADC_StartCalibration
                0x08006276       0x32 ./Drivers/STM32L4xx_HAL_Driver/Src/stm32l4xx_hal_adc_ex.o
 .text.LL_ADC_IsCalibrationOnGoing
                0x080062a8       0x28 ./Drivers/STM32L4xx_HAL_Driver/Src/stm32l4xx_hal_adc_ex.o
 .text.HAL_ADCEx_Calibration_Start
                0x080062d0       0xc0 ./Drivers/STM32L4xx_HAL_Driver/Src/stm32l4xx_hal_adc_ex.o
                0x080062d0                HAL_ADCEx_Calibration_Start
 .text.HAL_ADCEx_InjectedConvCpltCallback
                0x08006390       0x14 ./Drivers/STM32L4xx_HAL_Driver/Src/stm32l4xx_hal_adc_ex.o
                0x08006390                HAL_ADCEx_InjectedConvCpltCallback
 .text.HAL_ADCEx_InjectedQueueOverflowCallback
                0x080063a4       0x14 ./Drivers/STM32L4xx_HAL_Driver/Src/stm32l4xx_hal_adc_ex.o
                0x080063a4                HAL_ADCEx_InjectedQueueOverflowCallback
 .text.HAL_ADCEx_LevelOutOfWindow2Callback
                0x080063b8       0x14 ./Drivers/STM32L4xx_HAL_Driver/Src/stm32l4xx_hal_adc_ex.o
                0x080063b8                HAL_ADCEx_LevelOutOfWindow2Callback
 .text.HAL_ADCEx_LevelOutOfWindow3Callback
                0x080063cc       0x14 ./Drivers/STM32L4xx_HAL_Driver/Src/stm32l4xx_hal_adc_ex.o
                0x080063cc                HAL_ADCEx_LevelOutOfWindow3Callback
 .text.HAL_ADCEx_EndOfSamplingCallback
                0x080063e0       0x14 ./Drivers/STM32L4xx_HAL_Driver/Src/stm32l4xx_hal_adc_ex.o
                0x080063e0                HAL_ADCEx_EndOfSamplingCallback
 .text.__NVIC_SetPriorityGrouping
                0x080063f4       0x48 ./Drivers/STM32L4xx_HAL_Driver/Src/stm32l4xx_hal_cortex.o
 .text.__NVIC_GetPriorityGrouping
                0x0800643c       0x1c ./Drivers/STM32L4xx_HAL_Driver/Src/stm32l4xx_hal_cortex.o
 .text.__NVIC_EnableIRQ
                0x08006458       0x3c ./Drivers/STM32L4xx_HAL_Driver/Src/stm32l4xx_hal_cortex.o
 .text.__NVIC_SetPriority
                0x08006494       0x54 ./Drivers/STM32L4xx_HAL_Driver/Src/stm32l4xx_hal_cortex.o
 .text.NVIC_EncodePriority
                0x080064e8       0x66 ./Drivers/STM32L4xx_HAL_Driver/Src/stm32l4xx_hal_cortex.o
 *fill*         0x0800654e        0x2 
 .text.SysTick_Config
                0x08006550       0x44 ./Drivers/STM32L4xx_HAL_Driver/Src/stm32l4xx_hal_cortex.o
 .text.HAL_NVIC_SetPriorityGrouping
                0x08006594       0x16 ./Drivers/STM32L4xx_HAL_Driver/Src/stm32l4xx_hal_cortex.o
                0x08006594                HAL_NVIC_SetPriorityGrouping
 .text.HAL_NVIC_SetPriority
                0x080065aa       0x38 ./Drivers/STM32L4xx_HAL_Driver/Src/stm32l4xx_hal_cortex.o
                0x080065aa                HAL_NVIC_SetPriority
 .text.HAL_NVIC_EnableIRQ
                0x080065e2       0x1c ./Drivers/STM32L4xx_HAL_Driver/Src/stm32l4xx_hal_cortex.o
                0x080065e2                HAL_NVIC_EnableIRQ
 .text.HAL_SYSTICK_Config
                0x080065fe       0x18 ./Drivers/STM32L4xx_HAL_Driver/Src/stm32l4xx_hal_cortex.o
                0x080065fe                HAL_SYSTICK_Config
 .text.HAL_DAC_Init
                0x08006616       0x44 ./Drivers/STM32L4xx_HAL_Driver/Src/stm32l4xx_hal_dac.o
                0x08006616                HAL_DAC_Init
 *fill*         0x0800665a        0x2 
 .text.HAL_DAC_Start_DMA
                0x0800665c      0x198 ./Drivers/STM32L4xx_HAL_Driver/Src/stm32l4xx_hal_dac.o
                0x0800665c                HAL_DAC_Start_DMA
 .text.HAL_DAC_Stop_DMA
                0x080067f4       0x8a ./Drivers/STM32L4xx_HAL_Driver/Src/stm32l4xx_hal_dac.o
                0x080067f4                HAL_DAC_Stop_DMA
 .text.HAL_DAC_ErrorCallbackCh1
                0x0800687e       0x14 ./Drivers/STM32L4xx_HAL_Driver/Src/stm32l4xx_hal_dac.o
                0x0800687e                HAL_DAC_ErrorCallbackCh1
 *fill*         0x08006892        0x2 
 .text.HAL_DAC_ConfigChannel
                0x08006894      0x298 ./Drivers/STM32L4xx_HAL_Driver/Src/stm32l4xx_hal_dac.o
                0x08006894                HAL_DAC_ConfigChannel
 .text.DAC_DMAConvCpltCh1
                0x08006b2c       0x22 ./Drivers/STM32L4xx_HAL_Driver/Src/stm32l4xx_hal_dac.o
                0x08006b2c                DAC_DMAConvCpltCh1
 .text.DAC_DMAHalfConvCpltCh1
                0x08006b4e       0x1c ./Drivers/STM32L4xx_HAL_Driver/Src/stm32l4xx_hal_dac.o
                0x08006b4e                DAC_DMAHalfConvCpltCh1
 .text.DAC_DMAErrorCh1
                0x08006b6a       0x2e ./Drivers/STM32L4xx_HAL_Driver/Src/stm32l4xx_hal_dac.o
                0x08006b6a                DAC_DMAErrorCh1
 .text.HAL_DACEx_ConvCpltCallbackCh2
                0x08006b98       0x14 ./Drivers/STM32L4xx_HAL_Driver/Src/stm32l4xx_hal_dac_ex.o
                0x08006b98                HAL_DACEx_ConvCpltCallbackCh2
 .text.HAL_DACEx_ConvHalfCpltCallbackCh2
                0x08006bac       0x14 ./Drivers/STM32L4xx_HAL_Driver/Src/stm32l4xx_hal_dac_ex.o
                0x08006bac                HAL_DACEx_ConvHalfCpltCallbackCh2
 .text.HAL_DACEx_ErrorCallbackCh2
                0x08006bc0       0x14 ./Drivers/STM32L4xx_HAL_Driver/Src/stm32l4xx_hal_dac_ex.o
                0x08006bc0                HAL_DACEx_ErrorCallbackCh2
 .text.DAC_DMAConvCpltCh2
                0x08006bd4       0x22 ./Drivers/STM32L4xx_HAL_Driver/Src/stm32l4xx_hal_dac_ex.o
                0x08006bd4                DAC_DMAConvCpltCh2
 .text.DAC_DMAHalfConvCpltCh2
                0x08006bf6       0x1c ./Drivers/STM32L4xx_HAL_Driver/Src/stm32l4xx_hal_dac_ex.o
                0x08006bf6                DAC_DMAHalfConvCpltCh2
 .text.DAC_DMAErrorCh2
                0x08006c12       0x2e ./Drivers/STM32L4xx_HAL_Driver/Src/stm32l4xx_hal_dac_ex.o
                0x08006c12                DAC_DMAErrorCh2
 .text.HAL_DMA_Init
                0x08006c40      0x150 ./Drivers/STM32L4xx_HAL_Driver/Src/stm32l4xx_hal_dma.o
                0x08006c40                HAL_DMA_Init
 .text.HAL_DMA_Start_IT
                0x08006d90       0xf6 ./Drivers/STM32L4xx_HAL_Driver/Src/stm32l4xx_hal_dma.o
                0x08006d90                HAL_DMA_Start_IT
 .text.HAL_DMA_Abort
                0x08006e86       0xb8 ./Drivers/STM32L4xx_HAL_Driver/Src/stm32l4xx_hal_dma.o
                0x08006e86                HAL_DMA_Abort
 .text.HAL_DMA_Abort_IT
                0x08006f3e       0xbe ./Drivers/STM32L4xx_HAL_Driver/Src/stm32l4xx_hal_dma.o
                0x08006f3e                HAL_DMA_Abort_IT
 .text.HAL_DMA_IRQHandler
                0x08006ffc      0x15e ./Drivers/STM32L4xx_HAL_Driver/Src/stm32l4xx_hal_dma.o
                0x08006ffc                HAL_DMA_IRQHandler
 .text.HAL_DMA_GetError
                0x0800715a       0x18 ./Drivers/STM32L4xx_HAL_Driver/Src/stm32l4xx_hal_dma.o
                0x0800715a                HAL_DMA_GetError
 .text.DMA_SetConfig
                0x08007172       0x7c ./Drivers/STM32L4xx_HAL_Driver/Src/stm32l4xx_hal_dma.o
 *fill*         0x080071ee        0x2 
 .text.DMA_CalcDMAMUXChannelBaseAndMask
                0x080071f0       0x7c ./Drivers/STM32L4xx_HAL_Driver/Src/stm32l4xx_hal_dma.o
 .text.DMA_CalcDMAMUXRequestGenBaseAndMask
                0x0800726c       0x48 ./Drivers/STM32L4xx_HAL_Driver/Src/stm32l4xx_hal_dma.o
 .text.HAL_GPIO_Init
                0x080072b4      0x324 ./Drivers/STM32L4xx_HAL_Driver/Src/stm32l4xx_hal_gpio.o
                0x080072b4                HAL_GPIO_Init
 .text.HAL_GPIO_ReadPin
                0x080075d8       0x30 ./Drivers/STM32L4xx_HAL_Driver/Src/stm32l4xx_hal_gpio.o
                0x080075d8                HAL_GPIO_ReadPin
 .text.HAL_GPIO_WritePin
                0x08007608       0x30 ./Drivers/STM32L4xx_HAL_Driver/Src/stm32l4xx_hal_gpio.o
                0x08007608                HAL_GPIO_WritePin
 .text.HAL_GPIO_EXTI_IRQHandler
                0x08007638       0x30 ./Drivers/STM32L4xx_HAL_Driver/Src/stm32l4xx_hal_gpio.o
                0x08007638                HAL_GPIO_EXTI_IRQHandler
 .text.HAL_PWREx_GetVoltageRange
                0x08007668       0x40 ./Drivers/STM32L4xx_HAL_Driver/Src/stm32l4xx_hal_pwr_ex.o
                0x08007668                HAL_PWREx_GetVoltageRange
 .text.HAL_PWREx_ControlVoltageScaling
                0x080076a8      0x148 ./Drivers/STM32L4xx_HAL_Driver/Src/stm32l4xx_hal_pwr_ex.o
                0x080076a8                HAL_PWREx_ControlVoltageScaling
 .text.HAL_PWREx_EnableVddIO2
                0x080077f0       0x20 ./Drivers/STM32L4xx_HAL_Driver/Src/stm32l4xx_hal_pwr_ex.o
                0x080077f0                HAL_PWREx_EnableVddIO2
 .text.HAL_RCC_OscConfig
                0x08007810      0x834 ./Drivers/STM32L4xx_HAL_Driver/Src/stm32l4xx_hal_rcc.o
                0x08007810                HAL_RCC_OscConfig
 .text.HAL_RCC_ClockConfig
                0x08008044      0x274 ./Drivers/STM32L4xx_HAL_Driver/Src/stm32l4xx_hal_rcc.o
                0x08008044                HAL_RCC_ClockConfig
 .text.HAL_RCC_GetSysClockFreq
                0x080082b8      0x118 ./Drivers/STM32L4xx_HAL_Driver/Src/stm32l4xx_hal_rcc.o
                0x080082b8                HAL_RCC_GetSysClockFreq
 .text.HAL_RCC_GetHCLKFreq
                0x080083d0       0x18 ./Drivers/STM32L4xx_HAL_Driver/Src/stm32l4xx_hal_rcc.o
                0x080083d0                HAL_RCC_GetHCLKFreq
 .text.HAL_RCC_GetPCLK1Freq
                0x080083e8       0x2c ./Drivers/STM32L4xx_HAL_Driver/Src/stm32l4xx_hal_rcc.o
                0x080083e8                HAL_RCC_GetPCLK1Freq
 .text.HAL_RCC_GetPCLK2Freq
                0x08008414       0x2c ./Drivers/STM32L4xx_HAL_Driver/Src/stm32l4xx_hal_rcc.o
                0x08008414                HAL_RCC_GetPCLK2Freq
 .text.RCC_SetFlashLatencyFromMSIRange
                0x08008440       0xb4 ./Drivers/STM32L4xx_HAL_Driver/Src/stm32l4xx_hal_rcc.o
 .text.RCC_GetSysClockFreqFromPLLSource
                0x080084f4       0xcc ./Drivers/STM32L4xx_HAL_Driver/Src/stm32l4xx_hal_rcc.o
 .text.HAL_RCCEx_PeriphCLKConfig
                0x080085c0      0x660 ./Drivers/STM32L4xx_HAL_Driver/Src/stm32l4xx_hal_rcc_ex.o
                0x080085c0                HAL_RCCEx_PeriphCLKConfig
 .text.RCCEx_PLLSAI1_Config
                0x08008c20      0x1e8 ./Drivers/STM32L4xx_HAL_Driver/Src/stm32l4xx_hal_rcc_ex.o
 .text.RCCEx_PLLSAI2_Config
                0x08008e08      0x1e8 ./Drivers/STM32L4xx_HAL_Driver/Src/stm32l4xx_hal_rcc_ex.o
 .text.HAL_SPI_Init
                0x08008ff0      0x146 ./Drivers/STM32L4xx_HAL_Driver/Src/stm32l4xx_hal_spi.o
                0x08008ff0                HAL_SPI_Init
 .text.HAL_SPI_Transmit
                0x08009136      0x2ec ./Drivers/STM32L4xx_HAL_Driver/Src/stm32l4xx_hal_spi.o
                0x08009136                HAL_SPI_Transmit
 .text.HAL_SPI_TransmitReceive
                0x08009422      0x43e ./Drivers/STM32L4xx_HAL_Driver/Src/stm32l4xx_hal_spi.o
                0x08009422                HAL_SPI_TransmitReceive
 .text.SPI_WaitFlagStateUntilTimeout
                0x08009860      0x110 ./Drivers/STM32L4xx_HAL_Driver/Src/stm32l4xx_hal_spi.o
 .text.SPI_WaitFifoStateUntilTimeout
                0x08009970      0x12c ./Drivers/STM32L4xx_HAL_Driver/Src/stm32l4xx_hal_spi.o
 .text.SPI_EndRxTxTransaction
                0x08009a9c       0x8c ./Drivers/STM32L4xx_HAL_Driver/Src/stm32l4xx_hal_spi.o
 .text.HAL_TIM_Base_Init
                0x08009b28       0xae ./Drivers/STM32L4xx_HAL_Driver/Src/stm32l4xx_hal_tim.o
                0x08009b28                HAL_TIM_Base_Init
 *fill*         0x08009bd6        0x2 
 .text.HAL_TIM_Base_Start
                0x08009bd8       0xd0 ./Drivers/STM32L4xx_HAL_Driver/Src/stm32l4xx_hal_tim.o
                0x08009bd8                HAL_TIM_Base_Start
 .text.HAL_TIM_PWM_Init
                0x08009ca8       0xae ./Drivers/STM32L4xx_HAL_Driver/Src/stm32l4xx_hal_tim.o
                0x08009ca8                HAL_TIM_PWM_Init
 .text.HAL_TIM_PWM_MspInit
                0x08009d56       0x14 ./Drivers/STM32L4xx_HAL_Driver/Src/stm32l4xx_hal_tim.o
                0x08009d56                HAL_TIM_PWM_MspInit
 *fill*         0x08009d6a        0x2 
 .text.HAL_TIM_PWM_Start_DMA
                0x08009d6c      0x440 ./Drivers/STM32L4xx_HAL_Driver/Src/stm32l4xx_hal_tim.o
                0x08009d6c                HAL_TIM_PWM_Start_DMA
 .text.HAL_TIM_PWM_ConfigChannel
                0x0800a1ac      0x228 ./Drivers/STM32L4xx_HAL_Driver/Src/stm32l4xx_hal_tim.o
                0x0800a1ac                HAL_TIM_PWM_ConfigChannel
 .text.HAL_TIM_ConfigClockSource
                0x0800a3d4      0x192 ./Drivers/STM32L4xx_HAL_Driver/Src/stm32l4xx_hal_tim.o
                0x0800a3d4                HAL_TIM_ConfigClockSource
 .text.HAL_TIM_ErrorCallback
                0x0800a566       0x14 ./Drivers/STM32L4xx_HAL_Driver/Src/stm32l4xx_hal_tim.o
                0x0800a566                HAL_TIM_ErrorCallback
 .text.TIM_DMAError
                0x0800a57a       0x92 ./Drivers/STM32L4xx_HAL_Driver/Src/stm32l4xx_hal_tim.o
                0x0800a57a                TIM_DMAError
 .text.TIM_DMADelayPulseCplt
                0x0800a60c       0xa8 ./Drivers/STM32L4xx_HAL_Driver/Src/stm32l4xx_hal_tim.o
 .text.TIM_DMADelayPulseHalfCplt
                0x0800a6b4       0x68 ./Drivers/STM32L4xx_HAL_Driver/Src/stm32l4xx_hal_tim.o
                0x0800a6b4                TIM_DMADelayPulseHalfCplt
 .text.TIM_Base_SetConfig
                0x0800a71c      0x14c ./Drivers/STM32L4xx_HAL_Driver/Src/stm32l4xx_hal_tim.o
                0x0800a71c                TIM_Base_SetConfig
 .text.TIM_OC1_SetConfig
                0x0800a868      0x120 ./Drivers/STM32L4xx_HAL_Driver/Src/stm32l4xx_hal_tim.o
 .text.TIM_OC2_SetConfig
                0x0800a988      0x114 ./Drivers/STM32L4xx_HAL_Driver/Src/stm32l4xx_hal_tim.o
                0x0800a988                TIM_OC2_SetConfig
 .text.TIM_OC3_SetConfig
                0x0800aa9c      0x110 ./Drivers/STM32L4xx_HAL_Driver/Src/stm32l4xx_hal_tim.o
 .text.TIM_OC4_SetConfig
                0x0800abac       0xd4 ./Drivers/STM32L4xx_HAL_Driver/Src/stm32l4xx_hal_tim.o
 .text.TIM_OC5_SetConfig
                0x0800ac80       0xc8 ./Drivers/STM32L4xx_HAL_Driver/Src/stm32l4xx_hal_tim.o
 .text.TIM_OC6_SetConfig
                0x0800ad48       0xcc ./Drivers/STM32L4xx_HAL_Driver/Src/stm32l4xx_hal_tim.o
 .text.TIM_TI1_ConfigInputStage
                0x0800ae14       0x5e ./Drivers/STM32L4xx_HAL_Driver/Src/stm32l4xx_hal_tim.o
 .text.TIM_TI2_ConfigInputStage
                0x0800ae72       0x60 ./Drivers/STM32L4xx_HAL_Driver/Src/stm32l4xx_hal_tim.o
 .text.TIM_ITRx_SetConfig
                0x0800aed2       0x36 ./Drivers/STM32L4xx_HAL_Driver/Src/stm32l4xx_hal_tim.o
 .text.TIM_ETR_SetConfig
                0x0800af08       0x40 ./Drivers/STM32L4xx_HAL_Driver/Src/stm32l4xx_hal_tim.o
                0x0800af08                TIM_ETR_SetConfig
 .text.TIM_CCxChannelCmd
                0x0800af48       0x4a ./Drivers/STM32L4xx_HAL_Driver/Src/stm32l4xx_hal_tim.o
                0x0800af48                TIM_CCxChannelCmd
 *fill*         0x0800af92        0x2 
 .text.HAL_TIMEx_MasterConfigSynchronization
                0x0800af94      0x110 ./Drivers/STM32L4xx_HAL_Driver/Src/stm32l4xx_hal_tim_ex.o
                0x0800af94                HAL_TIMEx_MasterConfigSynchronization
 .text.HAL_UART_Init
                0x0800b0a4       0xa0 ./Drivers/STM32L4xx_HAL_Driver/Src/stm32l4xx_hal_uart.o
                0x0800b0a4                HAL_UART_Init
 .text.HAL_UART_Transmit
                0x0800b144      0x11c ./Drivers/STM32L4xx_HAL_Driver/Src/stm32l4xx_hal_uart.o
                0x0800b144                HAL_UART_Transmit
 .text.HAL_UART_Receive_DMA
                0x0800b260       0x98 ./Drivers/STM32L4xx_HAL_Driver/Src/stm32l4xx_hal_uart.o
                0x0800b260                HAL_UART_Receive_DMA
 .text.HAL_UART_AbortReceive
                0x0800b2f8      0x16e ./Drivers/STM32L4xx_HAL_Driver/Src/stm32l4xx_hal_uart.o
                0x0800b2f8                HAL_UART_AbortReceive
 *fill*         0x0800b466        0x2 
 .text.HAL_UART_IRQHandler
                0x0800b468      0x684 ./Drivers/STM32L4xx_HAL_Driver/Src/stm32l4xx_hal_uart.o
                0x0800b468                HAL_UART_IRQHandler
 .text.HAL_UART_TxCpltCallback
                0x0800baec       0x14 ./Drivers/STM32L4xx_HAL_Driver/Src/stm32l4xx_hal_uart.o
                0x0800baec                HAL_UART_TxCpltCallback
 .text.HAL_UART_RxHalfCpltCallback
                0x0800bb00       0x14 ./Drivers/STM32L4xx_HAL_Driver/Src/stm32l4xx_hal_uart.o
                0x0800bb00                HAL_UART_RxHalfCpltCallback
 .text.HAL_UARTEx_RxEventCallback
                0x0800bb14       0x18 ./Drivers/STM32L4xx_HAL_Driver/Src/stm32l4xx_hal_uart.o
                0x0800bb14                HAL_UARTEx_RxEventCallback
 .text.UART_SetConfig
                0x0800bb2c      0x5f8 ./Drivers/STM32L4xx_HAL_Driver/Src/stm32l4xx_hal_uart.o
                0x0800bb2c                UART_SetConfig
 .text.UART_AdvFeatureConfig
                0x0800c124      0x144 ./Drivers/STM32L4xx_HAL_Driver/Src/stm32l4xx_hal_uart.o
                0x0800c124                UART_AdvFeatureConfig
 .text.UART_CheckIdleState
                0x0800c268      0x154 ./Drivers/STM32L4xx_HAL_Driver/Src/stm32l4xx_hal_uart.o
                0x0800c268                UART_CheckIdleState
 .text.UART_WaitOnFlagUntilTimeout
                0x0800c3bc       0xda ./Drivers/STM32L4xx_HAL_Driver/Src/stm32l4xx_hal_uart.o
                0x0800c3bc                UART_WaitOnFlagUntilTimeout
 *fill*         0x0800c496        0x2 
 .text.UART_Start_Receive_DMA
                0x0800c498      0x14c ./Drivers/STM32L4xx_HAL_Driver/Src/stm32l4xx_hal_uart.o
                0x0800c498                UART_Start_Receive_DMA
 .text.UART_EndTxTransfer
                0x0800c5e4       0x82 ./Drivers/STM32L4xx_HAL_Driver/Src/stm32l4xx_hal_uart.o
 .text.UART_EndRxTransfer
                0x0800c666       0xcc ./Drivers/STM32L4xx_HAL_Driver/Src/stm32l4xx_hal_uart.o
 .text.UART_DMAReceiveCplt
                0x0800c732      0x12c ./Drivers/STM32L4xx_HAL_Driver/Src/stm32l4xx_hal_uart.o
 .text.UART_DMARxHalfCplt
                0x0800c85e       0x3e ./Drivers/STM32L4xx_HAL_Driver/Src/stm32l4xx_hal_uart.o
 .text.UART_DMAError
                0x0800c89c       0x80 ./Drivers/STM32L4xx_HAL_Driver/Src/stm32l4xx_hal_uart.o
 .text.UART_DMAAbortOnError
                0x0800c91c       0x2c ./Drivers/STM32L4xx_HAL_Driver/Src/stm32l4xx_hal_uart.o
 .text.UART_EndTransmit_IT
                0x0800c948       0x56 ./Drivers/STM32L4xx_HAL_Driver/Src/stm32l4xx_hal_uart.o
 .text.HAL_UARTEx_WakeupCallback
                0x0800c99e       0x14 ./Drivers/STM32L4xx_HAL_Driver/Src/stm32l4xx_hal_uart_ex.o
                0x0800c99e                HAL_UARTEx_WakeupCallback
 .text.HAL_UARTEx_RxFifoFullCallback
                0x0800c9b2       0x14 ./Drivers/STM32L4xx_HAL_Driver/Src/stm32l4xx_hal_uart_ex.o
                0x0800c9b2                HAL_UARTEx_RxFifoFullCallback
 .text.HAL_UARTEx_TxFifoEmptyCallback
                0x0800c9c6       0x14 ./Drivers/STM32L4xx_HAL_Driver/Src/stm32l4xx_hal_uart_ex.o
                0x0800c9c6                HAL_UARTEx_TxFifoEmptyCallback
 .text.HAL_UARTEx_DisableFifoMode
                0x0800c9da       0x72 ./Drivers/STM32L4xx_HAL_Driver/Src/stm32l4xx_hal_uart_ex.o
                0x0800c9da                HAL_UARTEx_DisableFifoMode
 .text.HAL_UARTEx_SetTxFifoThreshold
                0x0800ca4c       0x7c ./Drivers/STM32L4xx_HAL_Driver/Src/stm32l4xx_hal_uart_ex.o
                0x0800ca4c                HAL_UARTEx_SetTxFifoThreshold
 .text.HAL_UARTEx_SetRxFifoThreshold
                0x0800cac8       0x7c ./Drivers/STM32L4xx_HAL_Driver/Src/stm32l4xx_hal_uart_ex.o
                0x0800cac8                HAL_UARTEx_SetRxFifoThreshold
 .text.UARTEx_SetNbDataToProcess
                0x0800cb44       0x9c ./Drivers/STM32L4xx_HAL_Driver/Src/stm32l4xx_hal_uart_ex.o
 .text.MX_FATFS_Init
                0x0800cbe0       0x24 ./FATFS/App/fatfs.o
                0x0800cbe0                MX_FATFS_Init
 .text.USER_initialize
                0x0800cc04       0x1c ./FATFS/Target/user_diskio.o
                0x0800cc04                USER_initialize
 .text.USER_status
                0x0800cc20       0x1c ./FATFS/Target/user_diskio.o
                0x0800cc20                USER_status
 .text.USER_read
                0x0800cc3c       0x26 ./FATFS/Target/user_diskio.o
                0x0800cc3c                USER_read
 .text.USER_write
                0x0800cc62       0x26 ./FATFS/Target/user_diskio.o
                0x0800cc62                USER_write
 .text.USER_ioctl
                0x0800cc88       0x26 ./FATFS/Target/user_diskio.o
                0x0800cc88                USER_ioctl
 *fill*         0x0800ccae        0x2 
 .text.SPI_Timer_On
                0x0800ccb0       0x28 ./FATFS/Target/user_diskio_spi.o
                0x0800ccb0                SPI_Timer_On
 .text.SPI_Timer_Status
                0x0800ccd8       0x2c ./FATFS/Target/user_diskio_spi.o
                0x0800ccd8                SPI_Timer_Status
 .text.xchg_spi
                0x0800cd04       0x2c ./FATFS/Target/user_diskio_spi.o
 .text.rcvr_spi_multi
                0x0800cd30       0x38 ./FATFS/Target/user_diskio_spi.o
 .text.xmit_spi_multi
                0x0800cd68       0x28 ./FATFS/Target/user_diskio_spi.o
 .text.wait_ready
                0x0800cd90       0x46 ./FATFS/Target/user_diskio_spi.o
 *fill*         0x0800cdd6        0x2 
 .text.despiselect
                0x0800cdd8       0x20 ./FATFS/Target/user_diskio_spi.o
 .text.spiselect
                0x0800cdf8       0x38 ./FATFS/Target/user_diskio_spi.o
 .text.rcvr_datablock
                0x0800ce30       0x52 ./FATFS/Target/user_diskio_spi.o
 .text.xmit_datablock
                0x0800ce82       0x64 ./FATFS/Target/user_diskio_spi.o
 .text.send_cmd
                0x0800cee6       0xde ./FATFS/Target/user_diskio_spi.o
 .text.USER_SPI_initialize
                0x0800cfc4      0x1d4 ./FATFS/Target/user_diskio_spi.o
                0x0800cfc4                USER_SPI_initialize
 .text.USER_SPI_status
                0x0800d198       0x2c ./FATFS/Target/user_diskio_spi.o
                0x0800d198                USER_SPI_status
 .text.USER_SPI_read
                0x0800d1c4       0xcc ./FATFS/Target/user_diskio_spi.o
                0x0800d1c4                USER_SPI_read
 .text.USER_SPI_write
                0x0800d290       0xf8 ./FATFS/Target/user_diskio_spi.o
                0x0800d290                USER_SPI_write
 .text.USER_SPI_ioctl
                0x0800d388      0x2e0 ./FATFS/Target/user_diskio_spi.o
                0x0800d388                USER_SPI_ioctl
 .text.FATFS_LinkDriverEx
                0x0800d668       0x98 ./Middlewares/Third_Party/FatFs/src/ff_gen_drv.o
                0x0800d668                FATFS_LinkDriverEx
 .text.FATFS_LinkDriver
                0x0800d700       0x1e ./Middlewares/Third_Party/FatFs/src/ff_gen_drv.o
                0x0800d700                FATFS_LinkDriver
 *fill*         0x0800d71e        0x2 
 .text.arm_q15_to_float
                0x0800d720       0xd0 C:\Users\tvalencia\umich\fa25\eecs373\project\bandpass\VisiTune\Drivers\CMSIS\CMSIS-DSP\libarm_cortexM4lf_math.a(arm_q15_to_float.o)
                0x0800d720                arm_q15_to_float
 .text.arm_rfft_32_fast_init_f32
                0x0800d7f0       0x34 C:\Users\tvalencia\umich\fa25\eecs373\project\bandpass\VisiTune\Drivers\CMSIS\CMSIS-DSP\libarm_cortexM4lf_math.a(arm_rfft_fast_init_f32.o)
                0x0800d7f0                arm_rfft_32_fast_init_f32
 .text.arm_rfft_64_fast_init_f32
                0x0800d824       0x34 C:\Users\tvalencia\umich\fa25\eecs373\project\bandpass\VisiTune\Drivers\CMSIS\CMSIS-DSP\libarm_cortexM4lf_math.a(arm_rfft_fast_init_f32.o)
                0x0800d824                arm_rfft_64_fast_init_f32
 .text.arm_rfft_256_fast_init_f32
                0x0800d858       0x38 C:\Users\tvalencia\umich\fa25\eecs373\project\bandpass\VisiTune\Drivers\CMSIS\CMSIS-DSP\libarm_cortexM4lf_math.a(arm_rfft_fast_init_f32.o)
                0x0800d858                arm_rfft_256_fast_init_f32
 .text.arm_rfft_512_fast_init_f32
                0x0800d890       0x3c C:\Users\tvalencia\umich\fa25\eecs373\project\bandpass\VisiTune\Drivers\CMSIS\CMSIS-DSP\libarm_cortexM4lf_math.a(arm_rfft_fast_init_f32.o)
                0x0800d890                arm_rfft_512_fast_init_f32
 .text.arm_rfft_1024_fast_init_f32
                0x0800d8cc       0x3c C:\Users\tvalencia\umich\fa25\eecs373\project\bandpass\VisiTune\Drivers\CMSIS\CMSIS-DSP\libarm_cortexM4lf_math.a(arm_rfft_fast_init_f32.o)
                0x0800d8cc                arm_rfft_1024_fast_init_f32
 .text.arm_rfft_2048_fast_init_f32
                0x0800d908       0x3c C:\Users\tvalencia\umich\fa25\eecs373\project\bandpass\VisiTune\Drivers\CMSIS\CMSIS-DSP\libarm_cortexM4lf_math.a(arm_rfft_fast_init_f32.o)
                0x0800d908                arm_rfft_2048_fast_init_f32
 .text.arm_rfft_4096_fast_init_f32
                0x0800d944       0x3c C:\Users\tvalencia\umich\fa25\eecs373\project\bandpass\VisiTune\Drivers\CMSIS\CMSIS-DSP\libarm_cortexM4lf_math.a(arm_rfft_fast_init_f32.o)
                0x0800d944                arm_rfft_4096_fast_init_f32
 .text.arm_rfft_fast_init_f32
                0x0800d980       0x68 C:\Users\tvalencia\umich\fa25\eecs373\project\bandpass\VisiTune\Drivers\CMSIS\CMSIS-DSP\libarm_cortexM4lf_math.a(arm_rfft_fast_init_f32.o)
                0x0800d980                arm_rfft_fast_init_f32
 .text.arm_biquad_cascade_df1_init_f32
                0x0800d9e8       0x18 C:\Users\tvalencia\umich\fa25\eecs373\project\bandpass\VisiTune\Drivers\CMSIS\CMSIS-DSP\libarm_cortexM4lf_math.a(arm_biquad_cascade_df1_init_f32.o)
                0x0800d9e8                arm_biquad_cascade_df1_init_f32
 .text.arm_biquad_cascade_df1_f32
                0x0800da00      0x1fc C:\Users\tvalencia\umich\fa25\eecs373\project\bandpass\VisiTune\Drivers\CMSIS\CMSIS-DSP\libarm_cortexM4lf_math.a(arm_biquad_cascade_df1_f32.o)
                0x0800da00                arm_biquad_cascade_df1_f32
 .text.arm_cos_f32
                0x0800dbfc       0x94 C:\Users\tvalencia\umich\fa25\eecs373\project\bandpass\VisiTune\Drivers\CMSIS\CMSIS-DSP\libarm_cortexM4lf_math.a(arm_cos_f32.o)
                0x0800dbfc                arm_cos_f32
 .text.malloc   0x0800dc90       0x10 C:/ST/STM32CubeIDE_1.19.0/STM32CubeIDE/plugins/com.st.stm32cube.ide.mcu.externaltools.gnu-tools-for-stm32.13.3.rel1.win32_1.0.0.202411081344/tools/bin/../lib/gcc/arm-none-eabi/13.3.1/../../../../arm-none-eabi/lib/thumb/v7e-m+fp/hard\libc_nano.a(libc_a-malloc.o)
                0x0800dc90                malloc
 .text.sbrk_aligned
                0x0800dca0       0x44 C:/ST/STM32CubeIDE_1.19.0/STM32CubeIDE/plugins/com.st.stm32cube.ide.mcu.externaltools.gnu-tools-for-stm32.13.3.rel1.win32_1.0.0.202411081344/tools/bin/../lib/gcc/arm-none-eabi/13.3.1/../../../../arm-none-eabi/lib/thumb/v7e-m+fp/hard\libc_nano.a(libc_a-mallocr.o)
 .text._malloc_r
                0x0800dce4      0x100 C:/ST/STM32CubeIDE_1.19.0/STM32CubeIDE/plugins/com.st.stm32cube.ide.mcu.externaltools.gnu-tools-for-stm32.13.3.rel1.win32_1.0.0.202411081344/tools/bin/../lib/gcc/arm-none-eabi/13.3.1/../../../../arm-none-eabi/lib/thumb/v7e-m+fp/hard\libc_nano.a(libc_a-mallocr.o)
                0x0800dce4                _malloc_r
 .text.__malloc_lock
                0x0800dde4        0xc C:/ST/STM32CubeIDE_1.19.0/STM32CubeIDE/plugins/com.st.stm32cube.ide.mcu.externaltools.gnu-tools-for-stm32.13.3.rel1.win32_1.0.0.202411081344/tools/bin/../lib/gcc/arm-none-eabi/13.3.1/../../../../arm-none-eabi/lib/thumb/v7e-m+fp/hard\libc_nano.a(libc_a-mlock.o)
                0x0800dde4                __malloc_lock
 .text.__malloc_unlock
                0x0800ddf0        0xc C:/ST/STM32CubeIDE_1.19.0/STM32CubeIDE/plugins/com.st.stm32cube.ide.mcu.externaltools.gnu-tools-for-stm32.13.3.rel1.win32_1.0.0.202411081344/tools/bin/../lib/gcc/arm-none-eabi/13.3.1/../../../../arm-none-eabi/lib/thumb/v7e-m+fp/hard\libc_nano.a(libc_a-mlock.o)
                0x0800ddf0                __malloc_unlock
 .text.memset   0x0800ddfc       0x10 C:/ST/STM32CubeIDE_1.19.0/STM32CubeIDE/plugins/com.st.stm32cube.ide.mcu.externaltools.gnu-tools-for-stm32.13.3.rel1.win32_1.0.0.202411081344/tools/bin/../lib/gcc/arm-none-eabi/13.3.1/../../../../arm-none-eabi/lib/thumb/v7e-m+fp/hard\libc_nano.a(libc_a-memset.o)
                0x0800ddfc                memset
 .text._sbrk_r  0x0800de0c       0x20 C:/ST/STM32CubeIDE_1.19.0/STM32CubeIDE/plugins/com.st.stm32cube.ide.mcu.externaltools.gnu-tools-for-stm32.13.3.rel1.win32_1.0.0.202411081344/tools/bin/../lib/gcc/arm-none-eabi/13.3.1/../../../../arm-none-eabi/lib/thumb/v7e-m+fp/hard\libc_nano.a(libc_a-sbrkr.o)
                0x0800de0c                _sbrk_r
 .text.__errno  0x0800de2c        0xc C:/ST/STM32CubeIDE_1.19.0/STM32CubeIDE/plugins/com.st.stm32cube.ide.mcu.externaltools.gnu-tools-for-stm32.13.3.rel1.win32_1.0.0.202411081344/tools/bin/../lib/gcc/arm-none-eabi/13.3.1/../../../../arm-none-eabi/lib/thumb/v7e-m+fp/hard\libc_nano.a(libc_a-errno.o)
                0x0800de2c                __errno
 .text.__libc_init_array
                0x0800de38       0x48 C:/ST/STM32CubeIDE_1.19.0/STM32CubeIDE/plugins/com.st.stm32cube.ide.mcu.externaltools.gnu-tools-for-stm32.13.3.rel1.win32_1.0.0.202411081344/tools/bin/../lib/gcc/arm-none-eabi/13.3.1/../../../../arm-none-eabi/lib/thumb/v7e-m+fp/hard\libc_nano.a(libc_a-init.o)
                0x0800de38                __libc_init_array
 .text.__retarget_lock_acquire_recursive
                0x0800de80        0x2 C:/ST/STM32CubeIDE_1.19.0/STM32CubeIDE/plugins/com.st.stm32cube.ide.mcu.externaltools.gnu-tools-for-stm32.13.3.rel1.win32_1.0.0.202411081344/tools/bin/../lib/gcc/arm-none-eabi/13.3.1/../../../../arm-none-eabi/lib/thumb/v7e-m+fp/hard\libc_nano.a(libc_a-lock.o)
                0x0800de80                __retarget_lock_acquire_recursive
 .text.__retarget_lock_release_recursive
                0x0800de82        0x2 C:/ST/STM32CubeIDE_1.19.0/STM32CubeIDE/plugins/com.st.stm32cube.ide.mcu.externaltools.gnu-tools-for-stm32.13.3.rel1.win32_1.0.0.202411081344/tools/bin/../lib/gcc/arm-none-eabi/13.3.1/../../../../arm-none-eabi/lib/thumb/v7e-m+fp/hard\libc_nano.a(libc_a-lock.o)
                0x0800de82                __retarget_lock_release_recursive
 .text.memcpy   0x0800de84       0x1c C:/ST/STM32CubeIDE_1.19.0/STM32CubeIDE/plugins/com.st.stm32cube.ide.mcu.externaltools.gnu-tools-for-stm32.13.3.rel1.win32_1.0.0.202411081344/tools/bin/../lib/gcc/arm-none-eabi/13.3.1/../../../../arm-none-eabi/lib/thumb/v7e-m+fp/hard\libc_nano.a(libc_a-memcpy-stub.o)
                0x0800de84                memcpy
 .text.powf     0x0800dea0       0xae C:/ST/STM32CubeIDE_1.19.0/STM32CubeIDE/plugins/com.st.stm32cube.ide.mcu.externaltools.gnu-tools-for-stm32.13.3.rel1.win32_1.0.0.202411081344/tools/bin/../lib/gcc/arm-none-eabi/13.3.1/../../../../arm-none-eabi/lib/thumb/v7e-m+fp/hard\libm.a(libm_a-wf_pow.o)
                0x0800dea0                powf
 *fill*         0x0800df4e        0x2 
 .text.sqrtf    0x0800df50       0x3c C:/ST/STM32CubeIDE_1.19.0/STM32CubeIDE/plugins/com.st.stm32cube.ide.mcu.externaltools.gnu-tools-for-stm32.13.3.rel1.win32_1.0.0.202411081344/tools/bin/../lib/gcc/arm-none-eabi/13.3.1/../../../../arm-none-eabi/lib/thumb/v7e-m+fp/hard\libm.a(libm_a-wf_sqrt.o)
                0x0800df50                sqrtf
 .text.cosf     0x0800df8c       0x88 C:/ST/STM32CubeIDE_1.19.0/STM32CubeIDE/plugins/com.st.stm32cube.ide.mcu.externaltools.gnu-tools-for-stm32.13.3.rel1.win32_1.0.0.202411081344/tools/bin/../lib/gcc/arm-none-eabi/13.3.1/../../../../arm-none-eabi/lib/thumb/v7e-m+fp/hard\libm.a(libm_a-sf_cos.o)
                0x0800df8c                cosf
 .text.sinf     0x0800e014       0x8c C:/ST/STM32CubeIDE_1.19.0/STM32CubeIDE/plugins/com.st.stm32cube.ide.mcu.externaltools.gnu-tools-for-stm32.13.3.rel1.win32_1.0.0.202411081344/tools/bin/../lib/gcc/arm-none-eabi/13.3.1/../../../../arm-none-eabi/lib/thumb/v7e-m+fp/hard\libm.a(libm_a-sf_sin.o)
                0x0800e014                sinf
 .text.finitef  0x0800e0a0       0x14 C:/ST/STM32CubeIDE_1.19.0/STM32CubeIDE/plugins/com.st.stm32cube.ide.mcu.externaltools.gnu-tools-for-stm32.13.3.rel1.win32_1.0.0.202411081344/tools/bin/../lib/gcc/arm-none-eabi/13.3.1/../../../../arm-none-eabi/lib/thumb/v7e-m+fp/hard\libm.a(libm_a-sf_finite.o)
                0x0800e0a0                finitef
 .text.__ieee754_sqrtf
                0x0800e0b4        0x6 C:/ST/STM32CubeIDE_1.19.0/STM32CubeIDE/plugins/com.st.stm32cube.ide.mcu.externaltools.gnu-tools-for-stm32.13.3.rel1.win32_1.0.0.202411081344/tools/bin/../lib/gcc/arm-none-eabi/13.3.1/../../../../arm-none-eabi/lib/thumb/v7e-m+fp/hard\libm.a(libm_a-ef_sqrt.o)
                0x0800e0b4                __ieee754_sqrtf
 *fill*         0x0800e0ba        0x2 
 .text.__kernel_cosf
                0x0800e0bc       0xb0 C:/ST/STM32CubeIDE_1.19.0/STM32CubeIDE/plugins/com.st.stm32cube.ide.mcu.externaltools.gnu-tools-for-stm32.13.3.rel1.win32_1.0.0.202411081344/tools/bin/../lib/gcc/arm-none-eabi/13.3.1/../../../../arm-none-eabi/lib/thumb/v7e-m+fp/hard\libm.a(libm_a-kf_cos.o)
                0x0800e0bc                __kernel_cosf
 .text.__kernel_sinf
                0x0800e16c       0x90 C:/ST/STM32CubeIDE_1.19.0/STM32CubeIDE/plugins/com.st.stm32cube.ide.mcu.externaltools.gnu-tools-for-stm32.13.3.rel1.win32_1.0.0.202411081344/tools/bin/../lib/gcc/arm-none-eabi/13.3.1/../../../../arm-none-eabi/lib/thumb/v7e-m+fp/hard\libm.a(libm_a-kf_sin.o)
                0x0800e16c                __kernel_sinf
 .text.__ieee754_powf
                0x0800e1fc      0x59c C:/ST/STM32CubeIDE_1.19.0/STM32CubeIDE/plugins/com.st.stm32cube.ide.mcu.externaltools.gnu-tools-for-stm32.13.3.rel1.win32_1.0.0.202411081344/tools/bin/../lib/gcc/arm-none-eabi/13.3.1/../../../../arm-none-eabi/lib/thumb/v7e-m+fp/hard\libm.a(libm_a-ef_pow.o)
                0x0800e1fc                __ieee754_powf
 .text.__ieee754_rem_pio2f
                0x0800e798      0x260 C:/ST/STM32CubeIDE_1.19.0/STM32CubeIDE/plugins/com.st.stm32cube.ide.mcu.externaltools.gnu-tools-for-stm32.13.3.rel1.win32_1.0.0.202411081344/tools/bin/../lib/gcc/arm-none-eabi/13.3.1/../../../../arm-none-eabi/lib/thumb/v7e-m+fp/hard\libm.a(libm_a-ef_rem_pio2.o)
                0x0800e798                __ieee754_rem_pio2f
 .text.fabsf    0x0800e9f8        0xe C:/ST/STM32CubeIDE_1.19.0/STM32CubeIDE/plugins/com.st.stm32cube.ide.mcu.externaltools.gnu-tools-for-stm32.13.3.rel1.win32_1.0.0.202411081344/tools/bin/../lib/gcc/arm-none-eabi/13.3.1/../../../../arm-none-eabi/lib/thumb/v7e-m+fp/hard\libm.a(libm_a-sf_fabs.o)
                0x0800e9f8                fabsf
 *fill*         0x0800ea06        0x2 
 .text.scalbnf  0x0800ea08       0xcc C:/ST/STM32CubeIDE_1.19.0/STM32CubeIDE/plugins/com.st.stm32cube.ide.mcu.externaltools.gnu-tools-for-stm32.13.3.rel1.win32_1.0.0.202411081344/tools/bin/../lib/gcc/arm-none-eabi/13.3.1/../../../../arm-none-eabi/lib/thumb/v7e-m+fp/hard\libm.a(libm_a-sf_scalbn.o)
                0x0800ea08                scalbnf
 .text.with_errnof
                0x0800ead4       0x1c C:/ST/STM32CubeIDE_1.19.0/STM32CubeIDE/plugins/com.st.stm32cube.ide.mcu.externaltools.gnu-tools-for-stm32.13.3.rel1.win32_1.0.0.202411081344/tools/bin/../lib/gcc/arm-none-eabi/13.3.1/../../../../arm-none-eabi/lib/thumb/v7e-m+fp/hard\libm.a(libm_a-math_errf.o)
 .text.xflowf   0x0800eaf0       0x16 C:/ST/STM32CubeIDE_1.19.0/STM32CubeIDE/plugins/com.st.stm32cube.ide.mcu.externaltools.gnu-tools-for-stm32.13.3.rel1.win32_1.0.0.202411081344/tools/bin/../lib/gcc/arm-none-eabi/13.3.1/../../../../arm-none-eabi/lib/thumb/v7e-m+fp/hard\libm.a(libm_a-math_errf.o)
 *fill*         0x0800eb06        0x2 
 .text.__math_uflowf
                0x0800eb08        0xc C:/ST/STM32CubeIDE_1.19.0/STM32CubeIDE/plugins/com.st.stm32cube.ide.mcu.externaltools.gnu-tools-for-stm32.13.3.rel1.win32_1.0.0.202411081344/tools/bin/../lib/gcc/arm-none-eabi/13.3.1/../../../../arm-none-eabi/lib/thumb/v7e-m+fp/hard\libm.a(libm_a-math_errf.o)
                0x0800eb08                __math_uflowf
 .text.__math_oflowf
                0x0800eb14        0xc C:/ST/STM32CubeIDE_1.19.0/STM32CubeIDE/plugins/com.st.stm32cube.ide.mcu.externaltools.gnu-tools-for-stm32.13.3.rel1.win32_1.0.0.202411081344/tools/bin/../lib/gcc/arm-none-eabi/13.3.1/../../../../arm-none-eabi/lib/thumb/v7e-m+fp/hard\libm.a(libm_a-math_errf.o)
                0x0800eb14                __math_oflowf
 .text.__kernel_rem_pio2f
                0x0800eb20      0x4d0 C:/ST/STM32CubeIDE_1.19.0/STM32CubeIDE/plugins/com.st.stm32cube.ide.mcu.externaltools.gnu-tools-for-stm32.13.3.rel1.win32_1.0.0.202411081344/tools/bin/../lib/gcc/arm-none-eabi/13.3.1/../../../../arm-none-eabi/lib/thumb/v7e-m+fp/hard\libm.a(libm_a-kf_rem_pio2.o)
                0x0800eb20                __kernel_rem_pio2f
 .text.floorf   0x0800eff0       0x88 C:/ST/STM32CubeIDE_1.19.0/STM32CubeIDE/plugins/com.st.stm32cube.ide.mcu.externaltools.gnu-tools-for-stm32.13.3.rel1.win32_1.0.0.202411081344/tools/bin/../lib/gcc/arm-none-eabi/13.3.1/../../../../arm-none-eabi/lib/thumb/v7e-m+fp/hard\libm.a(libm_a-sf_floor.o)
                0x0800eff0                floorf
 *(.glue_7)
 .glue_7        0x0800f078        0x0 linker stubs
 *(.glue_7t)
 .glue_7t       0x0800f078        0x0 linker stubs
 *(.eh_frame)
 .eh_frame      0x0800f078        0x0 C:/ST/STM32CubeIDE_1.19.0/STM32CubeIDE/plugins/com.st.stm32cube.ide.mcu.externaltools.gnu-tools-for-stm32.13.3.rel1.win32_1.0.0.202411081344/tools/bin/../lib/gcc/arm-none-eabi/13.3.1/thumb/v7e-m+fp/hard/crtbegin.o
 *(.init)
 .init          0x0800f078        0x4 C:/ST/STM32CubeIDE_1.19.0/STM32CubeIDE/plugins/com.st.stm32cube.ide.mcu.externaltools.gnu-tools-for-stm32.13.3.rel1.win32_1.0.0.202411081344/tools/bin/../lib/gcc/arm-none-eabi/13.3.1/thumb/v7e-m+fp/hard/crti.o
                0x0800f078                _init
 .init          0x0800f07c        0x8 C:/ST/STM32CubeIDE_1.19.0/STM32CubeIDE/plugins/com.st.stm32cube.ide.mcu.externaltools.gnu-tools-for-stm32.13.3.rel1.win32_1.0.0.202411081344/tools/bin/../lib/gcc/arm-none-eabi/13.3.1/thumb/v7e-m+fp/hard/crtn.o
 *(.fini)
 .fini          0x0800f084        0x4 C:/ST/STM32CubeIDE_1.19.0/STM32CubeIDE/plugins/com.st.stm32cube.ide.mcu.externaltools.gnu-tools-for-stm32.13.3.rel1.win32_1.0.0.202411081344/tools/bin/../lib/gcc/arm-none-eabi/13.3.1/thumb/v7e-m+fp/hard/crti.o
                0x0800f084                _fini
 .fini          0x0800f088        0x8 C:/ST/STM32CubeIDE_1.19.0/STM32CubeIDE/plugins/com.st.stm32cube.ide.mcu.externaltools.gnu-tools-for-stm32.13.3.rel1.win32_1.0.0.202411081344/tools/bin/../lib/gcc/arm-none-eabi/13.3.1/thumb/v7e-m+fp/hard/crtn.o
                0x0800f090                        . = ALIGN (0x4)
                0x0800f090                        _etext = .

.vfp11_veneer   0x0800f090        0x0
 .vfp11_veneer  0x0800f090        0x0 linker stubs

.v4_bx          0x0800f090        0x0
 .v4_bx         0x0800f090        0x0 linker stubs

.iplt           0x0800f090        0x0
 .iplt          0x0800f090        0x0 C:/ST/STM32CubeIDE_1.19.0/STM32CubeIDE/plugins/com.st.stm32cube.ide.mcu.externaltools.gnu-tools-for-stm32.13.3.rel1.win32_1.0.0.202411081344/tools/bin/../lib/gcc/arm-none-eabi/13.3.1/thumb/v7e-m+fp/hard/crtbegin.o

.rodata         0x0800f090    0x8be78
                0x0800f090                        . = ALIGN (0x4)
 *(.rodata)
 .rodata        0x0800f090       0x40 ./Core/Src/main.o
 *(.rodata*)
 .rodata.color_value
                0x0800f0d0     0x1000 ./Core/Src/color_values.o
                0x0800f0d0                color_value
 .rodata.led_line_colors_eq
                0x080100d0        0x9 ./Core/Src/eq_graph.o
                0x080100d0                led_line_colors_eq
 *fill*         0x080100d9        0x3 
 .rodata.crowd_cheer
                0x080100dc    0x34080 ./Core/Src/main.o
                0x080100dc                crowd_cheer
 .rodata.bass_kick
                0x0804415c     0x5e80 ./Core/Src/main.o
                0x0804415c                bass_kick
 .rodata.eh     0x08049fdc     0xcca2 ./Core/Src/main.o
                0x08049fdc                eh
 *fill*         0x08056c7e        0x2 
 .rodata.hi_hat
                0x08056c80    0x18cbe ./Core/Src/main.o
                0x08056c80                hi_hat
 *fill*         0x0806f93e        0x2 
 .rodata.medium_kick
                0x0806f940     0x5344 ./Core/Src/main.o
                0x0806f940                medium_kick
 .rodata.snare1
                0x08074c84     0x224a ./Core/Src/main.o
                0x08074c84                snare1
 *fill*         0x08076ece        0x2 
 .rodata.snare2
                0x08076ed0     0x187e ./Core/Src/main.o
                0x08076ed0                snare2
 *fill*         0x0807874e        0x2 
 .rodata.vine_boom
                0x08078750     0xeb4e ./Core/Src/main.o
                0x08078750                vine_boom
 *fill*         0x0808729e        0x2 
 .rodata.MIDI_lengths
                0x080872a0       0x20 ./Core/Src/main.o
                0x080872a0                MIDI_lengths
 .rodata.AHBPrescTable
                0x080872c0       0x10 ./Core/Src/system_stm32l4xx.o
                0x080872c0                AHBPrescTable
 .rodata.APBPrescTable
                0x080872d0        0x8 ./Core/Src/system_stm32l4xx.o
                0x080872d0                APBPrescTable
 .rodata.MSIRangeTable
                0x080872d8       0x30 ./Core/Src/system_stm32l4xx.o
                0x080872d8                MSIRangeTable
 .rodata.madctl_tbl.0
                0x08087308        0x4 ./Core/Src/tft.o
 .rodata.UARTPrescTable
                0x0808730c       0x18 ./Drivers/STM32L4xx_HAL_Driver/Src/stm32l4xx_hal_uart.o
                0x0808730c                UARTPrescTable
 .rodata.numerator.1
                0x08087324        0x8 ./Drivers/STM32L4xx_HAL_Driver/Src/stm32l4xx_hal_uart_ex.o
 .rodata.denominator.0
                0x0808732c        0x8 ./Drivers/STM32L4xx_HAL_Driver/Src/stm32l4xx_hal_uart_ex.o
 .rodata.armBitRevIndexTable1024
                0x08087334      0xe10 C:\Users\tvalencia\umich\fa25\eecs373\project\bandpass\VisiTune\Drivers\CMSIS\CMSIS-DSP\libarm_cortexM4lf_math.a(arm_common_tables.o)
                0x08087334                armBitRevIndexTable1024
 .rodata.armBitRevIndexTable128
                0x08088144      0x1a0 C:\Users\tvalencia\umich\fa25\eecs373\project\bandpass\VisiTune\Drivers\CMSIS\CMSIS-DSP\libarm_cortexM4lf_math.a(arm_common_tables.o)
                0x08088144                armBitRevIndexTable128
 .rodata.armBitRevIndexTable16
                0x080882e4       0x28 C:\Users\tvalencia\umich\fa25\eecs373\project\bandpass\VisiTune\Drivers\CMSIS\CMSIS-DSP\libarm_cortexM4lf_math.a(arm_common_tables.o)
                0x080882e4                armBitRevIndexTable16
 .rodata.armBitRevIndexTable2048
                0x0808830c     0x1dc0 C:\Users\tvalencia\umich\fa25\eecs373\project\bandpass\VisiTune\Drivers\CMSIS\CMSIS-DSP\libarm_cortexM4lf_math.a(arm_common_tables.o)
                0x0808830c                armBitRevIndexTable2048
 .rodata.armBitRevIndexTable256
                0x0808a0cc      0x370 C:\Users\tvalencia\umich\fa25\eecs373\project\bandpass\VisiTune\Drivers\CMSIS\CMSIS-DSP\libarm_cortexM4lf_math.a(arm_common_tables.o)
                0x0808a0cc                armBitRevIndexTable256
 .rodata.armBitRevIndexTable32
                0x0808a43c       0x60 C:\Users\tvalencia\umich\fa25\eecs373\project\bandpass\VisiTune\Drivers\CMSIS\CMSIS-DSP\libarm_cortexM4lf_math.a(arm_common_tables.o)
                0x0808a43c                armBitRevIndexTable32
 .rodata.armBitRevIndexTable512
                0x0808a49c      0x380 C:\Users\tvalencia\umich\fa25\eecs373\project\bandpass\VisiTune\Drivers\CMSIS\CMSIS-DSP\libarm_cortexM4lf_math.a(arm_common_tables.o)
                0x0808a49c                armBitRevIndexTable512
 .rodata.sinTable_f32
                0x0808a81c      0x804 C:\Users\tvalencia\umich\fa25\eecs373\project\bandpass\VisiTune\Drivers\CMSIS\CMSIS-DSP\libarm_cortexM4lf_math.a(arm_common_tables.o)
                0x0808a81c                sinTable_f32
 .rodata.twiddleCoef_1024
                0x0808b020     0x2000 C:\Users\tvalencia\umich\fa25\eecs373\project\bandpass\VisiTune\Drivers\CMSIS\CMSIS-DSP\libarm_cortexM4lf_math.a(arm_common_tables.o)
                0x0808b020                twiddleCoef_1024
 .rodata.twiddleCoef_128
                0x0808d020      0x400 C:\Users\tvalencia\umich\fa25\eecs373\project\bandpass\VisiTune\Drivers\CMSIS\CMSIS-DSP\libarm_cortexM4lf_math.a(arm_common_tables.o)
                0x0808d020                twiddleCoef_128
 .rodata.twiddleCoef_16
                0x0808d420       0x80 C:\Users\tvalencia\umich\fa25\eecs373\project\bandpass\VisiTune\Drivers\CMSIS\CMSIS-DSP\libarm_cortexM4lf_math.a(arm_common_tables.o)
                0x0808d420                twiddleCoef_16
 .rodata.twiddleCoef_2048
                0x0808d4a0     0x4000 C:\Users\tvalencia\umich\fa25\eecs373\project\bandpass\VisiTune\Drivers\CMSIS\CMSIS-DSP\libarm_cortexM4lf_math.a(arm_common_tables.o)
                0x0808d4a0                twiddleCoef_2048
 .rodata.twiddleCoef_256
                0x080914a0      0x800 C:\Users\tvalencia\umich\fa25\eecs373\project\bandpass\VisiTune\Drivers\CMSIS\CMSIS-DSP\libarm_cortexM4lf_math.a(arm_common_tables.o)
                0x080914a0                twiddleCoef_256
 .rodata.twiddleCoef_32
                0x08091ca0      0x100 C:\Users\tvalencia\umich\fa25\eecs373\project\bandpass\VisiTune\Drivers\CMSIS\CMSIS-DSP\libarm_cortexM4lf_math.a(arm_common_tables.o)
                0x08091ca0                twiddleCoef_32
 .rodata.twiddleCoef_512
                0x08091da0     0x1000 C:\Users\tvalencia\umich\fa25\eecs373\project\bandpass\VisiTune\Drivers\CMSIS\CMSIS-DSP\libarm_cortexM4lf_math.a(arm_common_tables.o)
                0x08091da0                twiddleCoef_512
 .rodata.twiddleCoef_rfft_1024
                0x08092da0     0x1000 C:\Users\tvalencia\umich\fa25\eecs373\project\bandpass\VisiTune\Drivers\CMSIS\CMSIS-DSP\libarm_cortexM4lf_math.a(arm_common_tables.o)
                0x08092da0                twiddleCoef_rfft_1024
 .rodata.twiddleCoef_rfft_2048
                0x08093da0     0x2000 C:\Users\tvalencia\umich\fa25\eecs373\project\bandpass\VisiTune\Drivers\CMSIS\CMSIS-DSP\libarm_cortexM4lf_math.a(arm_common_tables.o)
                0x08093da0                twiddleCoef_rfft_2048
 .rodata.twiddleCoef_rfft_256
                0x08095da0      0x400 C:\Users\tvalencia\umich\fa25\eecs373\project\bandpass\VisiTune\Drivers\CMSIS\CMSIS-DSP\libarm_cortexM4lf_math.a(arm_common_tables.o)
                0x08095da0                twiddleCoef_rfft_256
 .rodata.twiddleCoef_rfft_32
                0x080961a0       0x80 C:\Users\tvalencia\umich\fa25\eecs373\project\bandpass\VisiTune\Drivers\CMSIS\CMSIS-DSP\libarm_cortexM4lf_math.a(arm_common_tables.o)
                0x080961a0                twiddleCoef_rfft_32
 .rodata.twiddleCoef_rfft_4096
                0x08096220     0x4000 C:\Users\tvalencia\umich\fa25\eecs373\project\bandpass\VisiTune\Drivers\CMSIS\CMSIS-DSP\libarm_cortexM4lf_math.a(arm_common_tables.o)
                0x08096220                twiddleCoef_rfft_4096
 .rodata.twiddleCoef_rfft_512
                0x0809a220      0x800 C:\Users\tvalencia\umich\fa25\eecs373\project\bandpass\VisiTune\Drivers\CMSIS\CMSIS-DSP\libarm_cortexM4lf_math.a(arm_common_tables.o)
                0x0809a220                twiddleCoef_rfft_512
 .rodata.twiddleCoef_rfft_64
                0x0809aa20      0x100 C:\Users\tvalencia\umich\fa25\eecs373\project\bandpass\VisiTune\Drivers\CMSIS\CMSIS-DSP\libarm_cortexM4lf_math.a(arm_common_tables.o)
                0x0809aa20                twiddleCoef_rfft_64
 .rodata.dp_l   0x0809ab20        0x8 C:/ST/STM32CubeIDE_1.19.0/STM32CubeIDE/plugins/com.st.stm32cube.ide.mcu.externaltools.gnu-tools-for-stm32.13.3.rel1.win32_1.0.0.202411081344/tools/bin/../lib/gcc/arm-none-eabi/13.3.1/../../../../arm-none-eabi/lib/thumb/v7e-m+fp/hard\libm.a(libm_a-ef_pow.o)
 .rodata.dp_h   0x0809ab28        0x8 C:/ST/STM32CubeIDE_1.19.0/STM32CubeIDE/plugins/com.st.stm32cube.ide.mcu.externaltools.gnu-tools-for-stm32.13.3.rel1.win32_1.0.0.202411081344/tools/bin/../lib/gcc/arm-none-eabi/13.3.1/../../../../arm-none-eabi/lib/thumb/v7e-m+fp/hard\libm.a(libm_a-ef_pow.o)
 .rodata.bp     0x0809ab30        0x8 C:/ST/STM32CubeIDE_1.19.0/STM32CubeIDE/plugins/com.st.stm32cube.ide.mcu.externaltools.gnu-tools-for-stm32.13.3.rel1.win32_1.0.0.202411081344/tools/bin/../lib/gcc/arm-none-eabi/13.3.1/../../../../arm-none-eabi/lib/thumb/v7e-m+fp/hard\libm.a(libm_a-ef_pow.o)
 .rodata.npio2_hw
                0x0809ab38       0x80 C:/ST/STM32CubeIDE_1.19.0/STM32CubeIDE/plugins/com.st.stm32cube.ide.mcu.externaltools.gnu-tools-for-stm32.13.3.rel1.win32_1.0.0.202411081344/tools/bin/../lib/gcc/arm-none-eabi/13.3.1/../../../../arm-none-eabi/lib/thumb/v7e-m+fp/hard\libm.a(libm_a-ef_rem_pio2.o)
 .rodata.two_over_pi
                0x0809abb8      0x318 C:/ST/STM32CubeIDE_1.19.0/STM32CubeIDE/plugins/com.st.stm32cube.ide.mcu.externaltools.gnu-tools-for-stm32.13.3.rel1.win32_1.0.0.202411081344/tools/bin/../lib/gcc/arm-none-eabi/13.3.1/../../../../arm-none-eabi/lib/thumb/v7e-m+fp/hard\libm.a(libm_a-ef_rem_pio2.o)
 .rodata.PIo2   0x0809aed0       0x2c C:/ST/STM32CubeIDE_1.19.0/STM32CubeIDE/plugins/com.st.stm32cube.ide.mcu.externaltools.gnu-tools-for-stm32.13.3.rel1.win32_1.0.0.202411081344/tools/bin/../lib/gcc/arm-none-eabi/13.3.1/../../../../arm-none-eabi/lib/thumb/v7e-m+fp/hard\libm.a(libm_a-kf_rem_pio2.o)
 .rodata.init_jk
                0x0809aefc        0xc C:/ST/STM32CubeIDE_1.19.0/STM32CubeIDE/plugins/com.st.stm32cube.ide.mcu.externaltools.gnu-tools-for-stm32.13.3.rel1.win32_1.0.0.202411081344/tools/bin/../lib/gcc/arm-none-eabi/13.3.1/../../../../arm-none-eabi/lib/thumb/v7e-m+fp/hard\libm.a(libm_a-kf_rem_pio2.o)
                0x0809af08                        . = ALIGN (0x4)

.ARM.extab      0x0809af08        0x0
                0x0809af08                        . = ALIGN (0x4)
 *(.ARM.extab* .gnu.linkonce.armextab.*)
                0x0809af08                        . = ALIGN (0x4)

.ARM            0x0809af08        0x8
                0x0809af08                        . = ALIGN (0x4)
                0x0809af08                        __exidx_start = .
 *(.ARM.exidx*)
 .ARM.exidx     0x0809af08        0x8 C:/ST/STM32CubeIDE_1.19.0/STM32CubeIDE/plugins/com.st.stm32cube.ide.mcu.externaltools.gnu-tools-for-stm32.13.3.rel1.win32_1.0.0.202411081344/tools/bin/../lib/gcc/arm-none-eabi/13.3.1/thumb/v7e-m+fp/hard\libgcc.a(_udivmoddi4.o)
                0x0809af10                        __exidx_end = .
                0x0809af10                        . = ALIGN (0x4)

.preinit_array  0x0809af10        0x0
                0x0809af10                        . = ALIGN (0x4)
                0x0809af10                        PROVIDE (__preinit_array_start = .)
 *(.preinit_array*)
                0x0809af10                        PROVIDE (__preinit_array_end = .)
                0x0809af10                        . = ALIGN (0x4)

.init_array     0x0809af10        0x4
                0x0809af10                        . = ALIGN (0x4)
                0x0809af10                        PROVIDE (__init_array_start = .)
 *(SORT_BY_NAME(.init_array.*))
 *(.init_array*)
 .init_array    0x0809af10        0x4 C:/ST/STM32CubeIDE_1.19.0/STM32CubeIDE/plugins/com.st.stm32cube.ide.mcu.externaltools.gnu-tools-for-stm32.13.3.rel1.win32_1.0.0.202411081344/tools/bin/../lib/gcc/arm-none-eabi/13.3.1/thumb/v7e-m+fp/hard/crtbegin.o
                0x0809af14                        PROVIDE (__init_array_end = .)
                0x0809af14                        . = ALIGN (0x4)

.fini_array     0x0809af14        0x4
                0x0809af14                        . = ALIGN (0x4)
                [!provide]                        PROVIDE (__fini_array_start = .)
 *(SORT_BY_NAME(.fini_array.*))
 *(.fini_array*)
 .fini_array    0x0809af14        0x4 C:/ST/STM32CubeIDE_1.19.0/STM32CubeIDE/plugins/com.st.stm32cube.ide.mcu.externaltools.gnu-tools-for-stm32.13.3.rel1.win32_1.0.0.202411081344/tools/bin/../lib/gcc/arm-none-eabi/13.3.1/thumb/v7e-m+fp/hard/crtbegin.o
                [!provide]                        PROVIDE (__fini_array_end = .)
                0x0809af18                        . = ALIGN (0x4)
                0x0809af18                        _sidata = LOADADDR (.data)

.rel.dyn        0x0809af18        0x0
 .rel.iplt      0x0809af18        0x0 C:/ST/STM32CubeIDE_1.19.0/STM32CubeIDE/plugins/com.st.stm32cube.ide.mcu.externaltools.gnu-tools-for-stm32.13.3.rel1.win32_1.0.0.202411081344/tools/bin/../lib/gcc/arm-none-eabi/13.3.1/thumb/v7e-m+fp/hard/crtbegin.o

.data           0x20040000       0xb0 load address 0x0809af18
                0x20040000                        . = ALIGN (0x4)
                0x20040000                        _sdata = .
 *(.data)
 *(.data*)
 .data.MIDI_effects
                0x20040000       0x20 ./Core/Src/main.o
                0x20040000                MIDI_effects
 .data.audio_pkt_buf0
                0x20040020        0x4 ./Core/Src/main.o
                0x20040020                audio_pkt_buf0
 .data.audio_pkt_buf1
                0x20040024        0x4 ./Core/Src/main.o
                0x20040024                audio_pkt_buf1
 .data.next_demo
                0x20040028        0x4 ./Core/Src/main.o
                0x20040028                next_demo
 .data.idle_leds
                0x2004002c        0x4 ./Core/Src/main.o
                0x2004002c                idle_leds
 .data.half0_free
                0x20040030        0x1 ./Core/Src/main.o
                0x20040030                half0_free
 .data.half1_free
                0x20040031        0x1 ./Core/Src/main.o
                0x20040031                half1_free
 *fill*         0x20040032        0x2 
 .data.first_init.7
                0x20040034        0x4 ./Core/Src/main.o
 .data.SystemCoreClock
                0x20040038        0x4 ./Core/Src/system_stm32l4xx.o
                0x20040038                SystemCoreClock
 .data.tft_width
                0x2004003c        0x2 ./Core/Src/tft.o
 .data.tft_height
                0x2004003e        0x2 ./Core/Src/tft.o
 .data.uwTickPrio
                0x20040040        0x4 ./Drivers/STM32L4xx_HAL_Driver/Src/stm32l4xx_hal.o
                0x20040040                uwTickPrio
 .data.uwTickFreq
                0x20040044        0x1 ./Drivers/STM32L4xx_HAL_Driver/Src/stm32l4xx_hal.o
                0x20040044                uwTickFreq
 *fill*         0x20040045        0x3 
 .data.USER_Driver
                0x20040048       0x14 ./FATFS/Target/user_diskio.o
                0x20040048                USER_Driver
 .data.Stat     0x2004005c        0x1 ./FATFS/Target/user_diskio_spi.o
 *fill*         0x2004005d        0x3 
 .data._impure_ptr
                0x20040060        0x4 C:/ST/STM32CubeIDE_1.19.0/STM32CubeIDE/plugins/com.st.stm32cube.ide.mcu.externaltools.gnu-tools-for-stm32.13.3.rel1.win32_1.0.0.202411081344/tools/bin/../lib/gcc/arm-none-eabi/13.3.1/../../../../arm-none-eabi/lib/thumb/v7e-m+fp/hard\libc_nano.a(libc_a-impure.o)
                0x20040060                _impure_ptr
 .data._impure_data
                0x20040064       0x4c C:/ST/STM32CubeIDE_1.19.0/STM32CubeIDE/plugins/com.st.stm32cube.ide.mcu.externaltools.gnu-tools-for-stm32.13.3.rel1.win32_1.0.0.202411081344/tools/bin/../lib/gcc/arm-none-eabi/13.3.1/../../../../arm-none-eabi/lib/thumb/v7e-m+fp/hard\libc_nano.a(libc_a-impure.o)
                0x20040064                _impure_data
 *(.RamFunc)
 *(.RamFunc*)
                0x200400b0                        . = ALIGN (0x4)
                0x200400b0                        _edata = .

.igot.plt       0x200400b0        0x0 load address 0x0809afc8
 .igot.plt      0x200400b0        0x0 C:/ST/STM32CubeIDE_1.19.0/STM32CubeIDE/plugins/com.st.stm32cube.ide.mcu.externaltools.gnu-tools-for-stm32.13.3.rel1.win32_1.0.0.202411081344/tools/bin/../lib/gcc/arm-none-eabi/13.3.1/thumb/v7e-m+fp/hard/crtbegin.o
                0x200400b0                        . = ALIGN (0x4)

.bss            0x200400b0    0x1d82c load address 0x0809afc8
                0x200400b0                        _sbss = .
                0x200400b0                        __bss_start__ = _sbss
 *(.bss)
 .bss           0x200400b0       0x1c C:/ST/STM32CubeIDE_1.19.0/STM32CubeIDE/plugins/com.st.stm32cube.ide.mcu.externaltools.gnu-tools-for-stm32.13.3.rel1.win32_1.0.0.202411081344/tools/bin/../lib/gcc/arm-none-eabi/13.3.1/thumb/v7e-m+fp/hard/crtbegin.o
 *(.bss*)
 .bss.active_demo_eq
                0x200400cc        0x1 ./Core/Src/eq_graph.o
                0x200400cc                active_demo_eq
 *fill*         0x200400cd        0x3 
 .bss.band_values
                0x200400d0       0x20 ./Core/Src/eq_graph.o
 .bss.hadc1     0x200400f0       0x68 ./Core/Src/main.o
                0x200400f0                hadc1
 .bss.hdma_adc1
                0x20040158       0x60 ./Core/Src/main.o
                0x20040158                hdma_adc1
 .bss.hdac1     0x200401b8       0x14 ./Core/Src/main.o
                0x200401b8                hdac1
 .bss.hdma_dac1_ch1
                0x200401cc       0x60 ./Core/Src/main.o
                0x200401cc                hdma_dac1_ch1
 .bss.hlpuart1  0x2004022c       0x94 ./Core/Src/main.o
                0x2004022c                hlpuart1
 .bss.hdma_lpuart1_rx
                0x200402c0       0x60 ./Core/Src/main.o
                0x200402c0                hdma_lpuart1_rx
 .bss.hspi1     0x20040320       0x64 ./Core/Src/main.o
                0x20040320                hspi1
 .bss.hspi2     0x20040384       0x64 ./Core/Src/main.o
                0x20040384                hspi2
 .bss.hdma_spi2_rx
                0x200403e8       0x60 ./Core/Src/main.o
                0x200403e8                hdma_spi2_rx
 .bss.htim1     0x20040448       0x4c ./Core/Src/main.o
                0x20040448                htim1
 .bss.htim2     0x20040494       0x4c ./Core/Src/main.o
                0x20040494                htim2
 .bss.htim4     0x200404e0       0x4c ./Core/Src/main.o
                0x200404e0                htim4
 .bss.hdma_tim4_ch3
                0x2004052c       0x60 ./Core/Src/main.o
                0x2004052c                hdma_tim4_ch3
 .bss.adc_buf   0x2004058c        0x8 ./Core/Src/main.o
                0x2004058c                adc_buf
 .bss.rewind_flag
                0x20040594        0x1 ./Core/Src/main.o
                0x20040594                rewind_flag
 .bss.pause_state
                0x20040595        0x1 ./Core/Src/main.o
                0x20040595                pause_state
 .bss.forward_flag
                0x20040596        0x1 ./Core/Src/main.o
                0x20040596                forward_flag
 .bss.keyPress  0x20040597        0x1 ./Core/Src/main.o
                0x20040597                keyPress
 .bss.MIDI_index
                0x20040598        0x4 ./Core/Src/main.o
                0x20040598                MIDI_index
 .bss.MIDI_playing
                0x2004059c        0x1 ./Core/Src/main.o
                0x2004059c                MIDI_playing
 .bss.sound_effect_index
                0x2004059d        0x1 ./Core/Src/main.o
                0x2004059d                sound_effect_index
 *fill*         0x2004059e        0x2 
 .bss.g_uart_rx
                0x200405a0       0x18 ./Core/Src/main.o
                0x200405a0                g_uart_rx
 .bss.dac_buf   0x200405b8     0x2000 ./Core/Src/main.o
                0x200405b8                dac_buf
 .bss.image_pkt_buf
                0x200425b8     0xfff6 ./Core/Src/main.o
                0x200425b8                image_pkt_buf
 *fill*         0x200525ae        0x2 
 .bss.audio_crc_buf
                0x200525b0        0x2 ./Core/Src/main.o
                0x200525b0                audio_crc_buf
 *fill*         0x200525b2        0x2 
 .bss.ws2812    0x200525b4       0x80 ./Core/Src/main.o
                0x200525b4                ws2812
 .bss.now       0x20052634        0x4 ./Core/Src/main.o
                0x20052634                now
 .bss.next_fft  0x20052638        0x4 ./Core/Src/main.o
                0x20052638                next_fft
 .bss.fft_magnitudes
                0x2005263c     0x2000 ./Core/Src/main.o
                0x2005263c                fft_magnitudes
 .bss.image_pkt_ready
                0x2005463c        0x1 ./Core/Src/main.o
                0x2005463c                image_pkt_ready
 *fill*         0x2005463d        0x1 
 .bss.image_pkt_len
                0x2005463e        0x2 ./Core/Src/main.o
                0x2005463e                image_pkt_len
 .bss.audio_pkt_ready
                0x20054640        0x1 ./Core/Src/main.o
                0x20054640                audio_pkt_ready
 .bss.audio_write_idx
                0x20054641        0x1 ./Core/Src/main.o
                0x20054641                audio_write_idx
 .bss.audio_pkt_len
                0x20054642        0x2 ./Core/Src/main.o
                0x20054642                audio_pkt_len
 .bss.audio_stream_active
                0x20054644        0x1 ./Core/Src/main.o
                0x20054644                audio_stream_active
 .bss.dac_running