../Core/Src/main.c:260:6:HAL_TIM_PWM_PulseFinishedHalfCpltCallback	16	static
../Core/Src/main.c:267:6:HAL_TIM_PWM_PulseFinishedCallback	16	static
../Core/Src/main.c:273:6:fft_to_magnitude	48	static
../Core/Src/main.c:290:6:magnitude_to_dB	32	static
../Core/Src/main.c:306:6:EQ_LED_Tick	9232	static
../Core/Src/main.c:345:6:EQ_setGains	48	static
../Core/Src/main.c:388:13:biquad_low_shelf	88	static
../Core/Src/main.c:411:13:biquad_peak	88	static
../Core/Src/main.c:433:13:biquad_high_shelf	88	static
../Core/Src/main.c:456:6:bpf_constant0dB	80	static
../Core/Src/main.c:486:6:processEQ	40	static
../Core/Src/main.c:504:7:mapSliderToDB	16	static
../Core/Src/main.c:510:7:mapKnobtoFreq	32	static
../Core/Src/main.c:529:5:main	24	static
../Core/Src/main.c:630:6:SystemClock_Config	96	static
../Core/Src/main.c:676:13:MX_ADC1_Init	32	static
../Core/Src/main.c:753:13:MX_DAC1_Init	48	static
../Core/Src/main.c:792:13:MX_LPUART1_UART_Init	8	static
../Core/Src/main.c:833:13:MX_SPI1_Init	8	static
../Core/Src/main.c:869:13:MX_SPI2_Init	8	static
../Core/Src/main.c:905:13:MX_TIM1_Init	40	static
../Core/Src/main.c:946:13:MX_TIM2_Init	40	static
../Core/Src/main.c:985:13:MX_TIM4_Init	64	static
../Core/Src/main.c:1034:13:MX_DMA_Init	16	static
../Core/Src/main.c:1062:13:MX_GPIO_Init	64	static
../Core/Src/main.c:1271:13:handle_ctrl_packet	16	static,ignoring_inline_asm
../Core/Src/main.c:1319:13:handle_image_packet	32	static,ignoring_inline_asm
../Core/Src/main.c:1361:13:handle_audio_packet	80	static,ignoring_inline_asm
../Core/Src/main.c:1535:13:handle_text_packet	56	static,ignoring_inline_asm
../Core/Src/main.c:1623:13:handle_button_presses	16	static
../Core/Src/main.c:1649:13:ADC_ReadAll_Polling	32	static
../Core/Src/main.c:1665:13:processFFT	12440	static
../Core/Src/main.c:1794:13:read_keypad	96	static
../Core/Src/main.c:1840:13:MIDI_Check	4	static
../Core/Src/main.c:1903:13:protocol_soft_reset	8	static,ignoring_inline_asm
../Core/Src/main.c:1924:6:HAL_GPIO_EXTI_Callback	32	static
../Core/Src/main.c:1974:13:uart_start_header_rx	8	static
../Core/Src/main.c:1980:6:HAL_UART_RxCpltCallback	24	static
../Core/Src/main.c:2121:6:HAL_DAC_ConvHalfCpltCallbackCh1	24	static
../Core/Src/main.c:2132:6:HAL_DAC_ConvCpltCallbackCh1	24	static
../Core/Src/main.c:2143:6:HAL_UART_ErrorCallback	16	static
../Core/Src/main.c:2156:6:Error_Handler	4	static,ignoring_inline_asm
