../Core/Src/main.c:260:6:HAL_TIM_PWM_PulseFinishedHalfCpltCallback	16	static
../Core/Src/main.c:267:6:HAL_TIM_PWM_PulseFinishedCallback	16	static
../Core/Src/main.c:273:6:fft_to_magnitude	48	static
../Core/Src/main.c:290:6:magnitude_to_dB	32	static
../Core/Src/main.c:306:6:EQ_LED_Tick	9232	static
../Core/Src/main.c:345:6:EQ_setGains	48	static
../Core/Src/main.c:388:13:biquad_low_shelf	88	static
../Core/Src/main.c:411:13:biquad_peak	88	static
../Core/Src/main.c:433:13:biquad_high_shelf	88	static
../Core/Src/main.c:456:6:bpf_constant0dB	80	static
../Core/Src/main.c:486:6:processEQ	40	static
../Core/Src/main.c:504:7:mapSliderToDB	16	static
../Core/Src/main.c:510:7:mapKnobtoFreq	32	static
../Core/Src/main.c:529:5:main	24	static
../Core/Src/main.c:631:6:SystemClock_Config	96	static
../Core/Src/main.c:677:13:MX_ADC1_Init	32	static
../Core/Src/main.c:754:13:MX_DAC1_Init	48	static
../Core/Src/main.c:793:13:MX_LPUART1_UART_Init	8	static
../Core/Src/main.c:834:13:MX_SPI1_Init	8	static
../Core/Src/main.c:870:13:MX_SPI2_Init	8	static
../Core/Src/main.c:906:13:MX_TIM1_Init	40	static
../Core/Src/main.c:947:13:MX_TIM2_Init	40	static
../Core/Src/main.c:986:13:MX_TIM4_Init	64	static
../Core/Src/main.c:1035:13:MX_DMA_Init	16	static
../Core/Src/main.c:1063:13:MX_GPIO_Init	64	static
../Core/Src/main.c:1272:13:handle_ctrl_packet	16	static,ignoring_inline_asm
../Core/Src/main.c:1320:13:handle_image_packet	32	static,ignoring_inline_asm
../Core/Src/main.c:1362:13:handle_audio_packet	80	static,ignoring_inline_asm
../Core/Src/main.c:1536:13:handle_text_packet	56	static,ignoring_inline_asm
../Core/Src/main.c:1624:13:handle_button_presses	16	static
../Core/Src/main.c:1650:13:ADC_ReadAll_Polling	32	static
../Core/Src/main.c:1666:13:processFFT	12440	static
../Core/Src/main.c:1795:13:read_keypad	96	static
../Core/Src/main.c:1841:13:MIDI_Check	4	static
../Core/Src/main.c:1904:13:protocol_soft_reset	8	static,ignoring_inline_asm
../Core/Src/main.c:1925:6:HAL_GPIO_EXTI_Callback	32	static
../Core/Src/main.c:1975:13:uart_start_header_rx	8	static
../Core/Src/main.c:1981:6:HAL_UART_RxCpltCallback	24	static
../Core/Src/main.c:2122:6:HAL_DAC_ConvHalfCpltCallbackCh1	24	static
../Core/Src/main.c:2133:6:HAL_DAC_ConvCpltCallbackCh1	24	static
../Core/Src/main.c:2144:6:HAL_UART_ErrorCallback	16	static
../Core/Src/main.c:2157:6:Error_Handler	4	static,ignoring_inline_asm
