../Core/Src/main.c:237:6:HAL_TIM_PWM_PulseFinishedHalfCpltCallback	16	static
../Core/Src/main.c:246:6:HAL_TIM_PWM_PulseFinishedCallback	16	static
../Core/Src/main.c:254:6:fft_to_magnitude	48	static
../Core/Src/main.c:271:6:magnitude_to_dB	32	static
../Core/Src/main.c:288:6:EQ_LED_Tick	9232	static
../Core/Src/main.c:326:6:EQ_setGains	48	static
../Core/Src/main.c:357:13:biquad_low_shelf	88	static
../Core/Src/main.c:381:13:biquad_peak	88	static
../Core/Src/main.c:404:13:biquad_high_shelf	88	static
../Core/Src/main.c:428:6:bpf_constant0dB	80	static
../Core/Src/main.c:459:6:processEQ	40	static
../Core/Src/main.c:481:7:mapSliderToDB	16	static
../Core/Src/main.c:488:7:mapKnobtoFreq	32	static
../Core/Src/main.c:508:5:main	120	static,ignoring_inline_asm
../Core/Src/main.c:852:6:SystemClock_Config	96	static
../Core/Src/main.c:902:13:MX_ADC1_Init	32	static
../Core/Src/main.c:987:13:MX_DAC1_Init	48	static
../Core/Src/main.c:1031:13:MX_LPUART1_UART_Init	8	static
../Core/Src/main.c:1079:13:MX_SPI1_Init	8	static
../Core/Src/main.c:1119:13:MX_SPI2_Init	8	static
../Core/Src/main.c:1159:13:MX_TIM1_Init	40	static
../Core/Src/main.c:1206:13:MX_TIM2_Init	40	static
../Core/Src/main.c:1251:13:MX_TIM4_Init	64	static
../Core/Src/main.c:1308:13:MX_DMA_Init	16	static
../Core/Src/main.c:1339:13:MX_GPIO_Init	64	static
../Core/Src/main.c:1550:13:ADC_ReadAll_Polling	32	static
../Core/Src/main.c:1568:13:processFFT	12440	static
../Core/Src/main.c:1690:13:read_keypad	96	static
../Core/Src/main.c:1736:13:MIDI_Check	4	static
../Core/Src/main.c:1799:13:protocol_soft_reset	8	static,ignoring_inline_asm
../Core/Src/main.c:1820:6:HAL_GPIO_EXTI_Callback	24	static
../Core/Src/main.c:1837:13:uart_start_header_rx	8	static
../Core/Src/main.c:1843:6:HAL_UART_RxCpltCallback	24	static
../Core/Src/main.c:1972:6:HAL_DAC_ConvHalfCpltCallbackCh1	24	static
../Core/Src/main.c:1983:6:HAL_DAC_ConvCpltCallbackCh1	24	static
../Core/Src/main.c:1994:6:HAL_UART_ErrorCallback	16	static
../Core/Src/main.c:2007:6:Error_Handler	4	static,ignoring_inline_asm
