../Core/Src/main.c:253:6:HAL_TIM_PWM_PulseFinishedHalfCpltCallback	16	static
../Core/Src/main.c:260:6:HAL_TIM_PWM_PulseFinishedCallback	16	static
../Core/Src/main.c:266:6:fft_to_magnitude	48	static
../Core/Src/main.c:283:6:magnitude_to_dB	32	static
../Core/Src/main.c:299:6:EQ_LED_Tick	9232	static
../Core/Src/main.c:338:6:EQ_setGains	48	static
../Core/Src/main.c:381:13:biquad_low_shelf	88	static
../Core/Src/main.c:404:13:biquad_peak	88	static
../Core/Src/main.c:426:13:biquad_high_shelf	88	static
../Core/Src/main.c:449:6:bpf_constant0dB	80	static
../Core/Src/main.c:479:6:processEQ	40	static
../Core/Src/main.c:497:7:mapSliderToDB	16	static
../Core/Src/main.c:503:7:mapKnobtoFreq	32	static
../Core/Src/main.c:522:5:main	24	static
../Core/Src/main.c:623:6:SystemClock_Config	96	static
../Core/Src/main.c:669:13:MX_ADC1_Init	32	static
../Core/Src/main.c:746:13:MX_DAC1_Init	48	static
../Core/Src/main.c:785:13:MX_LPUART1_UART_Init	8	static
../Core/Src/main.c:826:13:MX_SPI1_Init	8	static
../Core/Src/main.c:862:13:MX_SPI2_Init	8	static
../Core/Src/main.c:898:13:MX_TIM1_Init	40	static
../Core/Src/main.c:939:13:MX_TIM2_Init	40	static
../Core/Src/main.c:978:13:MX_TIM4_Init	64	static
../Core/Src/main.c:1027:13:MX_DMA_Init	16	static
../Core/Src/main.c:1055:13:MX_GPIO_Init	64	static
../Core/Src/main.c:1264:13:handle_ctrl_packet	16	static,ignoring_inline_asm
../Core/Src/main.c:1312:13:handle_image_packet	32	static,ignoring_inline_asm
../Core/Src/main.c:1354:13:handle_audio_packet	80	static,ignoring_inline_asm
../Core/Src/main.c:1528:13:handle_text_packet	56	static,ignoring_inline_asm
../Core/Src/main.c:1616:13:handle_button_presses	16	static
../Core/Src/main.c:1642:13:ADC_ReadAll_Polling	32	static
../Core/Src/main.c:1658:13:processFFT	12440	static
../Core/Src/main.c:1787:13:read_keypad	96	static
../Core/Src/main.c:1833:13:MIDI_Check	4	static
../Core/Src/main.c:1920:13:protocol_soft_reset	8	static,ignoring_inline_asm
../Core/Src/main.c:1941:6:HAL_GPIO_EXTI_Callback	32	static
../Core/Src/main.c:1991:13:uart_start_header_rx	8	static
../Core/Src/main.c:1997:6:HAL_UART_RxCpltCallback	24	static
../Core/Src/main.c:2138:6:HAL_DAC_ConvHalfCpltCallbackCh1	24	static
../Core/Src/main.c:2149:6:HAL_DAC_ConvCpltCallbackCh1	24	static
../Core/Src/main.c:2160:6:HAL_UART_ErrorCallback	16	static
../Core/Src/main.c:2173:6:Error_Handler	4	static,ignoring_inline_asm
