../Core/Src/main.c:202:5:main	120	static,ignoring_inline_asm
../Core/Src/main.c:537:6:SystemClock_Config	96	static
../Core/Src/main.c:587:13:MX_ADC1_Init	32	static
../Core/Src/main.c:672:13:MX_DAC1_Init	48	static
../Core/Src/main.c:716:13:MX_LPUART1_UART_Init	8	static
../Core/Src/main.c:764:13:MX_SPI1_Init	8	static
../Core/Src/main.c:804:13:MX_SPI2_Init	8	static
../Core/Src/main.c:844:13:MX_TIM1_Init	40	static
../Core/Src/main.c:891:13:MX_TIM2_Init	40	static
../Core/Src/main.c:934:13:MX_DMA_Init	16	static
../Core/Src/main.c:962:13:MX_GPIO_Init	64	static
../Core/Src/main.c:1189:13:ADC_ReadAll_Polling	16	static
../Core/Src/main.c:1198:13:processFFT	104	static
../Core/Src/main.c:1262:13:read_keypad	96	static
../Core/Src/main.c:1299:13:MIDI_Check	4	static
../Core/Src/main.c:1350:13:protocol_soft_reset	8	static,ignoring_inline_asm
../Core/Src/main.c:1371:6:HAL_GPIO_EXTI_Callback	24	static
../Core/Src/main.c:1388:13:uart_start_header_rx	8	static
../Core/Src/main.c:1394:6:HAL_UART_RxCpltCallback	24	static
../Core/Src/main.c:1523:6:HAL_DAC_ConvHalfCpltCallbackCh1	24	static
../Core/Src/main.c:1534:6:HAL_DAC_ConvCpltCallbackCh1	24	static
../Core/Src/main.c:1545:6:HAL_UART_ErrorCallback	16	static
../Core/Src/main.c:1558:6:Error_Handler	4	static,ignoring_inline_asm
