../Core/Src/main.c:204:21:biquad_run	1
../Core/Src/main.c:220:6:EQ_setGains	1
../Core/Src/main.c:231:13:biquad_low_shelf	1
../Core/Src/main.c:255:13:biquad_peak	1
../Core/Src/main.c:278:13:biquad_high_shelf	1
../Core/Src/main.c:302:6:processEQ	4
../Core/Src/main.c:322:7:mapSliderToDB	1
../Core/Src/main.c:338:5:main	35
../Core/Src/main.c:673:6:SystemClock_Config	4
../Core/Src/main.c:723:13:MX_ADC1_Init	6
../Core/Src/main.c:808:13:MX_DAC1_Init	3
../Core/Src/main.c:852:13:MX_LPUART1_UART_Init	5
../Core/Src/main.c:900:13:MX_SPI1_Init	2
../Core/Src/main.c:940:13:MX_SPI2_Init	2
../Core/Src/main.c:980:13:MX_TIM1_Init	4
../Core/Src/main.c:1027:13:MX_TIM2_Init	4
../Core/Src/main.c:1070:13:MX_DMA_Init	1
../Core/Src/main.c:1098:13:MX_GPIO_Init	1
../Core/Src/main.c:1325:13:ADC_ReadAll_Polling	3
../Core/Src/main.c:1340:13:processFFT	28
../Core/Src/main.c:1462:13:read_keypad	7
../Core/Src/main.c:1508:13:MIDI_Check	9
../Core/Src/main.c:1571:13:protocol_soft_reset	1
../Core/Src/main.c:1592:6:HAL_GPIO_EXTI_Callback	5
../Core/Src/main.c:1609:13:uart_start_header_rx	1
../Core/Src/main.c:1615:6:HAL_UART_RxCpltCallback	23
../Core/Src/main.c:1744:6:HAL_DAC_ConvHalfCpltCallbackCh1	3
../Core/Src/main.c:1755:6:HAL_DAC_ConvCpltCallbackCh1	3
../Core/Src/main.c:1766:6:HAL_UART_ErrorCallback	2
../Core/Src/main.c:1779:6:Error_Handler	1
