../Core/Src/main.c:227:6:EQ_setGains	48	static
../Core/Src/main.c:258:13:biquad_low_shelf	88	static
../Core/Src/main.c:282:13:biquad_peak	88	static
../Core/Src/main.c:305:13:biquad_high_shelf	88	static
../Core/Src/main.c:329:6:bpf_constant0dB	80	static
../Core/Src/main.c:360:6:processEQ	40	static
../Core/Src/main.c:382:7:mapSliderToDB	16	static
../Core/Src/main.c:389:7:mapKnobtoFreq	32	static
../Core/Src/main.c:410:5:main	120	static,ignoring_inline_asm
../Core/Src/main.c:748:6:SystemClock_Config	96	static
../Core/Src/main.c:798:13:MX_ADC1_Init	32	static
../Core/Src/main.c:883:13:MX_DAC1_Init	48	static
../Core/Src/main.c:927:13:MX_LPUART1_UART_Init	8	static
../Core/Src/main.c:975:13:MX_SPI1_Init	8	static
../Core/Src/main.c:1015:13:MX_SPI2_Init	8	static
../Core/Src/main.c:1055:13:MX_TIM1_Init	40	static
../Core/Src/main.c:1102:13:MX_TIM2_Init	40	static
../Core/Src/main.c:1145:13:MX_DMA_Init	16	static
../Core/Src/main.c:1173:13:MX_GPIO_Init	64	static
../Core/Src/main.c:1400:13:ADC_ReadAll_Polling	32	static
../Core/Src/main.c:1418:13:processFFT	12440	static
../Core/Src/main.c:1540:13:read_keypad	96	static
../Core/Src/main.c:1586:13:MIDI_Check	4	static
../Core/Src/main.c:1649:13:protocol_soft_reset	8	static,ignoring_inline_asm
../Core/Src/main.c:1670:6:HAL_GPIO_EXTI_Callback	24	static
../Core/Src/main.c:1687:13:uart_start_header_rx	8	static
../Core/Src/main.c:1693:6:HAL_UART_RxCpltCallback	24	static
../Core/Src/main.c:1822:6:HAL_DAC_ConvHalfCpltCallbackCh1	24	static
../Core/Src/main.c:1833:6:HAL_DAC_ConvCpltCallbackCh1	24	static
../Core/Src/main.c:1844:6:HAL_UART_ErrorCallback	16	static
../Core/Src/main.c:1857:6:Error_Handler	4	static,ignoring_inline_asm
