../Core/Src/main.c:253:6:HAL_TIM_PWM_PulseFinishedHalfCpltCallback	2
../Core/Src/main.c:260:6:HAL_TIM_PWM_PulseFinishedCallback	2
../Core/Src/main.c:266:6:fft_to_magnitude	3
../Core/Src/main.c:283:6:magnitude_to_dB	3
../Core/Src/main.c:299:6:EQ_LED_Tick	5
../Core/Src/main.c:338:6:EQ_setGains	2
../Core/Src/main.c:381:13:biquad_low_shelf	1
../Core/Src/main.c:404:13:biquad_peak	1
../Core/Src/main.c:426:13:biquad_high_shelf	1
../Core/Src/main.c:449:6:bpf_constant0dB	2
../Core/Src/main.c:479:6:processEQ	5
../Core/Src/main.c:497:7:mapSliderToDB	1
../Core/Src/main.c:503:7:mapKnobtoFreq	3
../Core/Src/main.c:522:5:main	3
../Core/Src/main.c:623:6:SystemClock_Config	4
../Core/Src/main.c:669:13:MX_ADC1_Init	6
../Core/Src/main.c:746:13:MX_DAC1_Init	3
../Core/Src/main.c:785:13:MX_LPUART1_UART_Init	5
../Core/Src/main.c:826:13:MX_SPI1_Init	2
../Core/Src/main.c:862:13:MX_SPI2_Init	2
../Core/Src/main.c:898:13:MX_TIM1_Init	4
../Core/Src/main.c:939:13:MX_TIM2_Init	4
../Core/Src/main.c:978:13:MX_TIM4_Init	6
../Core/Src/main.c:1027:13:MX_DMA_Init	1
../Core/Src/main.c:1055:13:MX_GPIO_Init	1
../Core/Src/main.c:1264:13:handle_ctrl_packet	6
../Core/Src/main.c:1312:13:handle_image_packet	5
../Core/Src/main.c:1354:13:handle_audio_packet	28
../Core/Src/main.c:1528:13:handle_text_packet	12
../Core/Src/main.c:1616:13:handle_button_presses	7
../Core/Src/main.c:1642:13:ADC_ReadAll_Polling	3
../Core/Src/main.c:1658:13:processFFT	28
../Core/Src/main.c:1787:13:read_keypad	7
../Core/Src/main.c:1833:13:MIDI_Check	17
../Core/Src/main.c:1920:13:protocol_soft_reset	1
../Core/Src/main.c:1941:6:HAL_GPIO_EXTI_Callback	10
../Core/Src/main.c:1991:13:uart_start_header_rx	1
../Core/Src/main.c:1997:6:HAL_UART_RxCpltCallback	26
../Core/Src/main.c:2138:6:HAL_DAC_ConvHalfCpltCallbackCh1	3
../Core/Src/main.c:2149:6:HAL_DAC_ConvCpltCallbackCh1	3
../Core/Src/main.c:2160:6:HAL_UART_ErrorCallback	2
../Core/Src/main.c:2173:6:Error_Handler	1
