../Core/Src/main.c:261:6:HAL_TIM_PWM_PulseFinishedHalfCpltCallback	16	static
../Core/Src/main.c:268:6:HAL_TIM_PWM_PulseFinishedCallback	16	static
../Core/Src/main.c:274:6:EQ_LED_Tick	16	static
../Core/Src/main.c:317:6:EQ_setGains	48	static
../Core/Src/main.c:360:13:biquad_low_shelf	88	static
../Core/Src/main.c:383:13:biquad_peak	88	static
../Core/Src/main.c:405:13:biquad_high_shelf	88	static
../Core/Src/main.c:428:6:bpf_constant0dB	80	static
../Core/Src/main.c:458:6:processEQ	40	static
../Core/Src/main.c:476:7:mapSliderToDB	16	static
../Core/Src/main.c:482:7:mapKnobtoFreq	32	static
../Core/Src/main.c:501:5:main	24	static
../Core/Src/main.c:605:6:SystemClock_Config	96	static
../Core/Src/main.c:651:13:MX_ADC1_Init	32	static
../Core/Src/main.c:728:13:MX_DAC1_Init	48	static
../Core/Src/main.c:767:13:MX_LPUART1_UART_Init	8	static
../Core/Src/main.c:808:13:MX_SPI1_Init	8	static
../Core/Src/main.c:844:13:MX_SPI2_Init	8	static
../Core/Src/main.c:880:13:MX_TIM1_Init	40	static
../Core/Src/main.c:921:13:MX_TIM2_Init	40	static
../Core/Src/main.c:960:13:MX_TIM4_Init	64	static
../Core/Src/main.c:1009:13:MX_DMA_Init	16	static
../Core/Src/main.c:1037:13:MX_GPIO_Init	64	static
../Core/Src/main.c:1246:13:handle_ctrl_packet	16	static,ignoring_inline_asm
../Core/Src/main.c:1294:13:handle_image_packet	32	static,ignoring_inline_asm
../Core/Src/main.c:1336:13:handle_audio_packet	80	static,ignoring_inline_asm
../Core/Src/main.c:1510:13:handle_text_packet	56	static,ignoring_inline_asm
../Core/Src/main.c:1598:13:handle_button_presses	16	static
../Core/Src/main.c:1624:13:ADC_ReadAll_Polling	32	static
../Core/Src/main.c:1640:13:processFFT	12440	static
../Core/Src/main.c:1769:13:read_keypad	96	static
../Core/Src/main.c:1815:13:MIDI_Check	4	static
../Core/Src/main.c:1878:13:protocol_soft_reset	8	static,ignoring_inline_asm
../Core/Src/main.c:1899:6:HAL_GPIO_EXTI_Callback	32	static
../Core/Src/main.c:1949:13:uart_start_header_rx	8	static
../Core/Src/main.c:1955:6:HAL_UART_RxCpltCallback	24	static
../Core/Src/main.c:2096:6:HAL_DAC_ConvHalfCpltCallbackCh1	24	static
../Core/Src/main.c:2107:6:HAL_DAC_ConvCpltCallbackCh1	24	static
../Core/Src/main.c:2118:6:HAL_UART_ErrorCallback	16	static
../Core/Src/main.c:2131:6:Error_Handler	4	static,ignoring_inline_asm
