../Core/Src/main.c:269:6:HAL_TIM_PWM_PulseFinishedHalfCpltCallback	2
../Core/Src/main.c:278:6:HAL_TIM_PWM_PulseFinishedCallback	2
../Core/Src/main.c:286:6:EQ_LED_Tick	8
../Core/Src/main.c:335:6:EQ_setGains	2
../Core/Src/main.c:366:13:biquad_low_shelf	1
../Core/Src/main.c:390:13:biquad_peak	1
../Core/Src/main.c:413:13:biquad_high_shelf	1
../Core/Src/main.c:437:6:bpf_constant0dB	2
../Core/Src/main.c:468:6:processEQ	5
../Core/Src/main.c:490:7:mapSliderToDB	1
../Core/Src/main.c:497:7:mapKnobtoFreq	3
../Core/Src/main.c:517:5:main	3
../Core/Src/main.c:624:6:SystemClock_Config	4
../Core/Src/main.c:674:13:MX_ADC1_Init	6
../Core/Src/main.c:759:13:MX_DAC1_Init	3
../Core/Src/main.c:803:13:MX_LPUART1_UART_Init	5
../Core/Src/main.c:851:13:MX_SPI1_Init	2
../Core/Src/main.c:891:13:MX_SPI2_Init	2
../Core/Src/main.c:931:13:MX_TIM1_Init	4
../Core/Src/main.c:978:13:MX_TIM2_Init	4
../Core/Src/main.c:1023:13:MX_TIM4_Init	6
../Core/Src/main.c:1080:13:MX_DMA_Init	1
../Core/Src/main.c:1111:13:MX_GPIO_Init	1
../Core/Src/main.c:1322:13:handle_ctrl_packet	6
../Core/Src/main.c:1370:13:handle_image_packet	5
../Core/Src/main.c:1412:13:handle_audio_packet	28
../Core/Src/main.c:1576:13:handle_text_packet	12
../Core/Src/main.c:1668:13:handle_button_presses	7
../Core/Src/main.c:1698:13:ADC_ReadAll_Polling	3
../Core/Src/main.c:1716:13:processFFT	28
../Core/Src/main.c:1838:13:read_keypad	7
../Core/Src/main.c:1884:13:MIDI_Check	9
../Core/Src/main.c:1947:13:protocol_soft_reset	1
../Core/Src/main.c:1968:6:HAL_GPIO_EXTI_Callback	10
../Core/Src/main.c:2021:13:uart_start_header_rx	1
../Core/Src/main.c:2027:6:HAL_UART_RxCpltCallback	26
../Core/Src/main.c:2169:6:HAL_DAC_ConvHalfCpltCallbackCh1	3
../Core/Src/main.c:2180:6:HAL_DAC_ConvCpltCallbackCh1	3
../Core/Src/main.c:2191:6:HAL_UART_ErrorCallback	2
../Core/Src/main.c:2204:6:Error_Handler	1
