../Core/Src/main.c:243:6:HAL_TIM_PWM_PulseFinishedHalfCpltCallback	2
../Core/Src/main.c:252:6:HAL_TIM_PWM_PulseFinishedCallback	2
../Core/Src/main.c:260:6:EQ_LED_Tick	8
../Core/Src/main.c:309:6:EQ_setGains	2
../Core/Src/main.c:340:13:biquad_low_shelf	1
../Core/Src/main.c:364:13:biquad_peak	1
../Core/Src/main.c:387:13:biquad_high_shelf	1
../Core/Src/main.c:411:6:bpf_constant0dB	2
../Core/Src/main.c:442:6:processEQ	5
../Core/Src/main.c:464:7:mapSliderToDB	1
../Core/Src/main.c:471:7:mapKnobtoFreq	3
../Core/Src/main.c:491:5:main	3
../Core/Src/main.c:596:6:SystemClock_Config	4
../Core/Src/main.c:646:13:MX_ADC1_Init	6
../Core/Src/main.c:731:13:MX_DAC1_Init	3
../Core/Src/main.c:775:13:MX_LPUART1_UART_Init	5
../Core/Src/main.c:823:13:MX_SPI1_Init	2
../Core/Src/main.c:863:13:MX_SPI2_Init	2
../Core/Src/main.c:903:13:MX_TIM1_Init	4
../Core/Src/main.c:950:13:MX_TIM2_Init	4
../Core/Src/main.c:995:13:MX_TIM4_Init	6
../Core/Src/main.c:1052:13:MX_DMA_Init	1
../Core/Src/main.c:1083:13:MX_GPIO_Init	1
../Core/Src/main.c:1294:13:handle_ctrl_packet	6
../Core/Src/main.c:1340:13:handle_image_packet	5
../Core/Src/main.c:1382:13:handle_audio_packet	28
../Core/Src/main.c:1549:13:ADC_ReadAll_Polling	3
../Core/Src/main.c:1567:13:processFFT	28
../Core/Src/main.c:1689:13:read_keypad	7
../Core/Src/main.c:1735:13:MIDI_Check	9
../Core/Src/main.c:1798:13:protocol_soft_reset	1
../Core/Src/main.c:1819:6:HAL_GPIO_EXTI_Callback	5
../Core/Src/main.c:1836:13:uart_start_header_rx	1
../Core/Src/main.c:1842:6:HAL_UART_RxCpltCallback	23
../Core/Src/main.c:1971:6:HAL_DAC_ConvHalfCpltCallbackCh1	3
../Core/Src/main.c:1982:6:HAL_DAC_ConvCpltCallbackCh1	3
../Core/Src/main.c:1993:6:HAL_UART_ErrorCallback	2
../Core/Src/main.c:2006:6:Error_Handler	1
