../Core/Src/main.c:269:6:HAL_TIM_PWM_PulseFinishedHalfCpltCallback	16	static
../Core/Src/main.c:278:6:HAL_TIM_PWM_PulseFinishedCallback	16	static
../Core/Src/main.c:286:6:EQ_LED_Tick	16	static
../Core/Src/main.c:335:6:EQ_setGains	48	static
../Core/Src/main.c:366:13:biquad_low_shelf	88	static
../Core/Src/main.c:390:13:biquad_peak	88	static
../Core/Src/main.c:413:13:biquad_high_shelf	88	static
../Core/Src/main.c:437:6:bpf_constant0dB	80	static
../Core/Src/main.c:468:6:processEQ	40	static
../Core/Src/main.c:490:7:mapSliderToDB	16	static
../Core/Src/main.c:497:7:mapKnobtoFreq	32	static
../Core/Src/main.c:517:5:main	24	static
../Core/Src/main.c:624:6:SystemClock_Config	96	static
../Core/Src/main.c:674:13:MX_ADC1_Init	32	static
../Core/Src/main.c:759:13:MX_DAC1_Init	48	static
../Core/Src/main.c:803:13:MX_LPUART1_UART_Init	8	static
../Core/Src/main.c:851:13:MX_SPI1_Init	8	static
../Core/Src/main.c:891:13:MX_SPI2_Init	8	static
../Core/Src/main.c:931:13:MX_TIM1_Init	40	static
../Core/Src/main.c:978:13:MX_TIM2_Init	40	static
../Core/Src/main.c:1023:13:MX_TIM4_Init	64	static
../Core/Src/main.c:1080:13:MX_DMA_Init	16	static
../Core/Src/main.c:1111:13:MX_GPIO_Init	64	static
../Core/Src/main.c:1322:13:handle_ctrl_packet	16	static,ignoring_inline_asm
../Core/Src/main.c:1370:13:handle_image_packet	32	static,ignoring_inline_asm
../Core/Src/main.c:1412:13:handle_audio_packet	80	static,ignoring_inline_asm
../Core/Src/main.c:1576:13:handle_text_packet	56	static,ignoring_inline_asm
../Core/Src/main.c:1668:13:handle_button_presses	16	static
../Core/Src/main.c:1698:13:ADC_ReadAll_Polling	32	static
../Core/Src/main.c:1716:13:processFFT	12440	static
../Core/Src/main.c:1838:13:read_keypad	96	static
../Core/Src/main.c:1884:13:MIDI_Check	4	static
../Core/Src/main.c:1947:13:protocol_soft_reset	8	static,ignoring_inline_asm
../Core/Src/main.c:1968:6:HAL_GPIO_EXTI_Callback	32	static
../Core/Src/main.c:2021:13:uart_start_header_rx	8	static
../Core/Src/main.c:2027:6:HAL_UART_RxCpltCallback	24	static
../Core/Src/main.c:2169:6:HAL_DAC_ConvHalfCpltCallbackCh1	24	static
../Core/Src/main.c:2180:6:HAL_DAC_ConvCpltCallbackCh1	24	static
../Core/Src/main.c:2191:6:HAL_UART_ErrorCallback	16	static
../Core/Src/main.c:2204:6:Error_Handler	4	static,ignoring_inline_asm
