../Core/Src/main.c:261:6:HAL_TIM_PWM_PulseFinishedHalfCpltCallback	2
../Core/Src/main.c:268:6:HAL_TIM_PWM_PulseFinishedCallback	2
../Core/Src/main.c:274:6:EQ_LED_Tick	8
../Core/Src/main.c:317:6:EQ_setGains	2
../Core/Src/main.c:360:13:biquad_low_shelf	1
../Core/Src/main.c:383:13:biquad_peak	1
../Core/Src/main.c:405:13:biquad_high_shelf	1
../Core/Src/main.c:428:6:bpf_constant0dB	2
../Core/Src/main.c:458:6:processEQ	5
../Core/Src/main.c:476:7:mapSliderToDB	1
../Core/Src/main.c:482:7:mapKnobtoFreq	3
../Core/Src/main.c:501:5:main	3
../Core/Src/main.c:605:6:SystemClock_Config	4
../Core/Src/main.c:651:13:MX_ADC1_Init	6
../Core/Src/main.c:728:13:MX_DAC1_Init	3
../Core/Src/main.c:767:13:MX_LPUART1_UART_Init	5
../Core/Src/main.c:808:13:MX_SPI1_Init	2
../Core/Src/main.c:844:13:MX_SPI2_Init	2
../Core/Src/main.c:880:13:MX_TIM1_Init	4
../Core/Src/main.c:921:13:MX_TIM2_Init	4
../Core/Src/main.c:960:13:MX_TIM4_Init	6
../Core/Src/main.c:1009:13:MX_DMA_Init	1
../Core/Src/main.c:1037:13:MX_GPIO_Init	1
../Core/Src/main.c:1246:13:handle_ctrl_packet	6
../Core/Src/main.c:1294:13:handle_image_packet	5
../Core/Src/main.c:1336:13:handle_audio_packet	28
../Core/Src/main.c:1510:13:handle_text_packet	12
../Core/Src/main.c:1598:13:handle_button_presses	7
../Core/Src/main.c:1624:13:ADC_ReadAll_Polling	3
../Core/Src/main.c:1640:13:processFFT	28
../Core/Src/main.c:1769:13:read_keypad	7
../Core/Src/main.c:1815:13:MIDI_Check	9
../Core/Src/main.c:1878:13:protocol_soft_reset	1
../Core/Src/main.c:1899:6:HAL_GPIO_EXTI_Callback	10
../Core/Src/main.c:1949:13:uart_start_header_rx	1
../Core/Src/main.c:1955:6:HAL_UART_RxCpltCallback	26
../Core/Src/main.c:2096:6:HAL_DAC_ConvHalfCpltCallbackCh1	3
../Core/Src/main.c:2107:6:HAL_DAC_ConvCpltCallbackCh1	3
../Core/Src/main.c:2118:6:HAL_UART_ErrorCallback	2
../Core/Src/main.c:2131:6:Error_Handler	1
