../Core/Src/main.c:243:6:HAL_TIM_PWM_PulseFinishedHalfCpltCallback	16	static
../Core/Src/main.c:252:6:HAL_TIM_PWM_PulseFinishedCallback	16	static
../Core/Src/main.c:260:6:EQ_LED_Tick	16	static
../Core/Src/main.c:309:6:EQ_setGains	48	static
../Core/Src/main.c:340:13:biquad_low_shelf	88	static
../Core/Src/main.c:364:13:biquad_peak	88	static
../Core/Src/main.c:387:13:biquad_high_shelf	88	static
../Core/Src/main.c:411:6:bpf_constant0dB	80	static
../Core/Src/main.c:442:6:processEQ	40	static
../Core/Src/main.c:464:7:mapSliderToDB	16	static
../Core/Src/main.c:471:7:mapKnobtoFreq	32	static
../Core/Src/main.c:491:5:main	24	static
../Core/Src/main.c:596:6:SystemClock_Config	96	static
../Core/Src/main.c:646:13:MX_ADC1_Init	32	static
../Core/Src/main.c:731:13:MX_DAC1_Init	48	static
../Core/Src/main.c:775:13:MX_LPUART1_UART_Init	8	static
../Core/Src/main.c:823:13:MX_SPI1_Init	8	static
../Core/Src/main.c:863:13:MX_SPI2_Init	8	static
../Core/Src/main.c:903:13:MX_TIM1_Init	40	static
../Core/Src/main.c:950:13:MX_TIM2_Init	40	static
../Core/Src/main.c:995:13:MX_TIM4_Init	64	static
../Core/Src/main.c:1052:13:MX_DMA_Init	16	static
../Core/Src/main.c:1083:13:MX_GPIO_Init	64	static
../Core/Src/main.c:1294:13:handle_ctrl_packet	16	static,ignoring_inline_asm
../Core/Src/main.c:1340:13:handle_image_packet	32	static,ignoring_inline_asm
../Core/Src/main.c:1382:13:handle_audio_packet	80	static,ignoring_inline_asm
../Core/Src/main.c:1549:13:ADC_ReadAll_Polling	32	static
../Core/Src/main.c:1567:13:processFFT	12440	static
../Core/Src/main.c:1689:13:read_keypad	96	static
../Core/Src/main.c:1735:13:MIDI_Check	4	static
../Core/Src/main.c:1798:13:protocol_soft_reset	8	static,ignoring_inline_asm
../Core/Src/main.c:1819:6:HAL_GPIO_EXTI_Callback	24	static
../Core/Src/main.c:1836:13:uart_start_header_rx	8	static
../Core/Src/main.c:1842:6:HAL_UART_RxCpltCallback	24	static
../Core/Src/main.c:1971:6:HAL_DAC_ConvHalfCpltCallbackCh1	24	static
../Core/Src/main.c:1982:6:HAL_DAC_ConvCpltCallbackCh1	24	static
../Core/Src/main.c:1993:6:HAL_UART_ErrorCallback	16	static
../Core/Src/main.c:2006:6:Error_Handler	4	static,ignoring_inline_asm
