../Core/Src/main.c:237:6:HAL_TIM_PWM_PulseFinishedHalfCpltCallback	2
../Core/Src/main.c:246:6:HAL_TIM_PWM_PulseFinishedCallback	2
../Core/Src/main.c:254:6:EQ_LED_Tick	8
../Core/Src/main.c:301:6:EQ_setGains	2
../Core/Src/main.c:332:13:biquad_low_shelf	1
../Core/Src/main.c:356:13:biquad_peak	1
../Core/Src/main.c:379:13:biquad_high_shelf	1
../Core/Src/main.c:403:6:bpf_constant0dB	2
../Core/Src/main.c:434:6:processEQ	5
../Core/Src/main.c:456:7:mapSliderToDB	1
../Core/Src/main.c:463:7:mapKnobtoFreq	3
../Core/Src/main.c:483:5:main	36
../Core/Src/main.c:829:6:SystemClock_Config	4
../Core/Src/main.c:879:13:MX_ADC1_Init	6
../Core/Src/main.c:964:13:MX_DAC1_Init	3
../Core/Src/main.c:1008:13:MX_LPUART1_UART_Init	5
../Core/Src/main.c:1056:13:MX_SPI1_Init	2
../Core/Src/main.c:1096:13:MX_SPI2_Init	2
../Core/Src/main.c:1136:13:MX_TIM1_Init	4
../Core/Src/main.c:1183:13:MX_TIM2_Init	4
../Core/Src/main.c:1228:13:MX_TIM4_Init	6
../Core/Src/main.c:1285:13:MX_DMA_Init	1
../Core/Src/main.c:1316:13:MX_GPIO_Init	1
../Core/Src/main.c:1527:13:ADC_ReadAll_Polling	3
../Core/Src/main.c:1545:13:processFFT	28
../Core/Src/main.c:1667:13:read_keypad	7
../Core/Src/main.c:1713:13:MIDI_Check	9
../Core/Src/main.c:1776:13:protocol_soft_reset	1
../Core/Src/main.c:1797:6:HAL_GPIO_EXTI_Callback	5
../Core/Src/main.c:1814:13:uart_start_header_rx	1
../Core/Src/main.c:1820:6:HAL_UART_RxCpltCallback	23
../Core/Src/main.c:1949:6:HAL_DAC_ConvHalfCpltCallbackCh1	3
../Core/Src/main.c:1960:6:HAL_DAC_ConvCpltCallbackCh1	3
../Core/Src/main.c:1971:6:HAL_UART_ErrorCallback	2
../Core/Src/main.c:1984:6:Error_Handler	1
